Microchip MPLAB XC8 Compiler V1.30 ()

Linker command line:

--edf=C:\Program Files\Microchip\xc8\v1.30\dat\en_msgs.txt -cs \
  -h+dist/UseXC8/debug\PIC_Framework_3.X.debug.sym \
  --cmf=dist/UseXC8/debug\PIC_Framework_3.X.debug.cmf -z -Q18F45J10 \
  -oC:\Users\ECE4534\AppData\Local\Temp\s4bo.6 \
  -Mdist/UseXC8/debug/PIC_Framework_3.X.debug.map -E1 -ver=XC8 \
  -ASTACK=023Eh-03f3h -pstack=STACK -ACODE=00h-07DB7h -ACONST=00h-07DB7h \
  -ASMALLCONST=0400h-04FFhx121,07D00h-07DB7h -AMEDIUMCONST=0400h-07DB7h \
  -ACOMRAM=01h-07Fh -AABS1=00h-03F3h -ABIGRAM=01h-03F3h \
  -ARAM=080h-0FFh,0100h-01FFhx2,0300h-03F3h -ABANK0=080h-0FFh \
  -ABANK1=0100h-01FFh -ABANK2=0200h-02FFh -ABANK3=0300h-03F3h \
  -ASFR=0F80h-0FFFh \
  -preset_vec=00h,intcode=08h,intcodelo=018h,powerup,init,end_init \
  -pramtop=0400h -psmallconst=SMALLCONST -pmediumconst=MEDIUMCONST \
  -pconst=CONST -AFARRAM=00h-00h -ACONFIG=07FF8h-07FFDh -pconfig=CONFIG \
  -pjflash_buffer=07800h \
  -prdata=COMRAM,nvrram=COMRAM,nvbit=COMRAM,rbss=COMRAM,rbit=COMRAM \
  -pfarbss=FARRAM,fardata=FARRAM,nvFARRAM=FARRAM \
  -pintsave_regs=BIGRAM,bigbss=BIGRAM,bigdata=BIGRAM -pbss=RAM \
  -pidata=CODE,irdata=CODE,ibigdata=CODE,ifardata=CODE \
  C:\Users\ECE4534\AppData\Local\Temp\s4bo.obj \
  dist/UseXC8/debug\PIC_Framework_3.X.debug.obj 

Object code version is 3.11

Machine type is 18F45J10

Call graph: (short form)




                Name                               Link     Load   Length Selector   Space Scale
C:\Users\ECE4534\AppData\Local\Temp\s4bo.obj
                end_init                             B6       B6        4        C       0
                reset_vec                             0        0        6        0       0
                config                             7FF8     7FF8        6     7FF8       0
dist/UseXC8/debug\PIC_Framework_3.X.debug.obj
                intcodelo                            18       18       9E        C       0
                intcode                               8        8        C        4       0
                text44                             1374     1374        6      9B0       0
                text43                             1268     1268       24        C       0
                text42                             1360     1360        C      9B0       0
                text41                             119A     119A       2E        C       0
                text40                              F56      F56       4E        C       0
                text39                             10B2     10B2       40        C       0
                text38                              9C2      9C2       AA        C       0
                text37                             1242     1242       26        C       0
                text36                              A6C      A6C       98        C       0
                text35                              906      906       BC        C       0
                text34                             10F2     10F2       3A        C       0
                text33                               BA       BA      428        C       0
                text32                             1340     1340       12        C       0
                text31                             12BC     12BC       16        C       0
                intcode_body                        C24      C24       82        C       0
                text29                             132E     132E       12        C       0
                text28                             128C     128C       1A        C       0
                text27                             12D2     12D2       14        C       0
                text26                              B96      B96       8E        C       0
                text24                             11C8     11C8       2A        C       0
                text23                             112C     112C       38        C       0
                text22                              B04      B04       92        C       0
                text21                              E0C      E0C       5E        C       0
                text20                              6EE      6EE      136        C       0
                text19                             1070     1070       42        C       0
                text18                             102E     102E       42        C       0
                text17                             131C     131C       12        C       0
                text16                             12A6     12A6       16        C       0
                text15                             1164     1164       36        C       0
                text14                             130A     130A       12        C       0
                text13                              FA4      FA4       46        C       0
                text12                              FEA      FEA       44        C       0
                text11                              CA6      CA6       7E        C       0
                text10                             136C     136C        8      9B0       0
                text9                              121A     121A       28        C       0
                text8                               F08      F08       4E        C       0
                text7                               D24      D24       7A        C       0
                text6                               D9E      D9E       6E        C       0
                text5                              12F8     12F8       12        C       0
                text4                              11F2     11F2       28        C       0
                text3                              12E6     12E6       12        C       0
                text2                               824      824       E2        C       0
                text1                               E6A      E6A       50        C       0
                text0                               4E2      4E2      20C        C       0
                cstackCOMRAM                          1        1       3A        1       1
                cstackBANK0                          80       80       2C       80       1
                cstackBANK2                         200      200       3E      200       1
                bssBANK1                            100      100       D8      100       1
                bssBANK0                             AC       AC       16       80       1
                dataCOMRAM                           55       55        D        1       1
                bssCOMRAM                            3B       3B       1A        1       1
                cinit                               EBA      EBA       4E        C       0
                nvBANK0                              C2       C2        2       80       1
                nvCOMRAM                             62       62        2        1       1
                idataCOMRAM                        1352     1352        D        C       0

TOTAL           Name                               Link     Load   Length     Space
        CLASS   STACK          

        CLASS   CODE           
                end_init                             B6       B6        4         0
                intcodelo                            18       18       9E         0
                intcode                               8        8        C         0
                reset_vec                             0        0        6         0
                text44                             1374     1374        6         0
                text43                             1268     1268       24         0
                text42                             1360     1360        C         0
                text41                             119A     119A       2E         0
                text40                              F56      F56       4E         0
                text39                             10B2     10B2       40         0
                text38                              9C2      9C2       AA         0
                text37                             1242     1242       26         0
                text36                              A6C      A6C       98         0
                text35                              906      906       BC         0
                text34                             10F2     10F2       3A         0
                text33                               BA       BA      428         0
                text32                             1340     1340       12         0
                text31                             12BC     12BC       16         0
                intcode_body                        C24      C24       82         0
                text29                             132E     132E       12         0
                text28                             128C     128C       1A         0
                text27                             12D2     12D2       14         0
                text26                              B96      B96       8E         0
                text24                             11C8     11C8       2A         0
                text23                             112C     112C       38         0
                text22                              B04      B04       92         0
                text21                              E0C      E0C       5E         0
                text20                              6EE      6EE      136         0
                text19                             1070     1070       42         0
                text18                             102E     102E       42         0
                text17                             131C     131C       12         0
                text16                             12A6     12A6       16         0
                text15                             1164     1164       36         0
                text14                             130A     130A       12         0
                text13                              FA4      FA4       46         0
                text12                              FEA      FEA       44         0
                text11                              CA6      CA6       7E         0
                text10                             136C     136C        8         0
                text9                              121A     121A       28         0
                text8                               F08      F08       4E         0
                text7                               D24      D24       7A         0
                text6                               D9E      D9E       6E         0
                text5                              12F8     12F8       12         0
                text4                              11F2     11F2       28         0
                text3                              12E6     12E6       12         0
                text2                               824      824       E2         0
                text1                               E6A      E6A       50         0
                text0                               4E2      4E2      20C         0
                cinit                               EBA      EBA       4E         0
                idataCOMRAM                        1352     1352        D         0

        CLASS   CONST          

        CLASS   SMALLCONST     

        CLASS   MEDIUMCONST    

        CLASS   COMRAM         
                cstackCOMRAM                          1        1       3A         1
                dataCOMRAM                           55       55        D         1
                bssCOMRAM                            3B       3B       1A         1
                nvCOMRAM                             62       62        2         1

        CLASS   ABS1           

        CLASS   BIGRAM         

        CLASS   RAM            

        CLASS   BANK0          
                cstackBANK0                          80       80       2C         1
                bssBANK0                             AC       AC       16         1
                nvBANK0                              C2       C2        2         1

        CLASS   BANK1          
                bssBANK1                            100      100       D8         1

        CLASS   BANK2          
                cstackBANK2                         200      200       3E         1

        CLASS   BANK3          

        CLASS   SFR            

        CLASS   FARRAM         

        CLASS   CONFIG         
                config                             7FF8     7FF8        6         0

        CLASS   IDLOC          



SEGMENTS        Name                           Load    Length   Top    Selector   Space  Class

                reset_vec                      000000  000006  000006         0       0  CODE    
                cstackCOMRAM                   000001  000063  000064         1       1  COMRAM  
                intcode                        000008  00000C  000014         4       0  CODE    
                intcodelo                      000018  001347  00135F         C       0  CODE    
                cstackBANK0                    000080  000044  0000C4        80       1  BANK0   
                bssBANK1                       000100  0000D8  0001D8       100       1  BANK1   
                cstackBANK2                    000200  00003E  00023E       200       1  BANK2   
                text42                         001360  00001A  00137A       9B0       0  CODE    
                config                         007FF8  000006  007FFE      7FF8       0  CONFIG  


UNUSED ADDRESS RANGES

        Name                Unused          Largest block    Delta
        BANK0            000C4-000FF              3C
        BANK1            001D8-001FF              28
        BANK2            0023E-002FF              C2
        BANK3            00300-003F3              F4
        BIGRAM           00064-0007F              1C
                         000C4-000FF              3C
                         001D8-001FF              28
                         0023E-003F3             1B6
        CODE             00006-00007               2
                         00014-00017               4
                         0135F-0135F               1
                         0137A-07DB7            6A3E
        COMRAM           00064-0007F              1C
        CONST            00006-00007               2
                         00014-00017               4
                         0135F-0135F               1
                         0137A-07DB7            6A3E
        MEDIUMCONST      0135F-0135F               1
                         0137A-07DB7            6A3E
        RAM              000C4-000FF              3C
                         001D8-001FF              28
                         0023E-003F3              C2
        SFR              00F80-00FFF              80
        SMALLCONST       0135F-0135F               1
                         0137A-07DB7             100
        STACK            0023E-003F3             1B6

                                  Symbol Table

?_in_high_int                   cstackBANK0   0008E
?_in_low_int                    cstackBANK0   00090
?_in_main                       cstackBANK0   00092
?i2_in_high_int                 cstackCOMRAM  00016
?i2_in_low_int                  cstackCOMRAM  00018
Delay1KTCYx@unit                cstackBANK0   0008E
OpenTimer0@config               cstackBANK0   0008E
OpenTimer1@config               cstackBANK0   0008E
OpenUSART@config                cstackBANK0   00093
OpenUSART@spbrg                 cstackBANK0   0008E
ToMainHigh_recvmsg@data         cstackBANK0   000A8
ToMainHigh_recvmsg@maxlength    cstackBANK0   000AA
ToMainHigh_recvmsg@msgtype      cstackBANK0   000A6
ToMainHigh_sendmsg@data         cstackCOMRAM  0002D
ToMainHigh_sendmsg@length       cstackCOMRAM  0002F
ToMainHigh_sendmsg@msgtype      cstackCOMRAM  0002C
ToMainLow_recvmsg@data          cstackBANK0   000A8
ToMainLow_recvmsg@maxlength     cstackBANK0   000AA
ToMainLow_recvmsg@msgtype       cstackBANK0   000A6
WriteTimer0@timer               cstackCOMRAM  00018
WriteTimer0@timer0              cstackCOMRAM  00016
WriteTimer1@timer               cstackBANK0   00090
WriteTimer1@timer1              cstackBANK0   0008E
WriteUSART@data                 cstackCOMRAM  00001
_BAUDCONbits                    (abs)         00FB8
_Delay1KTCYx                    text16        012A6
_FromMainHigh_MQ                bssBANK1      00100
_FromMainLow_MQ                 bssBANK1      00136
_INTCONbits                     (abs)         00FF2
_IPR1bits                       (abs)         00F9F
_InterruptHandlerHigh           intcode       00008
_InterruptHandlerLow            intcodelo     00018
_LATCbits                       (abs)         00F8B
_MQ_Main_Willing_to_block       bssCOMRAM     0004B
_OSCCON                         (abs)         00FD3
_OSCCONbits                     (abs)         00FD3
_OSCTUNEbits                    (abs)         00F9B
_OpenTimer0                     text24        011C8
_OpenTimer1                     text23        0112C
_OpenUSART                      text22        00B04
_PIE1bits                       (abs)         00F9D
_PIR1bits                       (abs)         00F9E
_PORTB                          (abs)         00F81
_RCONbits                       (abs)         00FD0
_RCSTA                          (abs)         00FAB
_RCSTAbits                      (abs)         00FAB
_SPBRG                          (abs)         00FAF
_SPBRGH                         (abs)         00FB0
_SSPADD                         (abs)         00FC8
_SSPBUF                         (abs)         00FC9
_SSPCON1                        (abs)         00FC6
_SSPCON1bits                    (abs)         00FC6
_SSPCON2                        (abs)         00FC5
_SSPCON2bits                    (abs)         00FC5
_SSPSTAT                        (abs)         00FC7
_SSPSTATbits                    (abs)         00FC7
_SleepIfOkay                    text40        00F56
_T0CON                          (abs)         00FD5
_T0CONbits                      (abs)         00FD5
_T1CON                          (abs)         00FCD
_T1CONbits                      (abs)         00FCD
_TMR0H                          (abs)         00FD7
_TMR0L                          (abs)         00FD6
_TMR1H                          (abs)         00FCF
_TMR1L                          (abs)         00FCE
_TRISCbits                      (abs)         00F94
_TXREG                          (abs)         00FAD
_TXSTA                          (abs)         00FAC
_TXSTAbits                      (abs)         00FAC
_ToMainHigh_MQ                  bssBANK1      0016C
_ToMainHigh_recvmsg             text19        01070
_ToMainHigh_sendmsg             text37        01242
_ToMainLow_MQ                   bssBANK1      001A2
_ToMainLow_recvmsg              text18        0102E
_USART_Status                   bssCOMRAM     0004C
_WriteTimer0                    text32        01340
_WriteTimer1                    text17        0131C
_WriteUSART                     text27        012D2
__CFG_CCP2MX$DEFAULT            (abs)         00000
__CFG_CP0$OFF                   (abs)         00000
__CFG_FCMEN$ON                  (abs)         00000
__CFG_FOSC$HSPLL                (abs)         00000
__CFG_FOSC2$ON                  (abs)         00000
__CFG_IESO$ON                   (abs)         00000
__CFG_STVREN$OFF                (abs)         00000
__CFG_WDTEN$OFF                 (abs)         00000
__CFG_WDTPS$32768               (abs)         00000
__CFG_XINST$OFF                 (abs)         00000
__HRAM                          (abs)         00000
__Habs1                         abs1          00000
__Hbank0                        bank0         00000
__Hbank1                        bank1         00000
__Hbank2                        bank2         00000
__Hbank3                        bank3         00000
__Hbigbss                       bigbss        00000
__Hbigdata                      bigdata       00000
__Hbigram                       bigram        00000
__Hbss                          bss           00000
__HbssBANK0                     bssBANK0      00000
__HbssBANK1                     bssBANK1      00000
__HbssCOMRAM                    bssCOMRAM     00000
__Hcinit                        cinit         00000
__Hclrtext                      clrtext       00000
__Hcomram                       comram        00000
__Hconfig                       config        07FFE
__Hconst                        const         00000
__HcstackBANK0                  cstackBANK0   00000
__HcstackBANK2                  cstackBANK2   00000
__HcstackCOMRAM                 cstackCOMRAM  00000
__Hdata                         data          00000
__HdataCOMRAM                   dataCOMRAM    00000
__Hend_init                     end_init      000BA
__Hfarbss                       farbss        00000
__Hfardata                      fardata       00000
__Hibigdata                     ibigdata      00000
__Hidata                        idata         00000
__HidataCOMRAM                  idataCOMRAM   00000
__Hidloc                        idloc         00000
__Hifardata                     ifardata      00000
__Hinit                         init          000B6
__Hintcode                      intcode       00014
__Hintcode_body                 intcode_body  00000
__Hintcodelo                    intcodelo     000B6
__Hintentry                     intentry      00000
__Hintret                       intret        00000
__Hintsave_regs                 intsave_regs  00000
__Hirdata                       irdata        00000
__Hjflash_buffer                jflash_buffer 07800
__Hmediumconst                  mediumconst   00000
__HnvBANK0                      nvBANK0       00000
__HnvCOMRAM                     nvCOMRAM      00000
__HnvFARRAM                     nvFARRAM      00000
__Hnvbit                        nvbit         00000
__Hnvrram                       nvrram        00000
__Hparam                        rparam        00000
__Hpowerup                      powerup       000B6
__Hram                          ram           00000
__Hramtop                       ramtop        00400
__Hrbit                         rbit          00000
__Hrbss                         rbss          00000
__Hrdata                        rdata         00000
__Hreset_vec                    reset_vec     00006
__Hrparam                       rparam        00000
__Hsfr                          sfr           00000
__Hsmallconst                   smallconst    00000
__Hstack                        stack         00000
__Hstruct                       struct        00000
__Htemp                         temp          00000
__Htext                         text          00000
__Htext0                        text0         00000
__Htext1                        text1         00000
__Htext10                       text10        00000
__Htext11                       text11        00000
__Htext12                       text12        00000
__Htext13                       text13        00000
__Htext14                       text14        00000
__Htext15                       text15        00000
__Htext16                       text16        00000
__Htext17                       text17        00000
__Htext18                       text18        00000
__Htext19                       text19        00000
__Htext2                        text2         00000
__Htext20                       text20        00000
__Htext21                       text21        00000
__Htext22                       text22        00000
__Htext23                       text23        00000
__Htext24                       text24        00000
__Htext26                       text26        00000
__Htext27                       text27        00000
__Htext28                       text28        00000
__Htext29                       text29        00000
__Htext3                        text3         00000
__Htext31                       text31        00000
__Htext32                       text32        00000
__Htext33                       text33        00000
__Htext34                       text34        00000
__Htext35                       text35        00000
__Htext36                       text36        00000
__Htext37                       text37        00000
__Htext38                       text38        00000
__Htext39                       text39        00000
__Htext4                        text4         00000
__Htext40                       text40        00000
__Htext41                       text41        00000
__Htext42                       text42        00000
__Htext43                       text43        00000
__Htext44                       text44        00000
__Htext5                        text5         00000
__Htext6                        text6         00000
__Htext7                        text7         00000
__Htext8                        text8         00000
__Htext9                        text9         00000
__LRAM                          (abs)         00001
__Labs1                         abs1          00000
__Lbank0                        bank0         00000
__Lbank1                        bank1         00000
__Lbank2                        bank2         00000
__Lbank3                        bank3         00000
__Lbigbss                       bigbss        00000
__Lbigdata                      bigdata       00000
__Lbigram                       bigram        00000
__Lbss                          bss           00000
__LbssBANK0                     bssBANK0      00000
__LbssBANK1                     bssBANK1      00000
__LbssCOMRAM                    bssCOMRAM     00000
__Lcinit                        cinit         00000
__Lclrtext                      clrtext       00000
__Lcomram                       comram        00000
__Lconfig                       config        07FF8
__Lconst                        const         00000
__LcstackBANK0                  cstackBANK0   00000
__LcstackBANK2                  cstackBANK2   00000
__LcstackCOMRAM                 cstackCOMRAM  00000
__Ldata                         data          00000
__LdataCOMRAM                   dataCOMRAM    00000
__Lend_init                     end_init      000B6
__Lfarbss                       farbss        00000
__Lfardata                      fardata       00000
__Libigdata                     ibigdata      00000
__Lidata                        idata         00000
__LidataCOMRAM                  idataCOMRAM   00000
__Lidloc                        idloc         00000
__Lifardata                     ifardata      00000
__Linit                         init          000B6
__Lintcode                      intcode       00008
__Lintcode_body                 intcode_body  00000
__Lintcodelo                    intcodelo     00018
__Lintentry                     intentry      00000
__Lintret                       intret        00000
__Lintsave_regs                 intsave_regs  00000
__Lirdata                       irdata        00000
__Ljflash_buffer                jflash_buffer 07800
__Lmediumconst                  mediumconst   00000
__LnvBANK0                      nvBANK0       00000
__LnvCOMRAM                     nvCOMRAM      00000
__LnvFARRAM                     nvFARRAM      00000
__Lnvbit                        nvbit         00000
__Lnvrram                       nvrram        00000
__Lparam                        rparam        00000
__Lpowerup                      powerup       000B6
__Lram                          ram           00000
__Lramtop                       ramtop        00400
__Lrbit                         rbit          00000
__Lrbss                         rbss          00000
__Lrdata                        rdata         00000
__Lreset_vec                    reset_vec     00000
__Lrparam                       rparam        00000
__Lsfr                          sfr           00000
__Lsmallconst                   smallconst    00000
__Lstack                        stack         00000
__Lstruct                       struct        00000
__Ltemp                         temp          00000
__Ltext                         text          00000
__Ltext0                        text0         00000
__Ltext1                        text1         00000
__Ltext10                       text10        00000
__Ltext11                       text11        00000
__Ltext12                       text12        00000
__Ltext13                       text13        00000
__Ltext14                       text14        00000
__Ltext15                       text15        00000
__Ltext16                       text16        00000
__Ltext17                       text17        00000
__Ltext18                       text18        00000
__Ltext19                       text19        00000
__Ltext2                        text2         00000
__Ltext20                       text20        00000
__Ltext21                       text21        00000
__Ltext22                       text22        00000
__Ltext23                       text23        00000
__Ltext24                       text24        00000
__Ltext26                       text26        00000
__Ltext27                       text27        00000
__Ltext28                       text28        00000
__Ltext29                       text29        00000
__Ltext3                        text3         00000
__Ltext31                       text31        00000
__Ltext32                       text32        00000
__Ltext33                       text33        00000
__Ltext34                       text34        00000
__Ltext35                       text35        00000
__Ltext36                       text36        00000
__Ltext37                       text37        00000
__Ltext38                       text38        00000
__Ltext39                       text39        00000
__Ltext4                        text4         00000
__Ltext40                       text40        00000
__Ltext41                       text41        00000
__Ltext42                       text42        00000
__Ltext43                       text43        00000
__Ltext44                       text44        00000
__Ltext5                        text5         00000
__Ltext6                        text6         00000
__Ltext7                        text7         00000
__Ltext8                        text8         00000
__Ltext9                        text9         00000
__S0                            (abs)         07FFE
__S1                            (abs)         0023E
__S2                            (abs)         00000
___extmem_base                  (abs)         20000
___inthi_sp                     stack         00000
___intlo_sp                     stack         00000
___sp                           stack         00000
__accesstop                     (abs)         00080
__activetblptr                  (abs)         00002
__end_of_Delay1KTCYx            text16        012BC
__end_of_InterruptHandlerHigh   intcode_body  00CA6
__end_of_InterruptHandlerLow    intcodelo     000B6
__end_of_OpenTimer0             text24        011F2
__end_of_OpenTimer1             text23        01164
__end_of_OpenUSART              text22        00B96
__end_of_SleepIfOkay            text40        00FA4
__end_of_ToMainHigh_recvmsg     text19        010B2
__end_of_ToMainHigh_sendmsg     text37        01268
__end_of_ToMainLow_recvmsg      text18        01070
__end_of_WriteTimer0            text32        01352
__end_of_WriteTimer1            text17        0132E
__end_of_WriteUSART             text27        012E6
__end_of__initialization        cinit         00EFE
__end_of_block_on_To_msgqueues  text11        00D24
__end_of_check_msg              text15        0119A
__end_of_enable_interrupts      text10        01374
__end_of_enter_sleep_mode       text44        0137A
__end_of_handle_start           text36        00B04
__end_of_i2c_configure_slave    text9         01242
__end_of_i2c_int_handler        text33        004E2
__end_of_in_high_int            text14        0131C
__end_of_in_low_int             text13        00FEA
__end_of_in_main                text12        0102E
__end_of_init_i2c               text8         00F56
__end_of_init_queue             text7         00D9E
__end_of_init_queues            text6         00E0C
__end_of_init_timer1_lthread    text5         0130A
__end_of_init_uart_recv         text4         0121A
__end_of_main                   text0         006EE
__end_of_memcpy                 text21        00E6A
__end_of_readMessages           text34        0112C
__end_of_recv_msg               text20        00824
__end_of_send_msg               text38        00A6C
__end_of_start_i2c_slave_reply  text35        009C2
__end_of_timer0_int_handler     text31        012D2
__end_of_timer0_lthread         text3         012F8
__end_of_timer1_int_handler     text28        012A6
__end_of_uart_lthread           text1         00EBA
__end_of_uart_retrieve_buffer   text2         00906
__end_of_uart_send_int_handler  text26        00C24
__end_ofi1_WriteTimer1          text29        01340
__end_ofi2_check_msg            text43        0128C
__end_ofi2_in_high_int          text42        0136C
__end_ofi2_in_low_int           text41        011C8
__end_ofi2_memcpy               text39        010F2
__initialization                cinit         00EBA
__mediumconst                   mediumconst   00000
__pbssBANK0                     bssBANK0      000AC
__pbssBANK1                     bssBANK1      00100
__pbssCOMRAM                    bssCOMRAM     0003B
__pcinit                        cinit         00EBA
__pcstackBANK0                  cstackBANK0   00080
__pcstackBANK2                  cstackBANK2   00200
__pcstackCOMRAM                 cstackCOMRAM  00001
__pdataCOMRAM                   dataCOMRAM    00055
__pidataCOMRAM                  idataCOMRAM   01352
__pintcode                      intcode       00008
__pintcode_body                 intcode_body  00C24
__pintcodelo                    intcodelo     00018
__pnvBANK0                      nvBANK0       000C2
__pnvCOMRAM                     nvCOMRAM      00062
__ptext0                        text0         004E2
__ptext1                        text1         00E6A
__ptext10                       text10        0136C
__ptext11                       text11        00CA6
__ptext12                       text12        00FEA
__ptext13                       text13        00FA4
__ptext14                       text14        0130A
__ptext15                       text15        01164
__ptext16                       text16        012A6
__ptext17                       text17        0131C
__ptext18                       text18        0102E
__ptext19                       text19        01070
__ptext2                        text2         00824
__ptext20                       text20        006EE
__ptext21                       text21        00E0C
__ptext22                       text22        00B04
__ptext23                       text23        0112C
__ptext24                       text24        011C8
__ptext26                       text26        00B96
__ptext27                       text27        012D2
__ptext28                       text28        0128C
__ptext29                       text29        0132E
__ptext3                        text3         012E6
__ptext31                       text31        012BC
__ptext32                       text32        01340
__ptext33                       text33        000BA
__ptext34                       text34        010F2
__ptext35                       text35        00906
__ptext36                       text36        00A6C
__ptext37                       text37        01242
__ptext38                       text38        009C2
__ptext39                       text39        010B2
__ptext4                        text4         011F2
__ptext40                       text40        00F56
__ptext41                       text41        0119A
__ptext42                       text42        01360
__ptext43                       text43        01268
__ptext44                       text44        01374
__ptext5                        text5         012F8
__ptext6                        text6         00D9E
__ptext7                        text7         00D24
__ptext8                        text8         00F08
__ptext9                        text9         0121A
__ramtop                        ramtop        00400
__size_of_Delay1KTCYx           (abs)         00000
__size_of_InterruptHandlerHigh  (abs)         00000
__size_of_InterruptHandlerLow   (abs)         00000
__size_of_OpenTimer0            (abs)         00000
__size_of_OpenTimer1            (abs)         00000
__size_of_OpenUSART             (abs)         00000
__size_of_SleepIfOkay           (abs)         00000
__size_of_ToMainHigh_recvmsg    (abs)         00000
__size_of_ToMainHigh_sendmsg    (abs)         00000
__size_of_ToMainLow_recvmsg     (abs)         00000
__size_of_WriteTimer0           (abs)         00000
__size_of_WriteTimer1           (abs)         00000
__size_of_WriteUSART            (abs)         00000
__size_of_block_on_To_msgqueues (abs)         00000
__size_of_check_msg             (abs)         00000
__size_of_enable_interrupts     (abs)         00000
__size_of_enter_sleep_mode      (abs)         00000
__size_of_handle_start          (abs)         00000
__size_of_i2c_configure_slave   (abs)         00000
__size_of_i2c_int_handler       (abs)         00000
__size_of_in_high_int           (abs)         00000
__size_of_in_low_int            (abs)         00000
__size_of_in_main               (abs)         00000
__size_of_init_i2c              (abs)         00000
__size_of_init_queue            (abs)         00000
__size_of_init_queues           (abs)         00000
__size_of_init_timer1_lthread   (abs)         00000
__size_of_init_uart_recv        (abs)         00000
__size_of_main                  (abs)         00000
__size_of_memcpy                (abs)         00000
__size_of_readMessages          (abs)         00000
__size_of_recv_msg              (abs)         00000
__size_of_send_msg              (abs)         00000
__size_of_start_i2c_slave_reply (abs)         00000
__size_of_timer0_int_handler    (abs)         00000
__size_of_timer0_lthread        (abs)         00000
__size_of_timer1_int_handler    (abs)         00000
__size_of_uart_lthread          (abs)         00000
__size_of_uart_retrieve_buffer  (abs)         00000
__size_of_uart_send_int_handler (abs)         00000
__size_ofi1_WriteTimer1         (abs)         00000
__size_ofi2_check_msg           (abs)         00000
__size_ofi2_in_high_int         (abs)         00000
__size_ofi2_in_low_int          (abs)         00000
__size_ofi2_memcpy              (abs)         00000
__smallconst                    smallconst    00000
_block_on_To_msgqueues          text11        00CA6
_buff                           bssCOMRAM     0003B
_bufferFlag                     bssBANK0      000C0
_check_msg                      text15        01164
_enable_interrupts              text10        0136C
_enter_sleep_mode               text44        01374
_fwd_state                      dataCOMRAM    00055
_handle_start                   text36        00A6C
_i2c_configure_slave            text9         0121A
_i2c_int_handler                text33        000BA
_ic_ptr                         nvCOMRAM      00062
_in_high_int                    text14        0130A
_in_low_int                     text13        00FA4
_in_main                        text12        00FEA
_init_i2c                       text8         00F08
_init_queue                     text7         00D24
_init_queues                    text6         00D9E
_init_timer1_lthread            text5         012F8
_init_uart_recv                 text4         011F2
_last_reg_recvd                 bssCOMRAM     0004D
_left_state                     dataCOMRAM    00057
_length                         bssCOMRAM     0004E
_main                           text0         004E2
_maxTickOne                     dataCOMRAM    00059
_maxTickZero                    dataCOMRAM    0005B
_memcpy                         text21        00E0C
_motorEncoderBuffer             bssCOMRAM     00050
_msgbuffer                      bssBANK0      000AC
_msgtype_moto                   dataCOMRAM    00061
_readMessages                   text34        010F2
_recv_msg                       text20        006EE
_rev_state                      dataCOMRAM    0005D
_right_state                    dataCOMRAM    0005F
_send_msg                       text38        009C2
_start_i2c_slave_reply          text35        00906
_status                         bssCOMRAM     0004F
_t0thread_data                  bssCOMRAM     00045
_timer0Counter                  bssCOMRAM     00047
_timer0_int_handler             text31        012BC
_timer0_lthread                 text3         012E6
_timer1Counter                  bssCOMRAM     00049
_timer1_int_handler             text28        0128C
_uart_lthread                   text1         00E6A
_uart_retrieve_buffer           text2         00824
_uart_send_int_handler          text26        00B96
_uc_ptr                         nvBANK0       000C2
check_msg@qptr                  cstackBANK0   0008E
end_of_initialization           cinit         00EFE
handle_start@data_read          cstackCOMRAM  00016
i1WriteTimer1@timer             cstackCOMRAM  00003
i1WriteTimer1@timer1            cstackCOMRAM  00001
i1_WriteTimer1                  text29        0132E
i2_check_msg                    text43        01268
i2_in_high_int                  text42        01360
i2_in_low_int                   text41        0119A
i2_memcpy                       text39        010B2
i2c_configure_slave@addr        cstackBANK0   0008E
i2c_int_handler@data_read       cstackCOMRAM  0003A
i2c_int_handler@data_written    cstackCOMRAM  00035
i2c_int_handler@error_buf       cstackCOMRAM  00032
i2c_int_handler@i2c_data        cstackCOMRAM  00038
i2c_int_handler@msg_ready       cstackCOMRAM  00039
i2c_int_handler@msg_to_send     cstackCOMRAM  00037
i2c_int_handler@overrun_error   cstackCOMRAM  00036
i2check_msg@qptr                cstackCOMRAM  00016
i2memcpy@d                      cstackCOMRAM  0001C
i2memcpy@d1                     cstackCOMRAM  00016
i2memcpy@n                      cstackCOMRAM  0001A
i2memcpy@s                      cstackCOMRAM  0001E
i2memcpy@s1                     cstackCOMRAM  00018
init_i2c@ic                     cstackBANK0   0008E
init_queue@i                    cstackBANK0   00091
init_queue@qptr                 cstackBANK0   0008E
init_timer1_lthread@tptr        cstackBANK0   0008E
init_uart_recv@uc               cstackBANK0   0008E
int_func                        intcode_body  00C24
intlevel0                       text          00000
intlevel1                       text          00000
intlevel2                       text          00000
intlevel3                       text          00000
main@config1                    cstackBANK2   0020B
main@config2                    cstackBANK2   0020C
main@ic                         cstackBANK2   00222
main@length                     cstackBANK2   00214
main@msgbuffer                  cstackBANK2   00200
main@msgtype                    cstackBANK2   00215
main@portconfig                 cstackBANK2   0020D
main@t0thread_data              cstackBANK2   00210
main@t1thread_data              cstackBANK2   00212
main@uc                         cstackBANK2   00216
main@uthread_data               cstackBANK2   0020E
memcpy@d                        cstackBANK0   00094
memcpy@d1                       cstackBANK0   0008E
memcpy@n                        cstackBANK0   00092
memcpy@s                        cstackBANK0   00096
memcpy@s1                       cstackBANK0   00090
recv_msg@data                   cstackBANK0   0009D
recv_msg@maxlength              cstackBANK0   0009A
recv_msg@msgtype                cstackBANK0   0009B
recv_msg@qmsg                   cstackBANK0   000A4
recv_msg@qptr                   cstackBANK0   00098
recv_msg@slot                   cstackBANK0   000A1
recv_msg@tlength                cstackBANK0   000A2
send_msg@data                   cstackCOMRAM  00024
send_msg@length                 cstackCOMRAM  00022
send_msg@msgtype                cstackCOMRAM  00023
send_msg@qmsg                   cstackCOMRAM  0002A
send_msg@qptr                   cstackCOMRAM  00020
send_msg@slot                   cstackCOMRAM  00029
send_msg@tlength                cstackCOMRAM  00027
stackhi                         (abs)         003F3
stacklo                         (abs)         0023E
start                           init          000B6
start_i2c_slave_reply@length    cstackCOMRAM  0001A
start_i2c_slave_reply@msg       cstackCOMRAM  00016
start_initialization            cinit         00EBA
timer0_lthread@length           cstackBANK0   00092
timer0_lthread@msgbuffer        cstackBANK0   00094
timer0_lthread@msgtype          cstackBANK0   00090
timer0_lthread@msgval           cstackBANK0   00096
timer0_lthread@tptr             cstackBANK0   0008E
uart_lthread@length             cstackBANK0   00096
uart_lthread@msgbuffer          cstackBANK0   00098
uart_lthread@msgtype            cstackBANK0   00094
uart_lthread@uptr               cstackBANK0   00092
uart_retrieve_buffer@length     cstackBANK0   0008E
uart_retrieve_buffer@msgbuffer  cstackBANK0   00090


FUNCTION INFORMATION:

 *************** function _main *****************
 Defined at:
		line 189 in file "../src/main.c"
 Parameters:    Size  Location     Type
		None
 Auto vars:     Size  Location     Type
  ic             28   34[BANK2 ] struct __i2c_comm
  uc             12   22[BANK2 ] struct __uart_comm
  msgbuffer      11    0[BANK2 ] unsigned char [11]
  t1thread_dat    2   18[BANK2 ] struct __timer1_thread_s
  t0thread_dat    2   16[BANK2 ] struct __timer0_thread_s
  uthread_data    2   14[BANK2 ] struct __uart_thread_str
  msgtype         1   21[BANK2 ] unsigned char 
  length          1   20[BANK2 ] char 
  portconfig      1   13[BANK2 ] unsigned char 
  config2         1   12[BANK2 ] unsigned char 
  config1         1   11[BANK2 ] unsigned char 
  i               1    0        unsigned char 
  last_reg_rec    1    0        unsigned char 
  c               1    0        unsigned char 
 Return value:  Size  Location     Type
		None               void
 Registers used:
		wreg, fsr1l, fsr1h, fsr2l, fsr2h, status,2, status,0, prodl, prodh, cstack
 Tracked objects:
		On entry : 
		On exit  : 
		Unchanged: 
 Data sizes:     COMRAM   BANK0   BANK1   BANK2   BANK3
      Params:         0       0       0       0       0
      Locals:         0       0       0      62       0
      Temps:          0       1       0       0       0
      Totals:         0       1       0      62       0
Total ram usage:       63 bytes
 Hardware stack levels required when called:   12
 This function calls:
		_OpenTimer0
		_OpenTimer1
		_OpenUSART
		_ToMainHigh_recvmsg
		_ToMainLow_recvmsg
		_WriteTimer1
		_block_on_To_msgqueues
		_enable_interrupts
		_i2c_configure_slave
		_init_i2c
		_init_queues
		_init_timer1_lthread
		_init_uart_recv
		_timer0_lthread
		_uart_lthread
 This function is called by:
		Startup code after reset
 This function uses a non-reentrant model


 *************** function _uart_lthread *****************
 Defined at:
		line 13 in file "../src/uart_thread.c"
 Parameters:    Size  Location     Type
  uptr            2   18[BANK0 ] PTR struct __uart_thread
		 -> main@uthread_data(2), 
  msgtype         2   20[BANK0 ] int 
  length          2   22[BANK0 ] int 
  msgbuffer       2   24[BANK0 ] PTR unsigned char 
		 -> main@msgbuffer(11), 
 Auto vars:     Size  Location     Type
		None
 Return value:  Size  Location     Type
                  2   18[BANK0 ] int 
 Registers used:
		wreg, fsr1l, fsr1h, fsr2l, fsr2h, status,2, status,0, cstack
 Tracked objects:
		On entry : 
		On exit  : 
		Unchanged: 
 Data sizes:     COMRAM   BANK0   BANK1   BANK2   BANK3
      Params:         0       8       0       0       0
      Locals:         0       0       0       0       0
      Temps:          0       0       0       0       0
      Totals:         0       8       0       0       0
Total ram usage:        8 bytes
 Hardware stack levels used:    1
 Hardware stack levels required when called:    9
 This function calls:
		_uart_retrieve_buffer
 This function is called by:
		_main
 This function uses a non-reentrant model


 *************** function _uart_retrieve_buffer *****************
 Defined at:
		line 28 in file "../src/my_uart.c"
 Parameters:    Size  Location     Type
  length          2   14[BANK0 ] int 
  msgbuffer       2   16[BANK0 ] PTR unsigned char 
		 -> main@msgbuffer(11), 
 Auto vars:     Size  Location     Type
		None
 Return value:  Size  Location     Type
		None               void
 Registers used:
		wreg, fsr1l, fsr1h, fsr2l, fsr2h, status,2, status,0
 Tracked objects:
		On entry : 
		On exit  : 
		Unchanged: 
 Data sizes:     COMRAM   BANK0   BANK1   BANK2   BANK3
      Params:         0       4       0       0       0
      Locals:         0       0       0       0       0
      Temps:          0       0       0       0       0
      Totals:         0       4       0       0       0
Total ram usage:        4 bytes
 Hardware stack levels used:    1
 Hardware stack levels required when called:    8
 This function calls:
		Nothing
 This function is called by:
		_uart_lthread
 This function uses a non-reentrant model


 *************** function _timer0_lthread *****************
 Defined at:
		line 10 in file "../src/timer0_thread.c"
 Parameters:    Size  Location     Type
  tptr            2   14[BANK0 ] PTR struct __timer0_thre
		 -> main@t0thread_data(2), 
  msgtype         2   16[BANK0 ] int 
  length          2   18[BANK0 ] int 
  msgbuffer       2   20[BANK0 ] PTR unsigned char 
		 -> main@msgbuffer(11), 
 Auto vars:     Size  Location     Type
  msgval          2   22[BANK0 ] PTR unsigned int 
		 -> main@msgbuffer(11), 
 Return value:  Size  Location     Type
                  2   14[BANK0 ] int 
 Registers used:
		wreg, status,2, status,0
 Tracked objects:
		On entry : 
		On exit  : 
		Unchanged: 
 Data sizes:     COMRAM   BANK0   BANK1   BANK2   BANK3
      Params:         0       8       0       0       0
      Locals:         0       2       0       0       0
      Temps:          0       0       0       0       0
      Totals:         0      10       0       0       0
Total ram usage:       10 bytes
 Hardware stack levels used:    1
 Hardware stack levels required when called:    8
 This function calls:
		Nothing
 This function is called by:
		_main
 This function uses a non-reentrant model


 *************** function _init_uart_recv *****************
 Defined at:
		line 12 in file "../src/my_uart.c"
 Parameters:    Size  Location     Type
  uc              2   14[BANK0 ] PTR struct __uart_comm
		 -> main@uc(12), 
 Auto vars:     Size  Location     Type
		None
 Return value:  Size  Location     Type
		None               void
 Registers used:
		wreg, fsr2l, fsr2h, status,2, status,0
 Tracked objects:
		On entry : 
		On exit  : 
		Unchanged: 
 Data sizes:     COMRAM   BANK0   BANK1   BANK2   BANK3
      Params:         0       2       0       0       0
      Locals:         0       0       0       0       0
      Temps:          0       0       0       0       0
      Totals:         0       2       0       0       0
Total ram usage:        2 bytes
 Hardware stack levels used:    1
 Hardware stack levels required when called:    8
 This function calls:
		Nothing
 This function is called by:
		_main
 This function uses a non-reentrant model


 *************** function _init_timer1_lthread *****************
 Defined at:
		line 6 in file "../src/timer1_thread.c"
 Parameters:    Size  Location     Type
  tptr            2   14[BANK0 ] PTR struct __timer1_thre
		 -> main@t1thread_data(2), 
 Auto vars:     Size  Location     Type
		None
 Return value:  Size  Location     Type
		None               void
 Registers used:
		wreg, fsr2l, fsr2h
 Tracked objects:
		On entry : 
		On exit  : 
		Unchanged: 
 Data sizes:     COMRAM   BANK0   BANK1   BANK2   BANK3
      Params:         0       2       0       0       0
      Locals:         0       0       0       0       0
      Temps:          0       0       0       0       0
      Totals:         0       2       0       0       0
Total ram usage:        2 bytes
 Hardware stack levels used:    1
 Hardware stack levels required when called:    8
 This function calls:
		Nothing
 This function is called by:
		_main
 This function uses a non-reentrant model


 *************** function _init_queues *****************
 Defined at:
		line 194 in file "../src/messages.c"
 Parameters:    Size  Location     Type
		None
 Auto vars:     Size  Location     Type
		None
 Return value:  Size  Location     Type
		None               void
 Registers used:
		wreg, fsr2l, fsr2h, status,2, status,0, prodl, prodh, cstack
 Tracked objects:
		On entry : 
		On exit  : 
		Unchanged: 
 Data sizes:     COMRAM   BANK0   BANK1   BANK2   BANK3
      Params:         0       0       0       0       0
      Locals:         0       0       0       0       0
      Temps:          0       1       0       0       0
      Totals:         0       1       0       0       0
Total ram usage:        1 bytes
 Hardware stack levels used:    1
 Hardware stack levels required when called:    9
 This function calls:
		_init_queue
 This function is called by:
		_main
 This function uses a non-reentrant model


 *************** function _init_queue *****************
 Defined at:
		line 14 in file "../src/messages.c"
 Parameters:    Size  Location     Type
  qptr            2   14[BANK0 ] PTR struct __msg_queue
		 -> FromMainHigh_MQ(54), FromMainLow_MQ(54), ToMainHigh_MQ(54), ToMainLow_MQ(54), 
 Auto vars:     Size  Location     Type
  i               1   17[BANK0 ] unsigned char 
 Return value:  Size  Location     Type
		None               void
 Registers used:
		wreg, fsr2l, fsr2h, status,2, status,0, prodl, prodh
 Tracked objects:
		On entry : 
		On exit  : 
		Unchanged: 
 Data sizes:     COMRAM   BANK0   BANK1   BANK2   BANK3
      Params:         0       2       0       0       0
      Locals:         0       1       0       0       0
      Temps:          0       1       0       0       0
      Totals:         0       4       0       0       0
Total ram usage:        4 bytes
 Hardware stack levels used:    1
 Hardware stack levels required when called:    8
 This function calls:
		Nothing
 This function is called by:
		_init_queues
 This function uses a non-reentrant model


 *************** function _init_i2c *****************
 Defined at:
		line 241 in file "../src/my_i2c.c"
 Parameters:    Size  Location     Type
  ic              2   14[BANK0 ] PTR struct __i2c_comm
		 -> main@ic(28), 
 Auto vars:     Size  Location     Type
		None
 Return value:  Size  Location     Type
		None               void
 Registers used:
		wreg, fsr2l, fsr2h, status,2, status,0
 Tracked objects:
		On entry : 
		On exit  : 
		Unchanged: 
 Data sizes:     COMRAM   BANK0   BANK1   BANK2   BANK3
      Params:         0       2       0       0       0
      Locals:         0       0       0       0       0
      Temps:          0       0       0       0       0
      Totals:         0       2       0       0       0
Total ram usage:        2 bytes
 Hardware stack levels used:    1
 Hardware stack levels required when called:    8
 This function calls:
		Nothing
 This function is called by:
		_main
 This function uses a non-reentrant model


 *************** function _i2c_configure_slave *****************
 Defined at:
		line 252 in file "../src/my_i2c.c"
 Parameters:    Size  Location     Type
  addr            1    wreg     unsigned char 
 Auto vars:     Size  Location     Type
  addr            1   14[BANK0 ] unsigned char 
 Return value:  Size  Location     Type
		None               void
 Registers used:
		wreg, status,2, status,0
 Tracked objects:
		On entry : 
		On exit  : 
		Unchanged: 
 Data sizes:     COMRAM   BANK0   BANK1   BANK2   BANK3
      Params:         0       0       0       0       0
      Locals:         0       1       0       0       0
      Temps:          0       0       0       0       0
      Totals:         0       1       0       0       0
Total ram usage:        1 bytes
 Hardware stack levels used:    1
 Hardware stack levels required when called:    8
 This function calls:
		Nothing
 This function is called by:
		_main
 This function uses a non-reentrant model


 *************** function _enable_interrupts *****************
 Defined at:
		line 15 in file "../src/interrupts.c"
 Parameters:    Size  Location     Type
		None
 Auto vars:     Size  Location     Type
		None
 Return value:  Size  Location     Type
		None               void
 Registers used:
		None
 Tracked objects:
		On entry : 
		On exit  : 
		Unchanged: 
 Data sizes:     COMRAM   BANK0   BANK1   BANK2   BANK3
      Params:         0       0       0       0       0
      Locals:         0       0       0       0       0
      Temps:          0       0       0       0       0
      Totals:         0       0       0       0       0
Total ram usage:        0 bytes
 Hardware stack levels used:    1
 Hardware stack levels required when called:    8
 This function calls:
		Nothing
 This function is called by:
		_main
 This function uses a non-reentrant model


 *************** function _block_on_To_msgqueues *****************
 Defined at:
		line 258 in file "../src/messages.c"
 Parameters:    Size  Location     Type
		None
 Auto vars:     Size  Location     Type
		None
 Return value:  Size  Location     Type
		None               void
 Registers used:
		wreg, fsr2l, fsr2h, status,2, status,0, prodl, prodh, cstack
 Tracked objects:
		On entry : 
		On exit  : 
		Unchanged: 
 Data sizes:     COMRAM   BANK0   BANK1   BANK2   BANK3
      Params:         0       0       0       0       0
      Locals:         0       0       0       0       0
      Temps:          0       1       0       0       0
      Totals:         0       1       0       0       0
Total ram usage:        1 bytes
 Hardware stack levels used:    1
 Hardware stack levels required when called:   11
 This function calls:
		_Delay1KTCYx
		_check_msg
		_in_main
 This function is called by:
		_main
 This function uses a non-reentrant model


 *************** function _in_main *****************
 Defined at:
		line 43 in file "../src/interrupts.c"
 Parameters:    Size  Location     Type
		None
 Auto vars:     Size  Location     Type
		None
 Return value:  Size  Location     Type
                  2   18[BANK0 ] int 
 Registers used:
		wreg, status,2, status,0, cstack
 Tracked objects:
		On entry : 
		On exit  : 
		Unchanged: 
 Data sizes:     COMRAM   BANK0   BANK1   BANK2   BANK3
      Params:         0       2       0       0       0
      Locals:         0       0       0       0       0
      Temps:          0       0       0       0       0
      Totals:         0       2       0       0       0
Total ram usage:        2 bytes
 Hardware stack levels used:    1
 Hardware stack levels required when called:   10
 This function calls:
		_in_high_int
		_in_low_int
 This function is called by:
		_block_on_To_msgqueues
 This function uses a non-reentrant model


 *************** function _in_low_int *****************
 Defined at:
		line 32 in file "../src/interrupts.c"
 Parameters:    Size  Location     Type
		None
 Auto vars:     Size  Location     Type
		None
 Return value:  Size  Location     Type
                  2   16[BANK0 ] int 
 Registers used:
		wreg, status,2, status,0, cstack
 Tracked objects:
		On entry : 
		On exit  : 
		Unchanged: 
 Data sizes:     COMRAM   BANK0   BANK1   BANK2   BANK3
      Params:         0       2       0       0       0
      Locals:         0       0       0       0       0
      Temps:          0       0       0       0       0
      Totals:         0       2       0       0       0
Total ram usage:        2 bytes
 Hardware stack levels used:    1
 Hardware stack levels required when called:    9
 This function calls:
		_in_high_int
 This function is called by:
		_in_main
 This function uses a non-reentrant model


 *************** function _in_high_int *****************
 Defined at:
		line 23 in file "../src/interrupts.c"
 Parameters:    Size  Location     Type
		None
 Auto vars:     Size  Location     Type
		None
 Return value:  Size  Location     Type
                  2   14[BANK0 ] int 
 Registers used:
		wreg, status,2
 Tracked objects:
		On entry : 
		On exit  : 
		Unchanged: 
 Data sizes:     COMRAM   BANK0   BANK1   BANK2   BANK3
      Params:         0       2       0       0       0
      Locals:         0       0       0       0       0
      Temps:          0       0       0       0       0
      Totals:         0       2       0       0       0
Total ram usage:        2 bytes
 Hardware stack levels used:    1
 Hardware stack levels required when called:    8
 This function calls:
		Nothing
 This function is called by:
		_in_low_int
		_in_main
 This function uses a non-reentrant model


 *************** function _check_msg *****************
 Defined at:
		line 222 in file "../src/messages.c"
 Parameters:    Size  Location     Type
  qptr            2   14[BANK0 ] PTR struct __msg_queue
		 -> ToMainHigh_MQ(54), ToMainLow_MQ(54), 
 Auto vars:     Size  Location     Type
		None
 Return value:  Size  Location     Type
                  1    wreg      unsigned char 
 Registers used:
		wreg, fsr2l, fsr2h, status,2, status,0, prodl, prodh
 Tracked objects:
		On entry : 
		On exit  : 
		Unchanged: 
 Data sizes:     COMRAM   BANK0   BANK1   BANK2   BANK3
      Params:         0       2       0       0       0
      Locals:         0       0       0       0       0
      Temps:          0       1       0       0       0
      Totals:         0       3       0       0       0
Total ram usage:        3 bytes
 Hardware stack levels used:    1
 Hardware stack levels required when called:    8
 This function calls:
		Nothing
 This function is called by:
		_block_on_To_msgqueues
 This function uses a non-reentrant model


 *************** function _Delay1KTCYx *****************
 Defined at:
		line 8 in file "C:\Program Files\Microchip\xc8\v1.30\sources\pic18\d1ktcyx.c"
 Parameters:    Size  Location     Type
  unit            1    wreg     unsigned char 
 Auto vars:     Size  Location     Type
  unit            1   14[BANK0 ] unsigned char 
 Return value:  Size  Location     Type
		None               void
 Registers used:
		wreg
 Tracked objects:
		On entry : 
		On exit  : 
		Unchanged: 
 Data sizes:     COMRAM   BANK0   BANK1   BANK2   BANK3
      Params:         0       0       0       0       0
      Locals:         0       1       0       0       0
      Temps:          0       0       0       0       0
      Totals:         0       1       0       0       0
Total ram usage:        1 bytes
 Hardware stack levels used:    1
 Hardware stack levels required when called:    8
 This function calls:
		Nothing
 This function is called by:
		_block_on_To_msgqueues
 This function uses a non-reentrant model


 *************** function _WriteTimer1 *****************
 Defined at:
		line 14 in file "C:\Program Files\Microchip\xc8\v1.30\sources\pic18\plib\Timers\t1write.c"
 Parameters:    Size  Location     Type
  timer1          2   14[BANK0 ] unsigned int 
 Auto vars:     Size  Location     Type
  timer           2   16[BANK0 ] struct Timers
 Return value:  Size  Location     Type
		None               void
 Registers used:
		None
 Tracked objects:
		On entry : 
		On exit  : 
		Unchanged: 
 Data sizes:     COMRAM   BANK0   BANK1   BANK2   BANK3
      Params:         0       2       0       0       0
      Locals:         0       2       0       0       0
      Temps:          0       0       0       0       0
      Totals:         0       4       0       0       0
Total ram usage:        4 bytes
 Hardware stack levels used:    1
 Hardware stack levels required when called:    8
 This function calls:
		Nothing
 This function is called by:
		_main
 This function uses a non-reentrant model


 *************** function _ToMainLow_recvmsg *****************
 Defined at:
		line 112 in file "../src/messages.c"
 Parameters:    Size  Location     Type
  maxlength       1    wreg     unsigned char 
  msgtype         2   38[BANK0 ] PTR unsigned char 
		 -> main@msgtype(1), 
  data            2   40[BANK0 ] PTR void 
		 -> main@msgbuffer(11), 
 Auto vars:     Size  Location     Type
  maxlength       1   42[BANK0 ] unsigned char 
 Return value:  Size  Location     Type
                  1    wreg      char 
 Registers used:
		wreg, fsr1l, fsr1h, fsr2l, fsr2h, status,2, status,0, prodl, prodh, cstack
 Tracked objects:
		On entry : 
		On exit  : 
		Unchanged: 
 Data sizes:     COMRAM   BANK0   BANK1   BANK2   BANK3
      Params:         0       4       0       0       0
      Locals:         0       1       0       0       0
      Temps:          0       0       0       0       0
      Totals:         0       5       0       0       0
Total ram usage:        5 bytes
 Hardware stack levels used:    1
 Hardware stack levels required when called:   10
 This function calls:
		_recv_msg
 This function is called by:
		_main
 This function uses a non-reentrant model


 *************** function _ToMainHigh_recvmsg *****************
 Defined at:
		line 135 in file "../src/messages.c"
 Parameters:    Size  Location     Type
  maxlength       1    wreg     unsigned char 
  msgtype         2   38[BANK0 ] PTR unsigned char 
		 -> main@msgtype(1), 
  data            2   40[BANK0 ] PTR void 
		 -> main@msgbuffer(11), 
 Auto vars:     Size  Location     Type
  maxlength       1   42[BANK0 ] unsigned char 
 Return value:  Size  Location     Type
                  1    wreg      char 
 Registers used:
		wreg, fsr1l, fsr1h, fsr2l, fsr2h, status,2, status,0, prodl, prodh, cstack
 Tracked objects:
		On entry : 
		On exit  : 
		Unchanged: 
 Data sizes:     COMRAM   BANK0   BANK1   BANK2   BANK3
      Params:         0       4       0       0       0
      Locals:         0       1       0       0       0
      Temps:          0       0       0       0       0
      Totals:         0       5       0       0       0
Total ram usage:        5 bytes
 Hardware stack levels used:    1
 Hardware stack levels required when called:   10
 This function calls:
		_recv_msg
 This function is called by:
		_main
 This function uses a non-reentrant model


 *************** function _recv_msg *****************
 Defined at:
		line 63 in file "../src/messages.c"
 Parameters:    Size  Location     Type
  qptr            2   24[BANK0 ] PTR struct __msg_queue
		 -> FromMainHigh_MQ(54), FromMainLow_MQ(54), ToMainHigh_MQ(54), ToMainLow_MQ(54), 
  maxlength       1   26[BANK0 ] unsigned char 
  msgtype         2   27[BANK0 ] PTR unsigned char 
		 -> main@msgtype(1), 
  data            2   29[BANK0 ] PTR void 
		 -> main@msgbuffer(11), 
 Auto vars:     Size  Location     Type
  qmsg            2   36[BANK0 ] PTR struct __msg
		 -> FromMainLow_MQ.queue(52), FromMainHigh_MQ.queue(52), ToMainHigh_MQ.queue(52), ToMainLow_MQ.queue(52), 
		 -> FromMainHigh_MQ(54), FromMainLow_MQ(54), ToMainHigh_MQ(54), ToMainLow_MQ(54), 
  tlength         2   34[BANK0 ] unsigned int 
  slot            1   33[BANK0 ] unsigned char 
 Return value:  Size  Location     Type
                  1    wreg      char 
 Registers used:
		wreg, fsr1l, fsr1h, fsr2l, fsr2h, status,2, status,0, prodl, prodh, cstack
 Tracked objects:
		On entry : 
		On exit  : 
		Unchanged: 
 Data sizes:     COMRAM   BANK0   BANK1   BANK2   BANK3
      Params:         0       7       0       0       0
      Locals:         0       5       0       0       0
      Temps:          0       2       0       0       0
      Totals:         0      14       0       0       0
Total ram usage:       14 bytes
 Hardware stack levels used:    1
 Hardware stack levels required when called:    9
 This function calls:
		_memcpy
 This function is called by:
		_ToMainLow_recvmsg
		_ToMainHigh_recvmsg
		_FromMainLow_recvmsg
		_FromMainHigh_recvmsg
 This function uses a non-reentrant model


 *************** function _memcpy *****************
 Defined at:
		line 11 in file "C:\Program Files\Microchip\xc8\v1.30\sources\common\memcpy.c"
 Parameters:    Size  Location     Type
  d1              2   14[BANK0 ] PTR void 
		 -> FromMainLow_MQ.queue(52), FromMainHigh_MQ.queue(52), ToMainHigh_MQ.queue(52), ToMainLow_MQ.queue(52), 
		 -> FromMainHigh_MQ(54), FromMainLow_MQ(54), ToMainHigh_MQ(54), ToMainLow_MQ(54), 
		 -> main@msgbuffer(11), 
  s1              2   16[BANK0 ] PTR const void 
		 -> ToMainLow_MQ.data(10), ToMainHigh_MQ.data(10), FromMainLow_MQ.data(10), FromMainHigh_MQ.data(10), 
		 -> ToMainLow_MQ.queue.data(10), ToMainHigh_MQ.queue.data(10), FromMainHigh_MQ.queue.data(10), FromMainLow_MQ.queue.data(10), 
		 -> NULL(0), i2c_int_handler@error_buf(3), FromMainHigh_MQ(54), FromMainLow_MQ(54), 
		 -> ToMainHigh_MQ(54), ToMainLow_MQ(54), main@ic(28), 
  n               2   18[BANK0 ] unsigned int 
 Auto vars:     Size  Location     Type
  s               2   22[BANK0 ] PTR const unsigned char 
		 -> ToMainLow_MQ.data(10), ToMainHigh_MQ.data(10), FromMainLow_MQ.data(10), FromMainHigh_MQ.data(10), 
		 -> ToMainLow_MQ.queue.data(10), ToMainHigh_MQ.queue.data(10), FromMainHigh_MQ.queue.data(10), FromMainLow_MQ.queue.data(10), 
		 -> NULL(0), i2c_int_handler@error_buf(3), FromMainHigh_MQ(54), FromMainLow_MQ(54), 
		 -> ToMainHigh_MQ(54), ToMainLow_MQ(54), main@ic(28), 
  d               2   20[BANK0 ] PTR unsigned char 
		 -> FromMainLow_MQ.queue(52), FromMainHigh_MQ.queue(52), ToMainHigh_MQ.queue(52), ToMainLow_MQ.queue(52), 
		 -> FromMainHigh_MQ(54), FromMainLow_MQ(54), ToMainHigh_MQ(54), ToMainLow_MQ(54), 
		 -> main@msgbuffer(11), 
 Return value:  Size  Location     Type
                  2   14[BANK0 ] PTR void 
 Registers used:
		wreg, fsr1l, fsr1h, fsr2l, fsr2h, status,2, status,0
 Tracked objects:
		On entry : 
		On exit  : 
		Unchanged: 
 Data sizes:     COMRAM   BANK0   BANK1   BANK2   BANK3
      Params:         0       6       0       0       0
      Locals:         0       4       0       0       0
      Temps:          0       0       0       0       0
      Totals:         0      10       0       0       0
Total ram usage:       10 bytes
 Hardware stack levels used:    1
 Hardware stack levels required when called:    8
 This function calls:
		Nothing
 This function is called by:
		_recv_msg
 This function uses a non-reentrant model


 *************** function _OpenUSART *****************
 Defined at:
		line 73 in file "C:\Program Files\Microchip\xc8\v1.30\sources\pic18\plib\USART\uopen.c"
 Parameters:    Size  Location     Type
  config          1    wreg     unsigned char 
  spbrg           2   14[BANK0 ] unsigned int 
 Auto vars:     Size  Location     Type
  config          1   19[BANK0 ] unsigned char 
 Return value:  Size  Location     Type
		None               void
 Registers used:
		wreg, status,2
 Tracked objects:
		On entry : 
		On exit  : 
		Unchanged: 
 Data sizes:     COMRAM   BANK0   BANK1   BANK2   BANK3
      Params:         0       2       0       0       0
      Locals:         0       1       0       0       0
      Temps:          0       3       0       0       0
      Totals:         0       6       0       0       0
Total ram usage:        6 bytes
 Hardware stack levels used:    1
 Hardware stack levels required when called:    8
 This function calls:
		Nothing
 This function is called by:
		_main
 This function uses a non-reentrant model


 *************** function _OpenTimer1 *****************
 Defined at:
		line 16 in file "C:\Program Files\Microchip\xc8\v1.30\sources\pic18\plib\Timers\t1open.c"
 Parameters:    Size  Location     Type
  config          1    wreg     unsigned char 
 Auto vars:     Size  Location     Type
  config          1   14[BANK0 ] unsigned char 
 Return value:  Size  Location     Type
		None               void
 Registers used:
		wreg, status,2, status,0
 Tracked objects:
		On entry : 
		On exit  : 
		Unchanged: 
 Data sizes:     COMRAM   BANK0   BANK1   BANK2   BANK3
      Params:         0       0       0       0       0
      Locals:         0       1       0       0       0
      Temps:          0       0       0       0       0
      Totals:         0       1       0       0       0
Total ram usage:        1 bytes
 Hardware stack levels used:    1
 Hardware stack levels required when called:    8
 This function calls:
		Nothing
 This function is called by:
		_main
 This function uses a non-reentrant model


 *************** function _OpenTimer0 *****************
 Defined at:
		line 18 in file "C:\Program Files\Microchip\xc8\v1.30\sources\pic18\plib\Timers\t0open.c"
 Parameters:    Size  Location     Type
  config          1    wreg     unsigned char 
 Auto vars:     Size  Location     Type
  config          1   14[BANK0 ] unsigned char 
 Return value:  Size  Location     Type
		None               void
 Registers used:
		wreg, status,2, status,0
 Tracked objects:
		On entry : 
		On exit  : 
		Unchanged: 
 Data sizes:     COMRAM   BANK0   BANK1   BANK2   BANK3
      Params:         0       0       0       0       0
      Locals:         0       1       0       0       0
      Temps:          0       0       0       0       0
      Totals:         0       1       0       0       0
Total ram usage:        1 bytes
 Hardware stack levels used:    1
 Hardware stack levels required when called:    8
 This function calls:
		Nothing
 This function is called by:
		_main
 This function uses a non-reentrant model


 *************** function _InterruptHandlerLow *****************
 Defined at:
		line 125 in file "../src/interrupts.c"
 Parameters:    Size  Location     Type
		None
 Auto vars:     Size  Location     Type
		None
 Return value:  Size  Location     Type
		None               void
 Registers used:
		wreg, fsr1l, fsr1h, fsr2l, fsr2h, status,2, status,0, prodl, prodh, cstack
 Tracked objects:
		On entry : 
		On exit  : 
		Unchanged: 
 Data sizes:     COMRAM   BANK0   BANK1   BANK2   BANK3
      Params:         0       0       0       0       0
      Locals:         0       0       0       0       0
      Temps:         17       0       0       0       0
      Totals:        17       0       0       0       0
Total ram usage:       17 bytes
 Hardware stack levels used:    1
 Hardware stack levels required when called:    7
 This function calls:
		_timer1_int_handler
		_uart_send_int_handler
 This function is called by:
		Interrupt level 1
 This function uses a non-reentrant model


 *************** function _uart_send_int_handler *****************
 Defined at:
		line 17 in file "../src/my_uart.c"
 Parameters:    Size  Location     Type
		None
 Auto vars:     Size  Location     Type
		None
 Return value:  Size  Location     Type
		None               void
 Registers used:
		wreg, fsr1l, fsr1h, fsr2l, fsr2h, status,2, status,0, prodl, prodh, cstack
 Tracked objects:
		On entry : 
		On exit  : 
		Unchanged: 
 Data sizes:     COMRAM   BANK0   BANK1   BANK2   BANK3
      Params:         0       0       0       0       0
      Locals:         0       0       0       0       0
      Temps:          1       0       0       0       0
      Totals:         1       0       0       0       0
Total ram usage:        1 bytes
 Hardware stack levels used:    1
 Hardware stack levels required when called:    6
 This function calls:
		_WriteUSART
 This function is called by:
		_InterruptHandlerLow
 This function uses a non-reentrant model


 *************** function _WriteUSART *****************
 Defined at:
		line 13 in file "C:\Program Files\Microchip\xc8\v1.30\sources\pic18\plib\USART\uwrite.c"
 Parameters:    Size  Location     Type
  data            1    wreg     unsigned char 
 Auto vars:     Size  Location     Type
  data            1    0[COMRAM] unsigned char 
 Return value:  Size  Location     Type
		None               void
 Registers used:
		wreg
 Tracked objects:
		On entry : 
		On exit  : 
		Unchanged: 
 Data sizes:     COMRAM   BANK0   BANK1   BANK2   BANK3
      Params:         0       0       0       0       0
      Locals:         1       0       0       0       0
      Temps:          0       0       0       0       0
      Totals:         1       0       0       0       0
Total ram usage:        1 bytes
 Hardware stack levels used:    1
 Hardware stack levels required when called:    5
 This function calls:
		Nothing
 This function is called by:
		_uart_send_int_handler
 This function uses a non-reentrant model


 *************** function _timer1_int_handler *****************
 Defined at:
		line 40 in file "../src/user_interrupts.c"
 Parameters:    Size  Location     Type
		None
 Auto vars:     Size  Location     Type
		None
 Return value:  Size  Location     Type
		None               void
 Registers used:
		wreg, status,2, status,0, cstack
 Tracked objects:
		On entry : 
		On exit  : 
		Unchanged: 
 Data sizes:     COMRAM   BANK0   BANK1   BANK2   BANK3
      Params:         0       0       0       0       0
      Locals:         0       0       0       0       0
      Temps:          0       0       0       0       0
      Totals:         0       0       0       0       0
Total ram usage:        0 bytes
 Hardware stack levels used:    1
 Hardware stack levels required when called:    6
 This function calls:
		i1_WriteTimer1
 This function is called by:
		_InterruptHandlerLow
 This function uses a non-reentrant model


 *************** function i1_WriteTimer1 *****************
 Defined at:
		line 14 in file "C:\Program Files\Microchip\xc8\v1.30\sources\pic18\plib\Timers\t1write.c"
 Parameters:    Size  Location     Type
  timer1          2    0[COMRAM] unsigned int 
 Auto vars:     Size  Location     Type
  WriteTimer1     2    2[COMRAM] struct Timers
 Return value:  Size  Location     Type
		None               void
 Registers used:
		None
 Tracked objects:
		On entry : 
		On exit  : 
		Unchanged: 
 Data sizes:     COMRAM   BANK0   BANK1   BANK2   BANK3
      Params:         2       0       0       0       0
      Locals:         2       0       0       0       0
      Temps:          0       0       0       0       0
      Totals:         4       0       0       0       0
Total ram usage:        4 bytes
 Hardware stack levels used:    1
 Hardware stack levels required when called:    5
 This function calls:
		Nothing
 This function is called by:
		_timer1_int_handler
 This function uses a non-reentrant model


 *************** function _InterruptHandlerHigh *****************
 Defined at:
		line 87 in file "../src/interrupts.c"
 Parameters:    Size  Location     Type
		None
 Auto vars:     Size  Location     Type
		None
 Return value:  Size  Location     Type
		None               void
 Registers used:
		wreg, fsr0l, fsr0h, fsr1l, fsr1h, fsr1l, fsr1h, fsr2l, fsr2h, status,2, status,0, pclat, btemp, btemp+1, btemp+2, btemp+3, btemp+4, btemp+5, btemp+6, btemp+7, btemp+8, btemp+9, btemp+10, btemp+11, tosl, structret, tblptrl, tblptrh, tblptru, prodl, prodh, bsr, cstack
 Tracked objects:
		On entry : 
		On exit  : 
		Unchanged: 
 Data sizes:     COMRAM   BANK0   BANK1   BANK2   BANK3
      Params:         0       0       0       0       0
      Locals:         0       0       0       0       0
      Temps:          0      14       0       0       0
      Totals:         0      14       0       0       0
Total ram usage:       14 bytes
 Hardware stack levels used:    1
 Hardware stack levels required when called:    4
 This function calls:
		_SleepIfOkay
		_i2c_int_handler
		_timer0_int_handler
 This function is called by:
		Interrupt level 2
 This function uses a non-reentrant model


[...]
 Tracked objects:
		On entry : 
		On exit  : 
		Unchanged: 
 Data sizes:     COMRAM   BANK0   BANK1   BANK2   BANK3
      Params:         0       0       0       0       0
      Locals:         0       0       0       0       0
      Temps:          0       0       0       0       0
      Totals:         0       0       0       0       0
Total ram usage:        0 bytes
 Hardware stack levels used:    1
 Hardware stack levels required when called:    1
 This function calls:
		_WriteTimer0
 This function is called by:
		_InterruptHandlerHigh
 This function uses a non-reentrant model


 *************** function _WriteTimer0 *****************
 Defined at:
		line 16 in file "C:\Program Files\Microchip\xc8\v1.30\sources\pic18\plib\Timers\t0write.c"
 Parameters:    Size  Location     Type
  timer0          2   21[COMRAM] unsigned int 
 Auto vars:     Size  Location     Type
  timer           2   23[COMRAM] struct Timers
 Return value:  Size  Location     Type
		None               void
 Registers used:
		None
 Tracked objects:
		On entry : 
		On exit  : 
		Unchanged: 
 Data sizes:     COMRAM   BANK0   BANK1   BANK2   BANK3
      Params:         2       0       0       0       0
      Locals:         2       0       0       0       0
      Temps:          0       0       0       0       0
      Totals:         4       0       0       0       0
Total ram usage:        4 bytes
 Hardware stack levels used:    1
 This function calls:
		Nothing
 This function is called by:
		_timer0_int_handler
 This function uses a non-reentrant model


 *************** function _i2c_int_handler *****************
 Defined at:
		line 70 in file "../src/my_i2c.c"
 Parameters:    Size  Location     Type
		None
 Auto vars:     Size  Location     Type
  error_buf       3   49[COMRAM] unsigned char [3]
  data_read       1   57[COMRAM] unsigned char 
  msg_ready       1   56[COMRAM] unsigned char 
  i2c_data        1   55[COMRAM] unsigned char 
  msg_to_send     1   54[COMRAM] unsigned char 
  overrun_erro    1   53[COMRAM] unsigned char 
  data_written    1   52[COMRAM] unsigned char 
 Return value:  Size  Location     Type
		None               void
 Registers used:
		wreg, fsr1l, fsr1h, fsr2l, fsr2h, status,2, status,0, prodl, prodh, cstack
 Tracked objects:
		On entry : 
		On exit  : 
		Unchanged: 
 Data sizes:     COMRAM   BANK0   BANK1   BANK2   BANK3
      Params:         0       0       0       0       0
      Locals:         9       0       0       0       0
      Temps:          2       0       0       0       0
      Totals:        11       0       0       0       0
Total ram usage:       11 bytes
 Hardware stack levels used:    1
 Hardware stack levels required when called:    3
 This function calls:
		_ToMainHigh_sendmsg
		_handle_start
		_readMessages
 This function is called by:
		_InterruptHandlerHigh
 This function uses a non-reentrant model


 *************** function _readMessages *****************
 Defined at:
		line 306 in file "../src/my_i2c.c"
 Parameters:    Size  Location     Type
		None
 Auto vars:     Size  Location     Type
		None
 Return value:  Size  Location     Type
		None               void
 Registers used:
		wreg, fsr1l, fsr1h, fsr2l, fsr2h, status,2, status,0, prodl, prodh, cstack
 Tracked objects:
		On entry : 
		On exit  : 
		Unchanged: 
 Data sizes:     COMRAM   BANK0   BANK1   BANK2   BANK3
      Params:         0       0       0       0       0
      Locals:         0       0       0       0       0
      Temps:          1       0       0       0       0
      Totals:         1       0       0       0       0
Total ram usage:        1 bytes
 Hardware stack levels used:    1
 Hardware stack levels required when called:    1
 This function calls:
		_start_i2c_slave_reply
 This function is called by:
		_i2c_int_handler
 This function uses a non-reentrant model


 *************** function _start_i2c_slave_reply *****************
 Defined at:
		line 24 in file "../src/my_i2c.c"
 Parameters:    Size  Location     Type
  length          1    wreg     unsigned char 
  msg             2   21[COMRAM] PTR unsigned char 
		 -> motorEncoderBuffer(5), 
 Auto vars:     Size  Location     Type
  length          1   25[COMRAM] unsigned char 
 Return value:  Size  Location     Type
		None               void
 Registers used:
		wreg, fsr1l, fsr1h, fsr2l, fsr2h, status,2, status,0, prodl, prodh
 Tracked objects:
		On entry : 
		On exit  : 
		Unchanged: 
 Data sizes:     COMRAM   BANK0   BANK1   BANK2   BANK3
      Params:         2       0       0       0       0
      Locals:         1       0       0       0       0
      Temps:          2       0       0       0       0
      Totals:         5       0       0       0       0
Total ram usage:        5 bytes
 Hardware stack levels used:    1
 This function calls:
		Nothing
 This function is called by:
		_readMessages
 This function uses a non-reentrant model


 *************** function _handle_start *****************
 Defined at:
		line 41 in file "../src/my_i2c.c"
 Parameters:    Size  Location     Type
  data_read       1    wreg     unsigned char 
 Auto vars:     Size  Location     Type
  data_read       1   21[COMRAM] unsigned char 
 Return value:  Size  Location     Type
		None               void
 Registers used:
		wreg, fsr2l, fsr2h, status,2, status,0
 Tracked objects:
		On entry : 
		On exit  : 
		Unchanged: 
 Data sizes:     COMRAM   BANK0   BANK1   BANK2   BANK3
      Params:         0       0       0       0       0
      Locals:         1       0       0       0       0
      Temps:          0       0       0       0       0
      Totals:         1       0       0       0       0
Total ram usage:        1 bytes
 Hardware stack levels used:    1
 This function calls:
		Nothing
 This function is called by:
		_i2c_int_handler
 This function uses a non-reentrant model


 *************** function _ToMainHigh_sendmsg *****************
 Defined at:
		line 126 in file "../src/messages.c"
 Parameters:    Size  Location     Type
  length          1    wreg     unsigned char 
  msgtype         1   43[COMRAM] unsigned char 
  data            2   44[COMRAM] PTR void 
		 -> NULL(0), i2c_int_handler@error_buf(3), main@ic(28), 
 Auto vars:     Size  Location     Type
  length          1   46[COMRAM] unsigned char 
 Return value:  Size  Location     Type
                  1    wreg      char 
 Registers used:
		wreg, fsr1l, fsr1h, fsr2l, fsr2h, status,2, status,0, prodl, prodh, cstack
 Tracked objects:
		On entry : 
		On exit  : 
		Unchanged: 
 Data sizes:     COMRAM   BANK0   BANK1   BANK2   BANK3
      Params:         3       0       0       0       0
      Locals:         1       0       0       0       0
      Temps:          0       0       0       0       0
      Totals:         4       0       0       0       0
Total ram usage:        4 bytes
 Hardware stack levels used:    1
 Hardware stack levels required when called:    2
 This function calls:
		_send_msg
 This function is called by:
		_i2c_int_handler
 This function uses a non-reentrant model


 *************** function _send_msg *****************
 Defined at:
		line 24 in file "../src/messages.c"
 Parameters:    Size  Location     Type
  qptr            2   31[COMRAM] PTR struct __msg_queue
		 -> FromMainHigh_MQ(54), FromMainLow_MQ(54), ToMainHigh_MQ(54), ToMainLow_MQ(54), 
  length          1   33[COMRAM] unsigned char 
  msgtype         1   34[COMRAM] unsigned char 
  data            2   35[COMRAM] PTR void 
		 -> NULL(0), i2c_int_handler@error_buf(3), main@ic(28), 
 Auto vars:     Size  Location     Type
  qmsg            2   41[COMRAM] PTR struct __msg
		 -> FromMainLow_MQ.queue(52), FromMainHigh_MQ.queue(52), ToMainHigh_MQ.queue(52), ToMainLow_MQ.queue(52), 
		 -> FromMainHigh_MQ(54), FromMainLow_MQ(54), ToMainHigh_MQ(54), ToMainLow_MQ(54), 
  tlength         2   38[COMRAM] unsigned int 
  slot            1   40[COMRAM] unsigned char 
 Return value:  Size  Location     Type
                  1    wreg      char 
 Registers used:
		wreg, fsr1l, fsr1h, fsr2l, fsr2h, status,2, status,0, prodl, prodh, cstack
 Tracked objects:
		On entry : 
		On exit  : 
		Unchanged: 
 Data sizes:     COMRAM   BANK0   BANK1   BANK2   BANK3
      Params:         6       0       0       0       0
      Locals:         5       0       0       0       0
      Temps:          1       0       0       0       0
      Totals:        12       0       0       0       0
Total ram usage:       12 bytes
 Hardware stack levels used:    1
 Hardware stack levels required when called:    1
 This function calls:
		i2_memcpy
 This function is called by:
		_ToMainHigh_sendmsg
		_ToMainLow_sendmsg
		_FromMainLow_sendmsg
		_FromMainHigh_sendmsg
 This function uses a non-reentrant model


 *************** function i2_memcpy *****************
 Defined at:
		line 11 in file "C:\Program Files\Microchip\xc8\v1.30\sources\common\memcpy.c"
 Parameters:    Size  Location     Type
  d1              2   21[COMRAM] PTR void 
		 -> FromMainLow_MQ.queue(52), FromMainHigh_MQ.queue(52), ToMainHigh_MQ.queue(52), ToMainLow_MQ.queue(52), 
		 -> FromMainHigh_MQ(54), FromMainLow_MQ(54), ToMainHigh_MQ(54), ToMainLow_MQ(54), 
		 -> main@msgbuffer(11), 
  s1              2   23[COMRAM] PTR const void 
		 -> ToMainLow_MQ.data(10), ToMainHigh_MQ.data(10), FromMainLow_MQ.data(10), FromMainHigh_MQ.data(10), 
		 -> ToMainLow_MQ.queue.data(10), ToMainHigh_MQ.queue.data(10), FromMainHigh_MQ.queue.data(10), FromMainLow_MQ.queue.data(10), 
		 -> NULL(0), i2c_int_handler@error_buf(3), FromMainHigh_MQ(54), FromMainLow_MQ(54), 
		 -> ToMainHigh_MQ(54), ToMainLow_MQ(54), main@ic(28), 
  n               2   25[COMRAM] unsigned int 
 Auto vars:     Size  Location     Type
  memcpy          2   29[COMRAM] PTR const unsigned char 
		 -> ToMainLow_MQ.data(10), ToMainHigh_MQ.data(10), FromMainLow_MQ.data(10), FromMainHigh_MQ.data(10), 
		 -> ToMainLow_MQ.queue.data(10), ToMainHigh_MQ.queue.data(10), FromMainHigh_MQ.queue.data(10), FromMainLow_MQ.queue.data(10), 
		 -> NULL(0), i2c_int_handler@error_buf(3), FromMainHigh_MQ(54), FromMainLow_MQ(54), 
		 -> ToMainHigh_MQ(54), ToMainLow_MQ(54), main@ic(28), 
  memcpy          2   27[COMRAM] PTR unsigned char 
		 -> FromMainLow_MQ.queue(52), FromMainHigh_MQ.queue(52), ToMainHigh_MQ.queue(52), ToMainLow_MQ.queue(52), 
		 -> FromMainHigh_MQ(54), FromMainLow_MQ(54), ToMainHigh_MQ(54), ToMainLow_MQ(54), 
		 -> main@msgbuffer(11), 
 Return value:  Size  Location     Type
                  2   21[COMRAM] PTR void 
 Registers used:
		wreg, fsr1l, fsr1h, fsr2l, fsr2h, status,2, status,0
 Tracked objects:
		On entry : 
		On exit  : 
		Unchanged: 
 Data sizes:     COMRAM   BANK0   BANK1   BANK2   BANK3
      Params:         6       0       0       0       0
      Locals:         4       0       0       0       0
      Temps:          0       0       0       0       0
      Totals:        10       0       0       0       0
Total ram usage:       10 bytes
 Hardware stack levels used:    1
 This function calls:
		Nothing
 This function is called by:
		_send_msg
 This function uses a non-reentrant model


 *************** function _SleepIfOkay *****************
 Defined at:
		line 228 in file "../src/messages.c"
 Parameters:    Size  Location     Type
		None
 Auto vars:     Size  Location     Type
		None
 Return value:  Size  Location     Type
		None               void
 Registers used:
		wreg, fsr2l, fsr2h, status,2, status,0, prodl, prodh, cstack
 Tracked objects:
		On entry : 
		On exit  : 
		Unchanged: 
 Data sizes:     COMRAM   BANK0   BANK1   BANK2   BANK3
      Params:         0       0       0       0       0
      Locals:         0       0       0       0       0
      Temps:          0       0       0       0       0
      Totals:         0       0       0       0       0
Total ram usage:        0 bytes
 Hardware stack levels used:    1
 Hardware stack levels required when called:    2
 This function calls:
		_enter_sleep_mode
		i2_check_msg
		i2_in_high_int
		i2_in_low_int
 This function is called by:
		_InterruptHandlerHigh
 This function uses a non-reentrant model


 *************** function i2_in_low_int *****************
 Defined at:
		line 32 in file "../src/interrupts.c"
 Parameters:    Size  Location     Type
		None
 Auto vars:     Size  Location     Type
		None
 Return value:  Size  Location     Type
                  2   23[COMRAM] int 
 Registers used:
		wreg, status,2, status,0, cstack
 Tracked objects:
		On entry : 
		On exit  : 
		Unchanged: 
 Data sizes:     COMRAM   BANK0   BANK1   BANK2   BANK3
      Params:         2       0       0       0       0
      Locals:         0       0       0       0       0
      Temps:          0       0       0       0       0
      Totals:         2       0       0       0       0
Total ram usage:        2 bytes
 Hardware stack levels used:    1
 Hardware stack levels required when called:    1
 This function calls:
		i2_in_high_int
 This function is called by:
		_SleepIfOkay
 This function uses a non-reentrant model


 *************** function i2_in_high_int *****************
 Defined at:
		line 23 in file "../src/interrupts.c"
 Parameters:    Size  Location     Type
		None
 Auto vars:     Size  Location     Type
		None
 Return value:  Size  Location     Type
                  2   21[COMRAM] int 
 Registers used:
		wreg, status,2
 Tracked objects:
		On entry : 
		On exit  : 
		Unchanged: 
 Data sizes:     COMRAM   BANK0   BANK1   BANK2   BANK3
      Params:         2       0       0       0       0
      Locals:         0       0       0       0       0
      Temps:          0       0       0       0       0
      Totals:         2       0       0       0       0
Total ram usage:        2 bytes
 Hardware stack levels used:    1
 This function calls:
		Nothing
 This function is called by:
		_SleepIfOkay
		i2_in_low_int
 This function uses a non-reentrant model


 *************** function i2_check_msg *****************
 Defined at:
		line 222 in file "../src/messages.c"
 Parameters:    Size  Location     Type
  qptr            2   21[COMRAM] PTR struct __msg_queue
		 -> ToMainHigh_MQ(54), ToMainLow_MQ(54), 
 Auto vars:     Size  Location     Type
		None
 Return value:  Size  Location     Type
                  1    wreg      unsigned char 
 Registers used:
		wreg, fsr2l, fsr2h, status,2, status,0, prodl, prodh
 Tracked objects:
		On entry : 
		On exit  : 
		Unchanged: 
 Data sizes:     COMRAM   BANK0   BANK1   BANK2   BANK3
      Params:         2       0       0       0       0
      Locals:         0       0       0       0       0
      Temps:          1       0       0       0       0
      Totals:         3       0       0       0       0
Total ram usage:        3 bytes
 Hardware stack levels used:    1
 This function calls:
		Nothing
 This function is called by:
		_SleepIfOkay
 This function uses a non-reentrant model


 *************** function _enter_sleep_mode *****************
 Defined at:
		line 202 in file "../src/messages.c"
 Parameters:    Size  Location     Type
		None
 Auto vars:     Size  Location     Type
		None
 Return value:  Size  Location     Type
		None               void
 Registers used:
		None
 Tracked objects:
		On entry : 
		On exit  : 
		Unchanged: 
 Data sizes:     COMRAM   BANK0   BANK1   BANK2   BANK3
      Params:         0       0       0       0       0
      Locals:         0       0       0       0       0
      Temps:          0       0       0       0       0
      Totals:         0       0       0       0       0
Total ram usage:        0 bytes
 Hardware stack levels used:    1
 This function calls:
		Nothing
 This function is called by:
		_SleepIfOkay
 This function uses a non-reentrant model



MODULE INFORMATION

Module		Function		Class		Link	Load	Size
C:\Program Files\Microchip\xc8\v1.30\sources\pic18\plib\Timers\t0write.c
		_WriteTimer0   		CODE           	1340	0000	18

C:\Program Files\Microchip\xc8\v1.30\sources\pic18\plib\Timers\t0write.c estimated size: 18

C:\Program Files\Microchip\xc8\v1.30\sources\pic18\plib\Timers\t1write.c
		_WriteTimer1   		CODE           	131C	0000	18

C:\Program Files\Microchip\xc8\v1.30\sources\pic18\plib\Timers\t1write.c estimated size: 18

../src/user_interrupts.c
		_timer0_int_han		CODE           	12BC	0000	22
		_timer1_int_han		CODE           	128C	0000	26

../src/user_interrupts.c estimated size: 48

../src/timer0_thread.c
		_timer0_lthread		CODE           	12E6	0000	18

../src/timer0_thread.c estimated size: 18

shared
		i2_in_high_int 		CODE           	1360	0000	12
		__initializatio		CODE           	0EBA	0000	68
		i2_in_low_int  		CODE           	119A	0000	46
		i1_WriteTimer1 		CODE           	132E	0000	18
		i2_memcpy      		CODE           	10B2	0000	64
		i2_check_msg   		CODE           	1268	0000	36

shared estimated size: 244

../src/timer1_thread.c
		_init_timer1_lt		CODE           	12F8	0000	18

../src/timer1_thread.c estimated size: 18

../src/my_i2c.c
		_start_i2c_slav		CODE           	0906	0000	188
		_handle_start  		CODE           	0A6C	0000	152
		_readMessages  		CODE           	10F2	0000	58
		_i2c_configure_		CODE           	121A	0000	40
		_init_i2c      		CODE           	0F08	0000	78
		_i2c_int_handle		CODE           	00BA	0000	1064

../src/my_i2c.c estimated size: 1580

C:\Program Files\Microchip\xc8\v1.30\sources\pic18\plib\Timers\t0open.c
		_OpenTimer0    		CODE           	11C8	0000	42

C:\Program Files\Microchip\xc8\v1.30\sources\pic18\plib\Timers\t0open.c estimated size: 42

C:\Program Files\Microchip\xc8\v1.30\sources\pic18\plib\Timers\t1open.c
		_OpenTimer1    		CODE           	112C	0000	56

C:\Program Files\Microchip\xc8\v1.30\sources\pic18\plib\Timers\t1open.c estimated size: 56

../src/uart_thread.c
		_uart_lthread  		CODE           	0E6A	0000	80

../src/uart_thread.c estimated size: 80

C:\Program Files\Microchip\xc8\v1.30\sources\pic18\d1ktcyx.c
		_Delay1KTCYx   		CODE           	12A6	0000	22

C:\Program Files\Microchip\xc8\v1.30\sources\pic18\d1ktcyx.c estimated size: 22

../src/interrupts.c
		_enable_interru		CODE           	136C	0000	8
		_in_low_int    		CODE           	0FA4	0000	70
		_in_main       		CODE           	0FEA	0000	68
		_in_high_int   		CODE           	130A	0000	18
		_InterruptHandl		CODE           	0018	0000	158
		_InterruptHandl		CODE           	0008	0000	3230

../src/interrupts.c estimated size: 3552

C:\Program Files\Microchip\xc8\v1.30\sources\common\memcpy.c
		_memcpy        		CODE           	0E0C	0000	94

C:\Program Files\Microchip\xc8\v1.30\sources\common\memcpy.c estimated size: 94

C:\Program Files\Microchip\xc8\v1.30\sources\pic18\plib\USART\uwrite.c
		_WriteUSART    		CODE           	12D2	0000	20

C:\Program Files\Microchip\xc8\v1.30\sources\pic18\plib\USART\uwrite.c estimated size: 20

../src/my_uart.c
		_uart_send_int_		CODE           	0B96	0000	142
		_init_uart_recv		CODE           	11F2	0000	40
		_uart_retrieve_		CODE           	0824	0000	226

../src/my_uart.c estimated size: 408

C:\Program Files\Microchip\xc8\v1.30\sources\pic18\plib\USART\uopen.c
		_OpenUSART     		CODE           	0B04	0000	146

C:\Program Files\Microchip\xc8\v1.30\sources\pic18\plib\USART\uopen.c estimated size: 146

../src/messages.c
		_ToMainHigh_sen		CODE           	1242	0000	38
		_ToMainHigh_rec		CODE           	1070	0000	66
		_block_on_To_ms		CODE           	0CA6	0000	126
		_check_msg     		CODE           	1164	0000	54
		_ToMainLow_recv		CODE           	102E	0000	66
		_enter_sleep_mo		CODE           	1374	0000	6
		_send_msg      		CODE           	09C2	0000	170
		_init_queue    		CODE           	0D24	0000	122
		_init_queues   		CODE           	0D9E	0000	110
		_recv_msg      		CODE           	06EE	0000	310
		_SleepIfOkay   		CODE           	0F56	0000	78

../src/messages.c estimated size: 1146

../src/main.c
		_main          		CODE           	04E2	0000	524

../src/main.c estimated size: 524

