Microchip MPLAB XC8 Compiler V1.30 ()

Linker command line:

--edf=C:\Program Files\Microchip\xc8\v1.30\dat\en_msgs.txt -cs \
  -h+dist/UseXC8/debug\PIC_Framework_3.X.debug.sym \
  --cmf=dist/UseXC8/debug\PIC_Framework_3.X.debug.cmf -z -Q18F45J10 \
  -oC:\Users\ECE4534\AppData\Local\Temp\s3bg.6 \
  -Mdist/UseXC8/debug/PIC_Framework_3.X.debug.map -E1 -ver=XC8 \
  -ASTACK=0236h-03ffh -pstack=STACK -ACODE=00h-07FF7h -ACONST=00h-07FF7h \
  -ASMALLCONST=0400h-04FFhx123,07F00h-07FF7h -AMEDIUMCONST=0400h-07FF7h \
  -ACOMRAM=01h-07Fh -AABS1=00h-03FFh -ABIGRAM=01h-03FFh \
  -ARAM=080h-0FFh,0100h-01FFhx3 -ABANK0=080h-0FFh -ABANK1=0100h-01FFh \
  -ABANK2=0200h-02FFh -ABANK3=0300h-03FFh -ASFR=0F80h-0FFCh \
  -preset_vec=00h,intcode=08h,intcodelo=018h,powerup,init,end_init \
  -pramtop=0400h -psmallconst=SMALLCONST -pmediumconst=MEDIUMCONST \
  -pconst=CONST -AFARRAM=00h-00h -ACONFIG=07FF8h-07FFDh -pconfig=CONFIG \
  -pjflash_buffer=07800h \
  -prdata=COMRAM,nvrram=COMRAM,nvbit=COMRAM,rbss=COMRAM,rbit=COMRAM \
  -pfarbss=FARRAM,fardata=FARRAM,nvFARRAM=FARRAM \
  -pintsave_regs=BIGRAM,bigbss=BIGRAM,bigdata=BIGRAM -pbss=RAM \
  -pidata=CODE,irdata=CODE,ibigdata=CODE,ifardata=CODE \
  C:\Users\ECE4534\AppData\Local\Temp\s3bg.obj \
  dist/UseXC8/debug\PIC_Framework_3.X.debug.obj 

Object code version is 3.11

Machine type is 18F45J10

Call graph: (short form)




                Name                               Link     Load   Length Selector   Space Scale
C:\Users\ECE4534\AppData\Local\Temp\s3bg.obj
                end_init                             B6       B6        4        C       0
                reset_vec                             0        0        6        0       0
                config                             7FF8     7FF8        6     7FF8       0
dist/UseXC8/debug\PIC_Framework_3.X.debug.obj
                intcodelo                            18       18       9E        C       0
                intcode                               8        8        C        4       0
                text53                             19E4     19E4        6        C       0
                text52                             1916     1916       24        C       0
                text51                             19D0     19D0        C        C       0
                text50                             1820     1820       2E        C       0
                text49                             1488     1488       4E        C       0
                text48                             1664     1664       40        C       0
                text47                              BFC      BFC       D2        C       0
                text46                             1878     1878       2A        C       0
                text45                              E34      E34       98        C       0
                text44                              CCE      CCE       BC        C       0
                text43                             1624     1624       40        C       0
                text42                               BA       BA      58C        C       0
                text41                              9E8      9E8      110        C       0
                text40                             17BE     17BE       32        C       0
                text39                             19BE     19BE       12        C       0
                text38                             107C     107C       88        C       0
                intcode_body                       1104     1104       82        C       0
                text36                             19AC     19AC       12        C       0
                text35                             15E4     15E4       40        C       0
                text34                              D8A      D8A       AA        C       0
                text33                             18F2     18F2       24        C       0
                text32                             199A     199A       12        C       0
                text31                             17F0     17F0       30        C       0
                text30                             1950     1950       14        C       0
                text29                             1204     1204       7E        C       0
                text27                             184E     184E       2A        C       0
                text26                             171A     171A       38        C       0
                text25                              F60      F60       92        C       0
                text24                             13DC     13DC       5E        C       0
                text23                              8B2      8B2      136        C       0
                text22                             15A2     15A2       42        C       0
                text21                             1560     1560       42        C       0
                text20                             193A     193A       16        C       0
                text19                             1788     1788       36        C       0
                text18                             1988     1988       12        C       0
                text17                             14D6     14D6       46        C       0
                text16                             151C     151C       44        C       0
                text15                             1186     1186       7E        C       0
                text14                             19DC     19DC        8        C       0
                text13                             18CA     18CA       28        C       0
                text12                             143A     143A       4E        C       0
                text11                             1282     1282       7A        C       0
                text10                             136E     136E       6E        C       0
                text9                              1976     1976       12        C       0
                text8                              18A2     18A2       28        C       0
                text7                              1964     1964       12        C       0
                text6                               AF8      AF8      104        C       0
                text5                              1752     1752       36        C       0
                text4                               FF2      FF2       8A        C       0
                text3                              12FC     12FC       72        C       0
                text2                               ECC      ECC       94        C       0
                text1                              16A4     16A4       3C        C       0
                text0                               646      646      26C        C       0
                cstackCOMRAM                          1        1       3F        1       1
                cstackBANK0                          80       80       47       80       1
                cstackBANK1                         1A4      1A4       38      100       1
                bssBANK2                            200      200       36      200       1
                bssBANK1                            100      100       A4      100       1
                bssBANK0                             C7       C7       14       80       1
                bssCOMRAM                            40       40       10        1       1
                cinit                              16E0     16E0       3A        C       0
                nvBANK0                              DB       DB        2       80       1
                nvCOMRAM                             50       50        2        1       1

TOTAL           Name                               Link     Load   Length     Space
        CLASS   STACK          

        CLASS   CODE           
                end_init                             B6       B6        4         0
                intcodelo                            18       18       9E         0
                intcode                               8        8        C         0
                reset_vec                             0        0        6         0
                text53                             19E4     19E4        6         0
                text52                             1916     1916       24         0
                text51                             19D0     19D0        C         0
                text50                             1820     1820       2E         0
                text49                             1488     1488       4E         0
                text48                             1664     1664       40         0
                text47                              BFC      BFC       D2         0
                text46                             1878     1878       2A         0
                text45                              E34      E34       98         0
                text44                              CCE      CCE       BC         0
                text43                             1624     1624       40         0
                text42                               BA       BA      58C         0
                text41                              9E8      9E8      110         0
                text40                             17BE     17BE       32         0
                text39                             19BE     19BE       12         0
                text38                             107C     107C       88         0
                intcode_body                       1104     1104       82         0
                text36                             19AC     19AC       12         0
                text35                             15E4     15E4       40         0
                text34                              D8A      D8A       AA         0
                text33                             18F2     18F2       24         0
                text32                             199A     199A       12         0
                text31                             17F0     17F0       30         0
                text30                             1950     1950       14         0
                text29                             1204     1204       7E         0
                text27                             184E     184E       2A         0
                text26                             171A     171A       38         0
                text25                              F60      F60       92         0
                text24                             13DC     13DC       5E         0
                text23                              8B2      8B2      136         0
                text22                             15A2     15A2       42         0
                text21                             1560     1560       42         0
                text20                             193A     193A       16         0
                text19                             1788     1788       36         0
                text18                             1988     1988       12         0
                text17                             14D6     14D6       46         0
                text16                             151C     151C       44         0
                text15                             1186     1186       7E         0
                text14                             19DC     19DC        8         0
                text13                             18CA     18CA       28         0
                text12                             143A     143A       4E         0
                text11                             1282     1282       7A         0
                text10                             136E     136E       6E         0
                text9                              1976     1976       12         0
                text8                              18A2     18A2       28         0
                text7                              1964     1964       12         0
                text6                               AF8      AF8      104         0
                text5                              1752     1752       36         0
                text4                               FF2      FF2       8A         0
                text3                              12FC     12FC       72         0
                text2                               ECC      ECC       94         0
                text1                              16A4     16A4       3C         0
                text0                               646      646      26C         0
                cinit                              16E0     16E0       3A         0

        CLASS   CONST          

        CLASS   SMALLCONST     

        CLASS   MEDIUMCONST    

        CLASS   COMRAM         
                cstackCOMRAM                          1        1       3F         1
                bssCOMRAM                            40       40       10         1
                nvCOMRAM                             50       50        2         1

        CLASS   ABS1           

        CLASS   BIGRAM         

        CLASS   RAM            

        CLASS   BANK0          
                cstackBANK0                          80       80       47         1
                bssBANK0                             C7       C7       14         1
                nvBANK0                              DB       DB        2         1

        CLASS   BANK1          
                cstackBANK1                         1A4      1A4       38         1
                bssBANK1                            100      100       A4         1

        CLASS   BANK2          
                bssBANK2                            200      200       36         1

        CLASS   BANK3          

        CLASS   SFR            

        CLASS   FARRAM         

        CLASS   CONFIG         
                config                             7FF8     7FF8        6         0

        CLASS   IDLOC          



SEGMENTS        Name                           Load    Length   Top    Selector   Space  Class

                reset_vec                      000000  000006  000006         0       0  CODE    
                cstackCOMRAM                   000001  000051  000052         1       1  COMRAM  
                intcode                        000008  00000C  000014         4       0  CODE    
                intcodelo                      000018  0019D2  0019EA         C       0  CODE    
                cstackBANK0                    000080  00005D  0000DD        80       1  BANK0   
                bssBANK1                       000100  0000DC  0001DC       100       1  BANK1   
                bssBANK2                       000200  000036  000236       200       1  BANK2   
                config                         007FF8  000006  007FFE      7FF8       0  CONFIG  


UNUSED ADDRESS RANGES

        Name                Unused          Largest block    Delta
        BANK0            000DD-000FF              23
        BANK1            001DC-001FF              24
        BANK2            00236-002FF              CA
        BANK3            00300-003FF             100
        BIGRAM           00052-0007F              2E
                         000DD-000FF              23
                         001DC-001FF              24
                         00236-003FF             1CA
        CODE             00006-00007               2
                         00014-00017               4
                         019EA-07FF7            660E
        COMRAM           00052-0007F              2E
        CONST            00006-00007               2
                         00014-00017               4
                         019EA-07FF7            660E
        MEDIUMCONST      019EA-07FF7            660E
        RAM              000DD-000FF              23
                         001DC-001FF              24
                         00236-003FF              CA
        SFR              00F80-00FFC              7D
        SMALLCONST       019EA-07FF7             100
        STACK            00236-003FF             1CA

                                  Symbol Table

?_ReadTimer1                    cstackCOMRAM  00001
?___lwmod                       cstackBANK0   000A2
?_in_high_int                   cstackBANK0   000A2
?_in_low_int                    cstackBANK0   000A4
?_in_main                       cstackBANK0   000A6
?i2_in_high_int                 cstackCOMRAM  0002F
?i2_in_low_int                  cstackCOMRAM  00031
Delay1KTCYx@unit                cstackBANK0   000A2
FromMainHigh_recvmsg@data       cstackBANK0   00089
FromMainHigh_recvmsg@maxlength  cstackBANK0   0008B
FromMainHigh_recvmsg@msgtype    cstackBANK0   00087
FromMainHigh_sendmsg@data       cstackBANK0   000B9
FromMainHigh_sendmsg@length     cstackBANK0   000BB
FromMainHigh_sendmsg@msgtype    cstackBANK0   000B8
OpenTimer0@config               cstackBANK0   000A2
OpenTimer1@config               cstackBANK0   000A2
OpenUSART@config                cstackBANK0   000A7
OpenUSART@spbrg                 cstackBANK0   000A2
ReadTimer1@timer                cstackCOMRAM  00003
ToMainHigh_recvmsg@data         cstackBANK0   000BC
ToMainHigh_recvmsg@maxlength    cstackBANK0   000BE
ToMainHigh_recvmsg@msgtype      cstackBANK0   000BA
ToMainHigh_sendmsg@data         cstackBANK0   00086
ToMainHigh_sendmsg@length       cstackBANK0   00088
ToMainHigh_sendmsg@msgtype      cstackBANK0   00085
ToMainLow_recvmsg@data          cstackBANK0   000BC
ToMainLow_recvmsg@maxlength     cstackBANK0   000BE
ToMainLow_recvmsg@msgtype       cstackBANK0   000BA
ToMainLow_sendmsg@data          cstackCOMRAM  00018
ToMainLow_sendmsg@length        cstackCOMRAM  0001A
ToMainLow_sendmsg@msgtype       cstackCOMRAM  00017
WriteTimer0@timer               cstackCOMRAM  00031
WriteTimer0@timer0              cstackCOMRAM  0002F
WriteTimer1@timer               cstackCOMRAM  00003
WriteTimer1@timer1              cstackCOMRAM  00001
WriteUSART@data                 cstackCOMRAM  00001
_BAUDCONbits                    (abs)         00FB8
_Delay1KTCYx                    text20        0193A
_FromMainHigh_MQ                bssBANK2      00200
_FromMainHigh_recvmsg           text40        017BE
_FromMainHigh_sendmsg           text5         01752
_FromMainLow_MQ                 bssBANK1      00102
_INTCONbits                     (abs)         00FF2
_IPR1bits                       (abs)         00F9F
_InterruptHandlerHigh           intcode       00008
_InterruptHandlerLow            intcodelo     00018
_LATB                           (abs)         00F8A
_LATBbits                       (abs)         00F8A
_MQ_Main_Willing_to_block       bssCOMRAM     0004A
_OSCCON                         (abs)         00FD3
_OSCCONbits                     (abs)         00FD3
_OSCTUNEbits                    (abs)         00F9B
_OpenTimer0                     text27        0184E
_OpenTimer1                     text26        0171A
_OpenUSART                      text25        00F60
_PIE1bits                       (abs)         00F9D
_PIR1bits                       (abs)         00F9E
_RCONbits                       (abs)         00FD0
_RCSTA                          (abs)         00FAB
_RCSTAbits                      (abs)         00FAB
_ReadTimer1                     text36        019AC
_SPBRG                          (abs)         00FAF
_SPBRGH                         (abs)         00FB0
_SSPADD                         (abs)         00FC8
_SSPBUF                         (abs)         00FC9
_SSPCON1                        (abs)         00FC6
_SSPCON1bits                    (abs)         00FC6
_SSPCON2                        (abs)         00FC5
_SSPCON2bits                    (abs)         00FC5
_SSPSTAT                        (abs)         00FC7
_SSPSTATbits                    (abs)         00FC7
_SleepIfOkay                    text49        01488
_T0CON                          (abs)         00FD5
_T0CONbits                      (abs)         00FD5
_T1CON                          (abs)         00FCD
_T1CONbits                      (abs)         00FCD
_TMR0H                          (abs)         00FD7
_TMR0L                          (abs)         00FD6
_TMR1H                          (abs)         00FCF
_TMR1L                          (abs)         00FCE
_TRISB                          (abs)         00F93
_TRISCbits                      (abs)         00F94
_TXREG                          (abs)         00FAD
_TXSTA                          (abs)         00FAC
_TXSTAbits                      (abs)         00FAC
_ToMainHigh_MQ                  bssBANK1      00138
_ToMainHigh_recvmsg             text22        015A2
_ToMainHigh_sendmsg             text46        01878
_ToMainLow_MQ                   bssBANK1      0016E
_ToMainLow_recvmsg              text21        01560
_ToMainLow_sendmsg              text33        018F2
_USART_Status                   bssCOMRAM     0004B
_WriteTimer0                    text39        019BE
_WriteTimer1                    text32        0199A
_WriteUSART                     text30        01950
__CFG_CCP2MX$DEFAULT            (abs)         00000
__CFG_CP0$OFF                   (abs)         00000
__CFG_FCMEN$ON                  (abs)         00000
__CFG_FOSC$HSPLL                (abs)         00000
__CFG_FOSC2$ON                  (abs)         00000
__CFG_IESO$ON                   (abs)         00000
__CFG_STVREN$OFF                (abs)         00000
__CFG_WDTEN$OFF                 (abs)         00000
__CFG_WDTPS$32768               (abs)         00000
__CFG_XINST$OFF                 (abs)         00000
__HRAM                          (abs)         00000
__Habs1                         abs1          00000
__Hbank0                        bank0         00000
__Hbank1                        bank1         00000
__Hbank2                        bank2         00000
__Hbank3                        bank3         00000
__Hbigbss                       bigbss        00000
__Hbigdata                      bigdata       00000
__Hbigram                       bigram        00000
__Hbss                          bss           00000
__HbssBANK0                     bssBANK0      00000
__HbssBANK1                     bssBANK1      00000
__HbssBANK2                     bssBANK2      00000
__HbssCOMRAM                    bssCOMRAM     00000
__Hcinit                        cinit         00000
__Hclrtext                      clrtext       00000
__Hcomram                       comram        00000
__Hconfig                       config        07FFE
__Hconst                        const         00000
__HcstackBANK0                  cstackBANK0   00000
__HcstackBANK1                  cstackBANK1   00000
__HcstackCOMRAM                 cstackCOMRAM  00000
__Hdata                         data          00000
__Hend_init                     end_init      000BA
__Hfarbss                       farbss        00000
__Hfardata                      fardata       00000
__Hibigdata                     ibigdata      00000
__Hidata                        idata         00000
__Hidloc                        idloc         00000
__Hifardata                     ifardata      00000
__Hinit                         init          000B6
__Hintcode                      intcode       00014
__Hintcode_body                 intcode_body  00000
__Hintcodelo                    intcodelo     000B6
__Hintentry                     intentry      00000
__Hintret                       intret        00000
__Hintsave_regs                 intsave_regs  00000
__Hirdata                       irdata        00000
__Hjflash_buffer                jflash_buffer 07800
__Hmediumconst                  mediumconst   00000
__HnvBANK0                      nvBANK0       00000
__HnvCOMRAM                     nvCOMRAM      00000
__HnvFARRAM                     nvFARRAM      00000
__Hnvbit                        nvbit         00000
__Hnvrram                       nvrram        00000
__Hparam                        rparam        00000
__Hpowerup                      powerup       000B6
__Hram                          ram           00000
__Hramtop                       ramtop        00400
__Hrbit                         rbit          00000
__Hrbss                         rbss          00000
__Hrdata                        rdata         00000
__Hreset_vec                    reset_vec     00006
__Hrparam                       rparam        00000
__Hsfr                          sfr           00000
__Hsmallconst                   smallconst    00000
__Hstack                        stack         00000
__Hstruct                       struct        00000
__Htemp                         temp          00000
__Htext                         text          00000
__Htext0                        text0         00000
__Htext1                        text1         00000
__Htext10                       text10        00000
__Htext11                       text11        00000
__Htext12                       text12        00000
__Htext13                       text13        00000
__Htext14                       text14        00000
__Htext15                       text15        00000
__Htext16                       text16        00000
__Htext17                       text17        00000
__Htext18                       text18        00000
__Htext19                       text19        00000
__Htext2                        text2         00000
__Htext20                       text20        00000
__Htext21                       text21        00000
__Htext22                       text22        00000
__Htext23                       text23        00000
__Htext24                       text24        00000
__Htext25                       text25        00000
__Htext26                       text26        00000
__Htext27                       text27        00000
__Htext29                       text29        00000
__Htext3                        text3         00000
__Htext30                       text30        00000
__Htext31                       text31        00000
__Htext32                       text32        00000
__Htext33                       text33        00000
__Htext34                       text34        00000
__Htext35                       text35        00000
__Htext36                       text36        00000
__Htext38                       text38        00000
__Htext39                       text39        00000
__Htext4                        text4         00000
__Htext40                       text40        00000
__Htext41                       text41        00000
__Htext42                       text42        00000
__Htext43                       text43        00000
__Htext44                       text44        00000
__Htext45                       text45        00000
__Htext46                       text46        00000
__Htext47                       text47        00000
__Htext48                       text48        00000
__Htext49                       text49        00000
__Htext5                        text5         00000
__Htext50                       text50        00000
__Htext51                       text51        00000
__Htext52                       text52        00000
__Htext53                       text53        00000
__Htext6                        text6         00000
__Htext7                        text7         00000
__Htext8                        text8         00000
__Htext9                        text9         00000
__LRAM                          (abs)         00001
__Labs1                         abs1          00000
__Lbank0                        bank0         00000
__Lbank1                        bank1         00000
__Lbank2                        bank2         00000
__Lbank3                        bank3         00000
__Lbigbss                       bigbss        00000
__Lbigdata                      bigdata       00000
__Lbigram                       bigram        00000
__Lbss                          bss           00000
__LbssBANK0                     bssBANK0      00000
__LbssBANK1                     bssBANK1      00000
__LbssBANK2                     bssBANK2      00000
__LbssCOMRAM                    bssCOMRAM     00000
__Lcinit                        cinit         00000
__Lclrtext                      clrtext       00000
__Lcomram                       comram        00000
__Lconfig                       config        07FF8
__Lconst                        const         00000
__LcstackBANK0                  cstackBANK0   00000
__LcstackBANK1                  cstackBANK1   00000
__LcstackCOMRAM                 cstackCOMRAM  00000
__Ldata                         data          00000
__Lend_init                     end_init      000B6
__Lfarbss                       farbss        00000
__Lfardata                      fardata       00000
__Libigdata                     ibigdata      00000
__Lidata                        idata         00000
__Lidloc                        idloc         00000
__Lifardata                     ifardata      00000
__Linit                         init          000B6
__Lintcode                      intcode       00008
__Lintcode_body                 intcode_body  00000
__Lintcodelo                    intcodelo     00018
__Lintentry                     intentry      00000
__Lintret                       intret        00000
__Lintsave_regs                 intsave_regs  00000
__Lirdata                       irdata        00000
__Ljflash_buffer                jflash_buffer 07800
__Lmediumconst                  mediumconst   00000
__LnvBANK0                      nvBANK0       00000
__LnvCOMRAM                     nvCOMRAM      00000
__LnvFARRAM                     nvFARRAM      00000
__Lnvbit                        nvbit         00000
__Lnvrram                       nvrram        00000
__Lparam                        rparam        00000
__Lpowerup                      powerup       000B6
__Lram                          ram           00000
__Lramtop                       ramtop        00400
__Lrbit                         rbit          00000
__Lrbss                         rbss          00000
__Lrdata                        rdata         00000
__Lreset_vec                    reset_vec     00000
__Lrparam                       rparam        00000
__Lsfr                          sfr           00000
__Lsmallconst                   smallconst    00000
__Lstack                        stack         00000
__Lstruct                       struct        00000
__Ltemp                         temp          00000
__Ltext                         text          00000
__Ltext0                        text0         00000
__Ltext1                        text1         00000
__Ltext10                       text10        00000
__Ltext11                       text11        00000
__Ltext12                       text12        00000
__Ltext13                       text13        00000
__Ltext14                       text14        00000
__Ltext15                       text15        00000
__Ltext16                       text16        00000
__Ltext17                       text17        00000
__Ltext18                       text18        00000
__Ltext19                       text19        00000
__Ltext2                        text2         00000
__Ltext20                       text20        00000
__Ltext21                       text21        00000
__Ltext22                       text22        00000
__Ltext23                       text23        00000
__Ltext24                       text24        00000
__Ltext25                       text25        00000
__Ltext26                       text26        00000
__Ltext27                       text27        00000
__Ltext29                       text29        00000
__Ltext3                        text3         00000
__Ltext30                       text30        00000
__Ltext31                       text31        00000
__Ltext32                       text32        00000
__Ltext33                       text33        00000
__Ltext34                       text34        00000
__Ltext35                       text35        00000
__Ltext36                       text36        00000
__Ltext38                       text38        00000
__Ltext39                       text39        00000
__Ltext4                        text4         00000
__Ltext40                       text40        00000
__Ltext41                       text41        00000
__Ltext42                       text42        00000
__Ltext43                       text43        00000
__Ltext44                       text44        00000
__Ltext45                       text45        00000
__Ltext46                       text46        00000
__Ltext47                       text47        00000
__Ltext48                       text48        00000
__Ltext49                       text49        00000
__Ltext5                        text5         00000
__Ltext50                       text50        00000
__Ltext51                       text51        00000
__Ltext52                       text52        00000
__Ltext53                       text53        00000
__Ltext6                        text6         00000
__Ltext7                        text7         00000
__Ltext8                        text8         00000
__Ltext9                        text9         00000
__S0                            (abs)         07FFE
__S1                            (abs)         00236
__S2                            (abs)         00000
___extmem_base                  (abs)         20000
___inthi_sp                     stack         00000
___intlo_sp                     stack         00000
___lwmod                        text4         00FF2
___lwmod@counter                cstackBANK0   000A7
___lwmod@dividend               cstackBANK0   000A2
___lwmod@divisor                cstackBANK0   000A4
___sp                           stack         00000
__accesstop                     (abs)         00080
__activetblptr                  (abs)         00002
__end_of_Delay1KTCYx            text20        01950
__end_of_FromMainHigh_recvmsg   text40        017F0
__end_of_FromMainHigh_sendmsg   text5         01788
__end_of_InterruptHandlerHigh   intcode_body  01186
__end_of_InterruptHandlerLow    intcodelo     000B6
__end_of_OpenTimer0             text27        01878
__end_of_OpenTimer1             text26        01752
__end_of_OpenUSART              text25        00FF2
__end_of_ReadTimer1             text36        019BE
__end_of_SleepIfOkay            text49        014D6
__end_of_ToMainHigh_recvmsg     text22        015E4
__end_of_ToMainHigh_sendmsg     text46        018A2
__end_of_ToMainLow_recvmsg      text21        015A2
__end_of_ToMainLow_sendmsg      text33        01916
__end_of_WriteTimer0            text39        019D0
__end_of_WriteTimer1            text32        019AC
__end_of_WriteUSART             text30        01964
__end_of___lwmod                text4         0107C
__end_of__initialization        cinit         01710
__end_of_block_on_To_msgqueues  text15        01204
__end_of_check_msg              text19        017BE
__end_of_enable_interrupts      text14        019E4
__end_of_enter_sleep_mode       text53        019EA
__end_of_handle_start           text45        00ECC
__end_of_i2c_configure_slave    text13        018F2
__end_of_i2c_int_handler        text42        00646
__end_of_in_high_int            text18        0199A
__end_of_in_low_int             text17        0151C
__end_of_in_main                text16        01560
__end_of_init_i2c               text12        01488
__end_of_init_queue             text11        012FC
__end_of_init_queues            text10        013DC
__end_of_init_timer1_lthread    text9         01988
__end_of_init_uart_recv         text8         018CA
__end_of_main                   text0         008B2
__end_of_memcpy                 text24        0143A
__end_of_readMessages           text43        01664
__end_of_recv_msg               text23        009E8
__end_of_send_msg               text6         00BFC
__end_of_start_i2c_slave_reply  text44        00D8A
__end_of_timer0_int_handler     text38        01104
__end_of_timer0_lthread         text7         01976
__end_of_timer1_int_handler     text31        01820
__end_of_timer1_lthread         text3         0136E
__end_of_uart_lthread           text1         016E0
__end_of_uart_retrieve_buffer   text2         00F60
__end_of_uart_send_int_handler  text29        01282
__end_ofi1_memcpy               text35        01624
__end_ofi1_send_msg             text34        00E34
__end_ofi2_check_msg            text52        0193A
__end_ofi2_in_high_int          text51        019DC
__end_ofi2_in_low_int           text50        0184E
__end_ofi2_memcpy               text48        016A4
__end_ofi2_recv_msg             text41        00AF8
__end_ofi2_send_msg             text47        00CCE
__initialization                cinit         016E0
__mediumconst                   mediumconst   00000
__pbssBANK0                     bssBANK0      000C7
__pbssBANK1                     bssBANK1      00100
__pbssBANK2                     bssBANK2      00200
__pbssCOMRAM                    bssCOMRAM     00040
__pcinit                        cinit         016E0
__pcstackBANK0                  cstackBANK0   00080
__pcstackBANK1                  cstackBANK1   001A4
__pcstackCOMRAM                 cstackCOMRAM  00001
__pintcode                      intcode       00008
__pintcode_body                 intcode_body  01104
__pintcodelo                    intcodelo     00018
__pnvBANK0                      nvBANK0       000DB
__pnvCOMRAM                     nvCOMRAM      00050
__ptext0                        text0         00646
__ptext1                        text1         016A4
__ptext10                       text10        0136E
__ptext11                       text11        01282
__ptext12                       text12        0143A
__ptext13                       text13        018CA
__ptext14                       text14        019DC
__ptext15                       text15        01186
__ptext16                       text16        0151C
__ptext17                       text17        014D6
__ptext18                       text18        01988
__ptext19                       text19        01788
__ptext2                        text2         00ECC
__ptext20                       text20        0193A
__ptext21                       text21        01560
__ptext22                       text22        015A2
__ptext23                       text23        008B2
__ptext24                       text24        013DC
__ptext25                       text25        00F60
__ptext26                       text26        0171A
__ptext27                       text27        0184E
__ptext29                       text29        01204
__ptext3                        text3         012FC
__ptext30                       text30        01950
__ptext31                       text31        017F0
__ptext32                       text32        0199A
__ptext33                       text33        018F2
__ptext34                       text34        00D8A
__ptext35                       text35        015E4
__ptext36                       text36        019AC
__ptext38                       text38        0107C
__ptext39                       text39        019BE
__ptext4                        text4         00FF2
__ptext40                       text40        017BE
__ptext41                       text41        009E8
__ptext42                       text42        000BA
__ptext43                       text43        01624
__ptext44                       text44        00CCE
__ptext45                       text45        00E34
__ptext46                       text46        01878
__ptext47                       text47        00BFC
__ptext48                       text48        01664
__ptext49                       text49        01488
__ptext5                        text5         01752
__ptext50                       text50        01820
__ptext51                       text51        019D0
__ptext52                       text52        01916
__ptext53                       text53        019E4
__ptext6                        text6         00AF8
__ptext7                        text7         01964
__ptext8                        text8         018A2
__ptext9                        text9         01976
__ramtop                        ramtop        00400
__size_of_Delay1KTCYx           (abs)         00000
__size_of_FromMainHigh_recvmsg  (abs)         00000
__size_of_FromMainHigh_sendmsg  (abs)         00000
__size_of_InterruptHandlerHigh  (abs)         00000
__size_of_InterruptHandlerLow   (abs)         00000
__size_of_OpenTimer0            (abs)         00000
__size_of_OpenTimer1            (abs)         00000
__size_of_OpenUSART             (abs)         00000
__size_of_ReadTimer1            (abs)         00000
__size_of_SleepIfOkay           (abs)         00000
__size_of_ToMainHigh_recvmsg    (abs)         00000
__size_of_ToMainHigh_sendmsg    (abs)         00000
__size_of_ToMainLow_recvmsg     (abs)         00000
__size_of_ToMainLow_sendmsg     (abs)         00000
__size_of_WriteTimer0           (abs)         00000
__size_of_WriteTimer1           (abs)         00000
__size_of_WriteUSART            (abs)         00000
__size_of___lwmod               (abs)         00000
__size_of_block_on_To_msgqueues (abs)         00000
__size_of_check_msg             (abs)         00000
__size_of_enable_interrupts     (abs)         00000
__size_of_enter_sleep_mode      (abs)         00000
__size_of_handle_start          (abs)         00000
__size_of_i2c_configure_slave   (abs)         00000
__size_of_i2c_int_handler       (abs)         00000
__size_of_in_high_int           (abs)         00000
__size_of_in_low_int            (abs)         00000
__size_of_in_main               (abs)         00000
__size_of_init_i2c              (abs)         00000
__size_of_init_queue            (abs)         00000
__size_of_init_queues           (abs)         00000
__size_of_init_timer1_lthread   (abs)         00000
__size_of_init_uart_recv        (abs)         00000
__size_of_main                  (abs)         00000
__size_of_memcpy                (abs)         00000
__size_of_readMessages          (abs)         00000
__size_of_recv_msg              (abs)         00000
__size_of_send_msg              (abs)         00000
__size_of_start_i2c_slave_reply (abs)         00000
__size_of_timer0_int_handler    (abs)         00000
__size_of_timer0_lthread        (abs)         00000
__size_of_timer1_int_handler    (abs)         00000
__size_of_timer1_lthread        (abs)         00000
__size_of_uart_lthread          (abs)         00000
__size_of_uart_retrieve_buffer  (abs)         00000
__size_of_uart_send_int_handler (abs)         00000
__size_ofi1_memcpy              (abs)         00000
__size_ofi1_send_msg            (abs)         00000
__size_ofi2_check_msg           (abs)         00000
__size_ofi2_in_high_int         (abs)         00000
__size_ofi2_in_low_int          (abs)         00000
__size_ofi2_memcpy              (abs)         00000
__size_ofi2_recv_msg            (abs)         00000
__size_ofi2_send_msg            (abs)         00000
__smallconst                    smallconst    00000
_block_on_To_msgqueues          text15        01186
_buff                           bssCOMRAM     00040
_bufferFlag                     bssBANK1      00100
_check_msg                      text19        01788
_enable_interrupts              text14        019DC
_enter_sleep_mode               text53        019E4
_handle_start                   text45        00E34
_i2c_configure_slave            text13        018CA
_i2c_int_handler                text42        000BA
_ic_ptr                         nvCOMRAM      00050
_in_high_int                    text18        01988
_in_low_int                     text17        014D6
_in_main                        text16        0151C
_init_i2c                       text12        0143A
_init_queue                     text11        01282
_init_queues                    text10        0136E
_init_timer1_lthread            text9         01976
_init_uart_recv                 text8         018A2
_last_reg_recvd                 bssCOMRAM     0004C
_length                         bssCOMRAM     0004D
_main                           text0         00646
_memcpy                         text24        013DC
_msgbuffer                      bssBANK0      000C7
_msgtype                        bssCOMRAM     0004E
_readMessages                   text43        01624
_recv_msg                       text23        008B2
_send_msg                       text6         00AF8
_start_i2c_slave_reply          text44        00CCE
_status                         bssCOMRAM     0004F
_timer0_int_handler             text38        0107C
_timer0_lthread                 text7         01964
_timer1_int_handler             text31        017F0
_timer1_lthread                 text3         012FC
_uart_lthread                   text1         016A4
_uart_retrieve_buffer           text2         00ECC
_uart_send_int_handler          text29        01204
_uc_ptr                         nvBANK0       000DB
check_msg@qptr                  cstackBANK0   000A2
end_of_initialization           cinit         01710
handle_start@data_read          cstackCOMRAM  0002F
i1_memcpy                       text35        015E4
i1_send_msg                     text34        00D8A
i1memcpy@d                      cstackCOMRAM  00007
i1memcpy@d1                     cstackCOMRAM  00001
i1memcpy@n                      cstackCOMRAM  00005
i1memcpy@s                      cstackCOMRAM  00009
i1memcpy@s1                     cstackCOMRAM  00003
i1send_msg@data                 cstackCOMRAM  0000F
i1send_msg@length               cstackCOMRAM  0000D
i1send_msg@msgtype              cstackCOMRAM  0000E
i1send_msg@qmsg                 cstackCOMRAM  00015
i1send_msg@qptr                 cstackCOMRAM  0000B
i1send_msg@slot                 cstackCOMRAM  00014
i1send_msg@tlength              cstackCOMRAM  00012
i2_check_msg                    text52        01916
i2_in_high_int                  text51        019D0
i2_in_low_int                   text50        01820
i2_memcpy                       text48        01664
i2_recv_msg                     text41        009E8
i2_send_msg                     text47        00BFC
i2c_configure_slave@addr        cstackBANK0   000A2
i2c_int_handler@data_read       cstackBANK0   00093
i2c_int_handler@data_written    cstackBANK0   0008E
i2c_int_handler@error_buf       cstackBANK0   0008B
i2c_int_handler@i2c_data        cstackBANK0   00091
i2c_int_handler@msg_ready       cstackBANK0   00092
i2c_int_handler@msg_to_send     cstackBANK0   00090
i2c_int_handler@overrun_error   cstackBANK0   0008F
i2check_msg@qptr                cstackCOMRAM  0002F
i2memcpy@d                      cstackCOMRAM  00035
i2memcpy@d1                     cstackCOMRAM  0002F
i2memcpy@n                      cstackCOMRAM  00033
i2memcpy@s                      cstackCOMRAM  00037
i2memcpy@s1                     cstackCOMRAM  00031
i2recv_msg@data                 cstackCOMRAM  0003E
i2recv_msg@maxlength            cstackCOMRAM  0003B
i2recv_msg@msgtype              cstackCOMRAM  0003C
i2recv_msg@qmsg                 cstackBANK0   00085
i2recv_msg@qptr                 cstackCOMRAM  00039
i2recv_msg@slot                 cstackBANK0   00082
i2recv_msg@tlength              cstackBANK0   00083
i2send_msg@data                 cstackCOMRAM  0003D
i2send_msg@length               cstackCOMRAM  0003B
i2send_msg@msgtype              cstackCOMRAM  0003C
i2send_msg@qmsg                 cstackBANK0   00083
i2send_msg@qptr                 cstackCOMRAM  00039
i2send_msg@slot                 cstackBANK0   00082
i2send_msg@tlength              cstackBANK0   00080
init_i2c@ic                     cstackBANK0   000A2
init_queue@i                    cstackBANK0   000A5
init_queue@qptr                 cstackBANK0   000A2
init_timer1_lthread@tptr        cstackBANK0   000A2
init_uart_recv@uc               cstackBANK0   000A2
int_func                        intcode_body  01104
intlevel0                       text          00000
intlevel1                       text          00000
intlevel2                       text          00000
intlevel3                       text          00000
main@config1                    cstackBANK1   001AF
main@config2                    cstackBANK1   001B0
main@ic                         cstackBANK1   001C0
main@length                     cstackBANK1   001BE
main@msgbuffer                  cstackBANK1   001A4
main@msgtype                    cstackBANK1   001BF
main@portconfig                 cstackBANK1   001B1
main@t0thread_data              cstackBANK1   001B4
main@t1thread_data              cstackBANK1   001BC
main@uc                         cstackBANK1   001B6
main@uthread_data               cstackBANK1   001B2
memcpy@d                        cstackBANK0   000A8
memcpy@d1                       cstackBANK0   000A2
memcpy@n                        cstackBANK0   000A6
memcpy@s                        cstackBANK0   000AA
memcpy@s1                       cstackBANK0   000A4
readMessages@buf                cstackCOMRAM  00035
recv_msg@data                   cstackBANK0   000B1
recv_msg@maxlength              cstackBANK0   000AE
recv_msg@msgtype                cstackBANK0   000AF
recv_msg@qmsg                   cstackBANK0   000B8
recv_msg@qptr                   cstackBANK0   000AC
recv_msg@slot                   cstackBANK0   000B5
recv_msg@tlength                cstackBANK0   000B6
send_msg@data                   cstackBANK0   000B0
send_msg@length                 cstackBANK0   000AE
send_msg@msgtype                cstackBANK0   000AF
send_msg@qmsg                   cstackBANK0   000B6
send_msg@qptr                   cstackBANK0   000AC
send_msg@slot                   cstackBANK0   000B5
send_msg@tlength                cstackBANK0   000B3
stackhi                         (abs)         003FF
stacklo                         (abs)         00236
start                           init          000B6
start_i2c_slave_reply@length    cstackCOMRAM  00033
start_i2c_slave_reply@msg       cstackCOMRAM  0002F
start_initialization            cinit         016E0
timer0_int_handler@length       cstackBANK0   0008D
timer0_int_handler@msgtype      cstackBANK0   0008F
timer0_int_handler@val          cstackBANK0   00091
timer0_lthread@length           cstackBANK0   000A6
timer0_lthread@msgbuffer        cstackBANK0   000A8
timer0_lthread@msgtype          cstackBANK0   000A4
timer0_lthread@msgval           cstackBANK0   000AA
timer0_lthread@tptr             cstackBANK0   000A2
timer1_int_handler@result       cstackCOMRAM  0001C
timer1_lthread@length           cstackBANK0   000C0
timer1_lthread@msgbuffer        cstackBANK0   000C2
timer1_lthread@msgtype          cstackBANK0   000BE
timer1_lthread@retval           cstackBANK0   000C5
timer1_lthread@tptr             cstackBANK0   000BC
uart_lthread@length             cstackBANK0   000AC
uart_lthread@msgbuffer          cstackBANK0   000AE
uart_lthread@msgtype            cstackBANK0   000AA
uart_lthread@uptr               cstackBANK0   000A8
uart_retrieve_buffer@i          cstackBANK0   000A6
uart_retrieve_buffer@length     cstackBANK0   000A2
uart_retrieve_buffer@msgbuffer  cstackBANK0   000A4


FUNCTION INFORMATION:

 *************** function _main *****************
 Defined at:
		line 188 in file "../src/main.c"
 Parameters:    Size  Location     Type
		None
 Auto vars:     Size  Location     Type
  ic             28   28[BANK1 ] struct __i2c_comm
  msgbuffer      11    0[BANK1 ] unsigned char [11]
  uc              6   18[BANK1 ] struct __uart_comm
  t1thread_dat    2   24[BANK1 ] struct __timer1_thread_s
  t0thread_dat    2   16[BANK1 ] struct __timer0_thread_s
  uthread_data    2   14[BANK1 ] struct __uart_thread_str
  msgtype         1   27[BANK1 ] unsigned char 
  length          1   26[BANK1 ] char 
  portconfig      1   13[BANK1 ] unsigned char 
  config2         1   12[BANK1 ] unsigned char 
  config1         1   11[BANK1 ] unsigned char 
  i               1    0        unsigned char 
  last_reg_rec    1    0        unsigned char 
  c               1    0        unsigned char 
 Return value:  Size  Location     Type
		None               void
 Registers used:
		wreg, fsr0l, fsr0h, fsr1l, fsr1h, fsr1l, fsr1h, fsr2l, fsr2h, status,2, status,0, pclat, btemp, btemp+1, btemp+2, btemp+3, btemp+4, btemp+5, btemp+6, btemp+7, btemp+8, btemp+9, btemp+10, btemp+11, tosl, structret, tblptrl, tblptrh, tblptru, prodl, prodh, bsr, cstack
 Tracked objects:
		On entry : 
		On exit  : 
		Unchanged: 
 Data sizes:     COMRAM   BANK0   BANK1   BANK2   BANK3
      Params:         0       0       0       0       0
      Locals:         0       0      56       0       0
      Temps:          0       1       0       0       0
      Totals:         0       1      56       0       0
Total ram usage:       57 bytes
 Hardware stack levels required when called:   14
 This function calls:
		_OpenTimer0
		_OpenTimer1
		_OpenUSART
		_ToMainHigh_recvmsg
		_ToMainLow_recvmsg
		_block_on_To_msgqueues
		_enable_interrupts
		_i2c_configure_slave
		_init_i2c
		_init_queues
		_init_timer1_lthread
		_init_uart_recv
		_timer0_lthread
		_timer1_lthread
		_uart_lthread
 This function is called by:
		Startup code after reset
 This function uses a non-reentrant model


 *************** function _uart_lthread *****************
 Defined at:
		line 10 in file "../src/uart_thread.c"
 Parameters:    Size  Location     Type
  uptr            2   40[BANK0 ] PTR struct __uart_thread
		 -> main@uthread_data(2), 
  msgtype         2   42[BANK0 ] int 
  length          2   44[BANK0 ] int 
  msgbuffer       2   46[BANK0 ] PTR unsigned char 
		 -> main@msgbuffer(11), 
 Auto vars:     Size  Location     Type
		None
 Return value:  Size  Location     Type
                  2   40[BANK0 ] int 
 Registers used:
		wreg, fsr1l, fsr1h, fsr2l, fsr2h, status,2, status,0, cstack
 Tracked objects:
		On entry : 
		On exit  : 
		Unchanged: 
 Data sizes:     COMRAM   BANK0   BANK1   BANK2   BANK3
      Params:         0       8       0       0       0
      Locals:         0       0       0       0       0
      Temps:          0       0       0       0       0
      Totals:         0       8       0       0       0
Total ram usage:        8 bytes
 Hardware stack levels used:    1
 Hardware stack levels required when called:   11
 This function calls:
		_uart_retrieve_buffer
 This function is called by:
		_main
 This function uses a non-reentrant model


 *************** function _uart_retrieve_buffer *****************
 Defined at:
		line 27 in file "../src/my_uart.c"
 Parameters:    Size  Location     Type
  length          2   34[BANK0 ] int 
  msgbuffer       2   36[BANK0 ] PTR unsigned char 
		 -> main@msgbuffer(11), 
 Auto vars:     Size  Location     Type
  i               2   38[BANK0 ] int 
 Return value:  Size  Location     Type
		None               void
 Registers used:
		wreg, fsr1l, fsr1h, fsr2l, fsr2h, status,2, status,0
 Tracked objects:
		On entry : 
		On exit  : 
		Unchanged: 
 Data sizes:     COMRAM   BANK0   BANK1   BANK2   BANK3
      Params:         0       4       0       0       0
      Locals:         0       2       0       0       0
      Temps:          0       0       0       0       0
      Totals:         0       6       0       0       0
Total ram usage:        6 bytes
 Hardware stack levels used:    1
 Hardware stack levels required when called:   10
 This function calls:
		Nothing
 This function is called by:
		_uart_lthread
 This function uses a non-reentrant model


 *************** function _timer1_lthread *****************
 Defined at:
		line 14 in file "../src/timer1_thread.c"
 Parameters:    Size  Location     Type
  tptr            2   60[BANK0 ] PTR struct __timer1_thre
		 -> main@t1thread_data(2), 
  msgtype         2   62[BANK0 ] int 
  length          2   64[BANK0 ] int 
  msgbuffer       2   66[BANK0 ] PTR unsigned char 
		 -> main@msgbuffer(11), 
 Auto vars:     Size  Location     Type
  retval          1   69[BANK0 ] char 
 Return value:  Size  Location     Type
                  2   60[BANK0 ] int 
 Registers used:
		wreg, fsr0l, fsr0h, fsr1l, fsr1h, fsr1l, fsr1h, fsr2l, fsr2h, status,2, status,0, pclat, btemp, btemp+1, btemp+2, btemp+3, btemp+4, btemp+5, btemp+6, btemp+7, btemp+8, btemp+9, btemp+10, btemp+11, tosl, structret, tblptrl, tblptrh, tblptru, prodl, prodh, bsr, cstack
 Tracked objects:
		On entry : 
		On exit  : 
		Unchanged: 
 Data sizes:     COMRAM   BANK0   BANK1   BANK2   BANK3
      Params:         0       8       0       0       0
      Locals:         0       1       0       0       0
      Temps:          0       1       0       0       0
      Totals:         0      10       0       0       0
Total ram usage:       10 bytes
 Hardware stack levels used:    1
 Hardware stack levels required when called:   13
 This function calls:
		_FromMainHigh_sendmsg
		___lwmod
 This function is called by:
		_main
 This function uses a non-reentrant model


 *************** function ___lwmod *****************
 Defined at:
		line 8 in file "C:\Program Files\Microchip\xc8\v1.30\sources\common\lwmod.c"
 Parameters:    Size  Location     Type
  dividend        2   34[BANK0 ] unsigned int 
  divisor         2   36[BANK0 ] unsigned int 
 Auto vars:     Size  Location     Type
  counter         1   39[BANK0 ] unsigned char 
 Return value:  Size  Location     Type
                  2   34[BANK0 ] unsigned int 
 Registers used:
		wreg, status,2, status,0
 Tracked objects:
		On entry : 
		On exit  : 
		Unchanged: 
 Data sizes:     COMRAM   BANK0   BANK1   BANK2   BANK3
      Params:         0       4       0       0       0
      Locals:         0       1       0       0       0
      Temps:          0       1       0       0       0
      Totals:         0       6       0       0       0
Total ram usage:        6 bytes
 Hardware stack levels used:    1
 Hardware stack levels required when called:   10
 This function calls:
		Nothing
 This function is called by:
		_timer1_lthread
 This function uses a non-reentrant model


 *************** function _FromMainHigh_sendmsg *****************
 Defined at:
		line 174 in file "../src/messages.c"
 Parameters:    Size  Location     Type
  length          1    wreg     unsigned char 
  msgtype         1   56[BANK0 ] unsigned char 
  data            2   57[BANK0 ] PTR void 
		 -> main@t1thread_data(2), 
 Auto vars:     Size  Location     Type
  length          1   59[BANK0 ] unsigned char 
 Return value:  Size  Location     Type
                  1    wreg      char 
 Registers used:
		wreg, fsr1l, fsr1h, fsr2l, fsr2h, status,2, status,0, prodl, prodh, cstack
 Tracked objects:
		On entry : 
		On exit  : 
		Unchanged: 
 Data sizes:     COMRAM   BANK0   BANK1   BANK2   BANK3
      Params:         0       3       0       0       0
      Locals:         0       1       0       0       0
      Temps:          0       0       0       0       0
      Totals:         0       4       0       0       0
Total ram usage:        4 bytes
 Hardware stack levels used:    1
 Hardware stack levels required when called:   12
 This function calls:
		_send_msg
 This function is called by:
		_timer1_lthread
 This function uses a non-reentrant model


 *************** function _send_msg *****************
 Defined at:
		line 24 in file "../src/messages.c"
 Parameters:    Size  Location     Type
  qptr            2   44[BANK0 ] PTR struct __msg_queue
		 -> FromMainHigh_MQ(54), FromMainLow_MQ(54), ToMainHigh_MQ(54), ToMainLow_MQ(54), 
  length          1   46[BANK0 ] unsigned char 
  msgtype         1   47[BANK0 ] unsigned char 
  data            2   48[BANK0 ] PTR void 
		 -> NULL(0), timer0_int_handler@val(2), i2c_int_handler@error_buf(3), main@t1thread_data(2), 
		 -> main@ic(28), 
 Auto vars:     Size  Location     Type
  qmsg            2   54[BANK0 ] PTR struct __msg
		 -> FromMainLow_MQ.queue(52), FromMainHigh_MQ.queue(52), ToMainHigh_MQ.queue(52), ToMainLow_MQ.queue(52), 
		 -> FromMainHigh_MQ(54), FromMainLow_MQ(54), ToMainHigh_MQ(54), ToMainLow_MQ(54), 
  tlength         2   51[BANK0 ] unsigned int 
  slot            1   53[BANK0 ] unsigned char 
 Return value:  Size  Location     Type
                  1    wreg      char 
 Registers used:
		wreg, fsr1l, fsr1h, fsr2l, fsr2h, status,2, status,0, prodl, prodh, cstack
 Tracked objects:
		On entry : 
		On exit  : 
		Unchanged: 
 Data sizes:     COMRAM   BANK0   BANK1   BANK2   BANK3
      Params:         0       6       0       0       0
      Locals:         0       5       0       0       0
      Temps:          0       1       0       0       0
      Totals:         0      12       0       0       0
Total ram usage:       12 bytes
 Hardware stack levels used:    1
 Hardware stack levels required when called:   11
 This function calls:
		_memcpy
 This function is called by:
		_FromMainHigh_sendmsg
		_FromMainLow_sendmsg
 This function uses a non-reentrant model


 *************** function _timer0_lthread *****************
 Defined at:
		line 9 in file "../src/timer0_thread.c"
 Parameters:    Size  Location     Type
  tptr            2   34[BANK0 ] PTR struct __timer0_thre
		 -> main@t0thread_data(2), 
  msgtype         2   36[BANK0 ] int 
  length          2   38[BANK0 ] int 
  msgbuffer       2   40[BANK0 ] PTR unsigned char 
		 -> main@msgbuffer(11), 
 Auto vars:     Size  Location     Type
  msgval          2   42[BANK0 ] PTR unsigned int 
		 -> main@msgbuffer(11), 
 Return value:  Size  Location     Type
                  2   34[BANK0 ] int 
 Registers used:
		wreg, status,2, status,0
 Tracked objects:
		On entry : 
		On exit  : 
		Unchanged: 
 Data sizes:     COMRAM   BANK0   BANK1   BANK2   BANK3
      Params:         0       8       0       0       0
      Locals:         0       2       0       0       0
      Temps:          0       0       0       0       0
      Totals:         0      10       0       0       0
Total ram usage:       10 bytes
 Hardware stack levels used:    1
 Hardware stack levels required when called:   10
 This function calls:
		Nothing
 This function is called by:
		_main
 This function uses a non-reentrant model


 *************** function _init_uart_recv *****************
 Defined at:
		line 12 in file "../src/my_uart.c"
 Parameters:    Size  Location     Type
  uc              2   34[BANK0 ] PTR struct __uart_comm
		 -> main@uc(6), 
 Auto vars:     Size  Location     Type
		None
 Return value:  Size  Location     Type
		None               void
 Registers used:
		wreg, fsr2l, fsr2h, status,2, status,0
 Tracked objects:
		On entry : 
		On exit  : 
		Unchanged: 
 Data sizes:     COMRAM   BANK0   BANK1   BANK2   BANK3
      Params:         0       2       0       0       0
      Locals:         0       0       0       0       0
      Temps:          0       0       0       0       0
      Totals:         0       2       0       0       0
Total ram usage:        2 bytes
 Hardware stack levels used:    1
 Hardware stack levels required when called:   10
 This function calls:
		Nothing
 This function is called by:
		_main
 This function uses a non-reentrant model


 *************** function _init_timer1_lthread *****************
 Defined at:
		line 6 in file "../src/timer1_thread.c"
 Parameters:    Size  Location     Type
  tptr            2   34[BANK0 ] PTR struct __timer1_thre
		 -> main@t1thread_data(2), 
 Auto vars:     Size  Location     Type
		None
 Return value:  Size  Location     Type
		None               void
 Registers used:
		wreg, fsr2l, fsr2h
 Tracked objects:
		On entry : 
		On exit  : 
		Unchanged: 
 Data sizes:     COMRAM   BANK0   BANK1   BANK2   BANK3
      Params:         0       2       0       0       0
      Locals:         0       0       0       0       0
      Temps:          0       0       0       0       0
      Totals:         0       2       0       0       0
Total ram usage:        2 bytes
 Hardware stack levels used:    1
 Hardware stack levels required when called:   10
 This function calls:
		Nothing
 This function is called by:
		_main
 This function uses a non-reentrant model


 *************** function _init_queues *****************
 Defined at:
		line 194 in file "../src/messages.c"
 Parameters:    Size  Location     Type
		None
 Auto vars:     Size  Location     Type
		None
 Return value:  Size  Location     Type
		None               void
 Registers used:
		wreg, fsr2l, fsr2h, status,2, status,0, prodl, prodh, cstack
 Tracked objects:
		On entry : 
		On exit  : 
		Unchanged: 
 Data sizes:     COMRAM   BANK0   BANK1   BANK2   BANK3
      Params:         0       0       0       0       0
      Locals:         0       0       0       0       0
      Temps:          0       1       0       0       0
      Totals:         0       1       0       0       0
Total ram usage:        1 bytes
 Hardware stack levels used:    1
 Hardware stack levels required when called:   11
 This function calls:
		_init_queue
 This function is called by:
		_main
 This function uses a non-reentrant model


 *************** function _init_queue *****************
 Defined at:
		line 14 in file "../src/messages.c"
 Parameters:    Size  Location     Type
  qptr            2   34[BANK0 ] PTR struct __msg_queue
		 -> FromMainHigh_MQ(54), FromMainLow_MQ(54), ToMainHigh_MQ(54), ToMainLow_MQ(54), 
 Auto vars:     Size  Location     Type
  i               1   37[BANK0 ] unsigned char 
 Return value:  Size  Location     Type
		None               void
 Registers used:
		wreg, fsr2l, fsr2h, status,2, status,0, prodl, prodh
 Tracked objects:
		On entry : 
		On exit  : 
		Unchanged: 
 Data sizes:     COMRAM   BANK0   BANK1   BANK2   BANK3
      Params:         0       2       0       0       0
      Locals:         0       1       0       0       0
      Temps:          0       1       0       0       0
      Totals:         0       4       0       0       0
Total ram usage:        4 bytes
 Hardware stack levels used:    1
 Hardware stack levels required when called:   10
 This function calls:
		Nothing
 This function is called by:
		_init_queues
 This function uses a non-reentrant model


 *************** function _init_i2c *****************
 Defined at:
		line 250 in file "../src/my_i2c.c"
 Parameters:    Size  Location     Type
  ic              2   34[BANK0 ] PTR struct __i2c_comm
		 -> main@ic(28), 
 Auto vars:     Size  Location     Type
		None
 Return value:  Size  Location     Type
		None               void
 Registers used:
		wreg, fsr2l, fsr2h, status,2, status,0
 Tracked objects:
		On entry : 
		On exit  : 
		Unchanged: 
 Data sizes:     COMRAM   BANK0   BANK1   BANK2   BANK3
      Params:         0       2       0       0       0
      Locals:         0       0       0       0       0
      Temps:          0       0       0       0       0
      Totals:         0       2       0       0       0
Total ram usage:        2 bytes
 Hardware stack levels used:    1
 Hardware stack levels required when called:   10
 This function calls:
		Nothing
 This function is called by:
		_main
 This function uses a non-reentrant model


 *************** function _i2c_configure_slave *****************
 Defined at:
		line 261 in file "../src/my_i2c.c"
 Parameters:    Size  Location     Type
  addr            1    wreg     unsigned char 
 Auto vars:     Size  Location     Type
  addr            1   34[BANK0 ] unsigned char 
 Return value:  Size  Location     Type
		None               void
 Registers used:
		wreg, status,2, status,0
 Tracked objects:
		On entry : 
		On exit  : 
		Unchanged: 
 Data sizes:     COMRAM   BANK0   BANK1   BANK2   BANK3
      Params:         0       0       0       0       0
      Locals:         0       1       0       0       0
      Temps:          0       0       0       0       0
      Totals:         0       1       0       0       0
Total ram usage:        1 bytes
 Hardware stack levels used:    1
 Hardware stack levels required when called:   10
 This function calls:
		Nothing
 This function is called by:
		_main
 This function uses a non-reentrant model


 *************** function _enable_interrupts *****************
 Defined at:
		line 15 in file "../src/interrupts.c"
 Parameters:    Size  Location     Type
		None
 Auto vars:     Size  Location     Type
		None
 Return value:  Size  Location     Type
		None               void
 Registers used:
		None
 Tracked objects:
		On entry : 
		On exit  : 
		Unchanged: 
 Data sizes:     COMRAM   BANK0   BANK1   BANK2   BANK3
      Params:         0       0       0       0       0
      Locals:         0       0       0       0       0
      Temps:          0       0       0       0       0
      Totals:         0       0       0       0       0
Total ram usage:        0 bytes
 Hardware stack levels used:    1
 Hardware stack levels required when called:   10
 This function calls:
		Nothing
 This function is called by:
		_main
 This function uses a non-reentrant model


 *************** function _block_on_To_msgqueues *****************
 Defined at:
		line 258 in file "../src/messages.c"
 Parameters:    Size  Location     Type
		None
 Auto vars:     Size  Location     Type
		None
 Return value:  Size  Location     Type
		None               void
 Registers used:
		wreg, fsr2l, fsr2h, status,2, status,0, prodl, prodh, cstack
 Tracked objects:
		On entry : 
		On exit  : 
		Unchanged: 
 Data sizes:     COMRAM   BANK0   BANK1   BANK2   BANK3
      Params:         0       0       0       0       0
      Locals:         0       0       0       0       0
      Temps:          0       1       0       0       0
      Totals:         0       1       0       0       0
Total ram usage:        1 bytes
 Hardware stack levels used:    1
 Hardware stack levels required when called:   13
 This function calls:
		_Delay1KTCYx
		_check_msg
		_in_main
 This function is called by:
		_main
 This function uses a non-reentrant model


 *************** function _in_main *****************
 Defined at:
		line 43 in file "../src/interrupts.c"
 Parameters:    Size  Location     Type
		None
 Auto vars:     Size  Location     Type
		None
 Return value:  Size  Location     Type
                  2   38[BANK0 ] int 
 Registers used:
		wreg, status,2, status,0, cstack
 Tracked objects:
		On entry : 
		On exit  : 
		Unchanged: 
 Data sizes:     COMRAM   BANK0   BANK1   BANK2   BANK3
      Params:         0       2       0       0       0
      Locals:         0       0       0       0       0
      Temps:          0       0       0       0       0
      Totals:         0       2       0       0       0
Total ram usage:        2 bytes
 Hardware stack levels used:    1
 Hardware stack levels required when called:   12
 This function calls:
		_in_high_int
		_in_low_int
 This function is called by:
		_block_on_To_msgqueues
 This function uses a non-reentrant model


 *************** function _in_low_int *****************
 Defined at:
		line 32 in file "../src/interrupts.c"
 Parameters:    Size  Location     Type
		None
 Auto vars:     Size  Location     Type
		None
 Return value:  Size  Location     Type
                  2   36[BANK0 ] int 
 Registers used:
		wreg, status,2, status,0, cstack
 Tracked objects:
		On entry : 
		On exit  : 
		Unchanged: 
 Data sizes:     COMRAM   BANK0   BANK1   BANK2   BANK3
      Params:         0       2       0       0       0
      Locals:         0       0       0       0       0
      Temps:          0       0       0       0       0
      Totals:         0       2       0       0       0
Total ram usage:        2 bytes
 Hardware stack levels used:    1
 Hardware stack levels required when called:   11
 This function calls:
		_in_high_int
 This function is called by:
		_in_main
 This function uses a non-reentrant model


 *************** function _in_high_int *****************
 Defined at:
		line 23 in file "../src/interrupts.c"
 Parameters:    Size  Location     Type
		None
 Auto vars:     Size  Location     Type
		None
 Return value:  Size  Location     Type
                  2   34[BANK0 ] int 
 Registers used:
		wreg, status,2
 Tracked objects:
		On entry : 
		On exit  : 
		Unchanged: 
 Data sizes:     COMRAM   BANK0   BANK1   BANK2   BANK3
      Params:         0       2       0       0       0
      Locals:         0       0       0       0       0
      Temps:          0       0       0       0       0
      Totals:         0       2       0       0       0
Total ram usage:        2 bytes
 Hardware stack levels used:    1
 Hardware stack levels required when called:   10
 This function calls:
		Nothing
 This function is called by:
		_in_low_int
		_in_main
 This function uses a non-reentrant model


 *************** function _check_msg *****************
 Defined at:
		line 222 in file "../src/messages.c"
 Parameters:    Size  Location     Type
  qptr            2   34[BANK0 ] PTR struct __msg_queue
		 -> ToMainHigh_MQ(54), ToMainLow_MQ(54), 
 Auto vars:     Size  Location     Type
		None
 Return value:  Size  Location     Type
                  1    wreg      unsigned char 
 Registers used:
		wreg, fsr2l, fsr2h, status,2, status,0, prodl, prodh
 Tracked objects:
		On entry : 
		On exit  : 
		Unchanged: 
 Data sizes:     COMRAM   BANK0   BANK1   BANK2   BANK3
      Params:         0       2       0       0       0
      Locals:         0       0       0       0       0
      Temps:          0       1       0       0       0
      Totals:         0       3       0       0       0
Total ram usage:        3 bytes
 Hardware stack levels used:    1
 Hardware stack levels required when called:   10
 This function calls:
		Nothing
 This function is called by:
		_block_on_To_msgqueues
 This function uses a non-reentrant model


 *************** function _Delay1KTCYx *****************
 Defined at:
		line 8 in file "C:\Program Files\Microchip\xc8\v1.30\sources\pic18\d1ktcyx.c"
 Parameters:    Size  Location     Type
  unit            1    wreg     unsigned char 
 Auto vars:     Size  Location     Type
  unit            1   34[BANK0 ] unsigned char 
 Return value:  Size  Location     Type
		None               void
 Registers used:
		wreg
 Tracked objects:
		On entry : 
		On exit  : 
		Unchanged: 
 Data sizes:     COMRAM   BANK0   BANK1   BANK2   BANK3
      Params:         0       0       0       0       0
      Locals:         0       1       0       0       0
      Temps:          0       0       0       0       0
      Totals:         0       1       0       0       0
Total ram usage:        1 bytes
 Hardware stack levels used:    1
 Hardware stack levels required when called:   10
 This function calls:
		Nothing
 This function is called by:
		_block_on_To_msgqueues
 This function uses a non-reentrant model


 *************** function _ToMainLow_recvmsg *****************
 Defined at:
		line 112 in file "../src/messages.c"
 Parameters:    Size  Location     Type
  maxlength       1    wreg     unsigned char 
  msgtype         2   58[BANK0 ] PTR unsigned char 
		 -> main@msgtype(1), 
  data            2   60[BANK0 ] PTR void 
		 -> main@msgbuffer(11), 
 Auto vars:     Size  Location     Type
  maxlength       1   62[BANK0 ] unsigned char 
 Return value:  Size  Location     Type
                  1    wreg      char 
 Registers used:
		wreg, fsr1l, fsr1h, fsr2l, fsr2h, status,2, status,0, prodl, prodh, cstack
 Tracked objects:
		On entry : 
		On exit  : 
		Unchanged: 
 Data sizes:     COMRAM   BANK0   BANK1   BANK2   BANK3
      Params:         0       4       0       0       0
      Locals:         0       1       0       0       0
      Temps:          0       0       0       0       0
      Totals:         0       5       0       0       0
Total ram usage:        5 bytes
 Hardware stack levels used:    1
 Hardware stack levels required when called:   12
 This function calls:
		_recv_msg
 This function is called by:
		_main
 This function uses a non-reentrant model


 *************** function _ToMainHigh_recvmsg *****************
 Defined at:
		line 135 in file "../src/messages.c"
 Parameters:    Size  Location     Type
  maxlength       1    wreg     unsigned char 
  msgtype         2   58[BANK0 ] PTR unsigned char 
		 -> main@msgtype(1), 
  data            2   60[BANK0 ] PTR void 
		 -> main@msgbuffer(11), 
 Auto vars:     Size  Location     Type
  maxlength       1   62[BANK0 ] unsigned char 
 Return value:  Size  Location     Type
                  1    wreg      char 
 Registers used:
		wreg, fsr1l, fsr1h, fsr2l, fsr2h, status,2, status,0, prodl, prodh, cstack
 Tracked objects:
		On entry : 
		On exit  : 
		Unchanged: 
 Data sizes:     COMRAM   BANK0   BANK1   BANK2   BANK3
      Params:         0       4       0       0       0
      Locals:         0       1       0       0       0
      Temps:          0       0       0       0       0
      Totals:         0       5       0       0       0
Total ram usage:        5 bytes
 Hardware stack levels used:    1
 Hardware stack levels required when called:   12
 This function calls:
		_recv_msg
 This function is called by:
		_main
 This function uses a non-reentrant model


 *************** function _recv_msg *****************
 Defined at:
		line 63 in file "../src/messages.c"
 Parameters:    Size  Location     Type
  qptr            2   44[BANK0 ] PTR struct __msg_queue
		 -> FromMainHigh_MQ(54), FromMainLow_MQ(54), ToMainHigh_MQ(54), ToMainLow_MQ(54), 
  maxlength       1   46[BANK0 ] unsigned char 
  msgtype         2   47[BANK0 ] PTR unsigned char 
		 -> timer0_int_handler@msgtype(2), main@msgtype(1), 
  data            2   49[BANK0 ] PTR void 
		 -> timer0_int_handler@val(2), main@msgbuffer(11), 
 Auto vars:     Size  Location     Type
  qmsg            2   56[BANK0 ] PTR struct __msg
		 -> FromMainLow_MQ.queue(52), FromMainHigh_MQ.queue(52), ToMainHigh_MQ.queue(52), ToMainLow_MQ.queue(52), 
		 -> FromMainHigh_MQ(54), FromMainLow_MQ(54), ToMainHigh_MQ(54), ToMainLow_MQ(54), 
  tlength         2   54[BANK0 ] unsigned int 
  slot            1   53[BANK0 ] unsigned char 
 Return value:  Size  Location     Type
                  1    wreg      char 
 Registers used:
		wreg, fsr1l, fsr1h, fsr2l, fsr2h, status,2, status,0, prodl, prodh, cstack
 Tracked objects:
		On entry : 
		On exit  : 
		Unchanged: 
 Data sizes:     COMRAM   BANK0   BANK1   BANK2   BANK3
      Params:         0       7       0       0       0
      Locals:         0       5       0       0       0
      Temps:          0       2       0       0       0
      Totals:         0      14       0       0       0
Total ram usage:       14 bytes
 Hardware stack levels used:    1
 Hardware stack levels required when called:   11
 This function calls:
		_memcpy
 This function is called by:
		_ToMainLow_recvmsg
		_ToMainHigh_recvmsg
		_FromMainLow_recvmsg
 This function uses a non-reentrant model


 *************** function _memcpy *****************
 Defined at:
		line 11 in file "C:\Program Files\Microchip\xc8\v1.30\sources\common\memcpy.c"
 Parameters:    Size  Location     Type
  d1              2   34[BANK0 ] PTR void 
		 -> FromMainLow_MQ.queue(52), FromMainHigh_MQ.queue(52), ToMainHigh_MQ.queue(52), ToMainLow_MQ.queue(52), 
		 -> timer0_int_handler@val(2), FromMainHigh_MQ(54), FromMainLow_MQ(54), ToMainHigh_MQ(54), 
		 -> ToMainLow_MQ(54), main@msgbuffer(11), 
  s1              2   36[BANK0 ] PTR const void 
		 -> ToMainLow_MQ.data(10), ToMainHigh_MQ.data(10), FromMainLow_MQ.data(10), FromMainHigh_MQ.data(10), 
		 -> ToMainLow_MQ.queue.data(10), ToMainHigh_MQ.queue.data(10), FromMainHigh_MQ.queue.data(10), FromMainLow_MQ.queue.data(10), 
		 -> NULL(0), timer0_int_handler@val(2), i2c_int_handler@error_buf(3), FromMainHigh_MQ(54), 
		 -> FromMainLow_MQ(54), ToMainHigh_MQ(54), ToMainLow_MQ(54), main@t1thread_data(2), 
		 -> main@ic(28), 
  n               2   38[BANK0 ] unsigned int 
 Auto vars:     Size  Location     Type
[...]
                  1    wreg      char 
 Registers used:
		wreg, fsr1l, fsr1h, fsr2l, fsr2h, status,2, status,0, prodl, prodh, cstack
 Tracked objects:
		On entry : 
		On exit  : 
		Unchanged: 
 Data sizes:     COMRAM   BANK0   BANK1   BANK2   BANK3
      Params:         7       0       0       0       0
      Locals:         0       5       0       0       0
      Temps:          0       2       0       0       0
      Totals:         7       7       0       0       0
Total ram usage:       14 bytes
 Hardware stack levels used:    1
 Hardware stack levels required when called:    1
 This function calls:
		i2_memcpy
 This function is called by:
		_FromMainHigh_recvmsg
 This function uses a non-reentrant model


 *************** function _i2c_int_handler *****************
 Defined at:
		line 77 in file "../src/my_i2c.c"
 Parameters:    Size  Location     Type
		None
 Auto vars:     Size  Location     Type
  error_buf       3   11[BANK0 ] unsigned char [3]
  data_read       1   19[BANK0 ] unsigned char 
  msg_ready       1   18[BANK0 ] unsigned char 
  i2c_data        1   17[BANK0 ] unsigned char 
  msg_to_send     1   16[BANK0 ] unsigned char 
  overrun_erro    1   15[BANK0 ] unsigned char 
  data_written    1   14[BANK0 ] unsigned char 
 Return value:  Size  Location     Type
		None               void
 Registers used:
		wreg, fsr1l, fsr1h, fsr2l, fsr2h, status,2, status,0, prodl, prodh, cstack
 Tracked objects:
		On entry : 
		On exit  : 
		Unchanged: 
 Data sizes:     COMRAM   BANK0   BANK1   BANK2   BANK3
      Params:         0       0       0       0       0
      Locals:         0       9       0       0       0
      Temps:          0       2       0       0       0
      Totals:         0      11       0       0       0
Total ram usage:       11 bytes
 Hardware stack levels used:    1
 Hardware stack levels required when called:    3
 This function calls:
		_ToMainHigh_sendmsg
		_handle_start
		_readMessages
 This function is called by:
		_InterruptHandlerHigh
 This function uses a non-reentrant model


 *************** function _readMessages *****************
 Defined at:
		line 315 in file "../src/my_i2c.c"
 Parameters:    Size  Location     Type
		None
 Auto vars:     Size  Location     Type
  buf             5   52[COMRAM] unsigned char [5]
 Return value:  Size  Location     Type
		None               void
 Registers used:
		wreg, fsr1l, fsr1h, fsr2l, fsr2h, status,2, status,0, prodl, prodh, cstack
 Tracked objects:
		On entry : 
		On exit  : 
		Unchanged: 
 Data sizes:     COMRAM   BANK0   BANK1   BANK2   BANK3
      Params:         0       0       0       0       0
      Locals:         5       0       0       0       0
      Temps:          1       0       0       0       0
      Totals:         6       0       0       0       0
Total ram usage:        6 bytes
 Hardware stack levels used:    1
 Hardware stack levels required when called:    1
 This function calls:
		_start_i2c_slave_reply
 This function is called by:
		_i2c_int_handler
 This function uses a non-reentrant model


 *************** function _start_i2c_slave_reply *****************
 Defined at:
		line 30 in file "../src/my_i2c.c"
 Parameters:    Size  Location     Type
  length          1    wreg     unsigned char 
  msg             2   46[COMRAM] PTR unsigned char 
		 -> readMessages@buf(5), 
 Auto vars:     Size  Location     Type
  length          1   50[COMRAM] unsigned char 
 Return value:  Size  Location     Type
		None               void
 Registers used:
		wreg, fsr1l, fsr1h, fsr2l, fsr2h, status,2, status,0, prodl, prodh
 Tracked objects:
		On entry : 
		On exit  : 
		Unchanged: 
 Data sizes:     COMRAM   BANK0   BANK1   BANK2   BANK3
      Params:         2       0       0       0       0
      Locals:         1       0       0       0       0
      Temps:          2       0       0       0       0
      Totals:         5       0       0       0       0
Total ram usage:        5 bytes
 Hardware stack levels used:    1
 This function calls:
		Nothing
 This function is called by:
		_readMessages
 This function uses a non-reentrant model


 *************** function _handle_start *****************
 Defined at:
		line 48 in file "../src/my_i2c.c"
 Parameters:    Size  Location     Type
  data_read       1    wreg     unsigned char 
 Auto vars:     Size  Location     Type
  data_read       1   46[COMRAM] unsigned char 
 Return value:  Size  Location     Type
		None               void
 Registers used:
		wreg, fsr2l, fsr2h, status,2, status,0
 Tracked objects:
		On entry : 
		On exit  : 
		Unchanged: 
 Data sizes:     COMRAM   BANK0   BANK1   BANK2   BANK3
      Params:         0       0       0       0       0
      Locals:         1       0       0       0       0
      Temps:          0       0       0       0       0
      Totals:         1       0       0       0       0
Total ram usage:        1 bytes
 Hardware stack levels used:    1
 This function calls:
		Nothing
 This function is called by:
		_i2c_int_handler
 This function uses a non-reentrant model


 *************** function _ToMainHigh_sendmsg *****************
 Defined at:
		line 126 in file "../src/messages.c"
 Parameters:    Size  Location     Type
  length          1    wreg     unsigned char 
  msgtype         1    5[BANK0 ] unsigned char 
  data            2    6[BANK0 ] PTR void 
		 -> NULL(0), timer0_int_handler@val(2), i2c_int_handler@error_buf(3), main@ic(28), 
 Auto vars:     Size  Location     Type
  length          1    8[BANK0 ] unsigned char 
 Return value:  Size  Location     Type
                  1    wreg      char 
 Registers used:
		wreg, fsr1l, fsr1h, fsr2l, fsr2h, status,2, status,0, prodl, prodh, cstack
 Tracked objects:
		On entry : 
		On exit  : 
		Unchanged: 
 Data sizes:     COMRAM   BANK0   BANK1   BANK2   BANK3
      Params:         0       3       0       0       0
      Locals:         0       1       0       0       0
      Temps:          0       0       0       0       0
      Totals:         0       4       0       0       0
Total ram usage:        4 bytes
 Hardware stack levels used:    1
 Hardware stack levels required when called:    2
 This function calls:
		i2_send_msg
 This function is called by:
		_i2c_int_handler
		_timer0_int_handler
 This function uses a non-reentrant model


 *************** function i2_send_msg *****************
 Defined at:
		line 24 in file "../src/messages.c"
 Parameters:    Size  Location     Type
  qptr            2   56[COMRAM] PTR struct __msg_queue
		 -> FromMainHigh_MQ(54), FromMainLow_MQ(54), ToMainHigh_MQ(54), ToMainLow_MQ(54), 
  length          1   58[COMRAM] unsigned char 
  msgtype         1   59[COMRAM] unsigned char 
  data            2   60[COMRAM] PTR void 
		 -> NULL(0), timer0_int_handler@val(2), i2c_int_handler@error_buf(3), main@t1thread_data(2), 
		 -> main@ic(28), 
 Auto vars:     Size  Location     Type
  send_msg        2    3[BANK0 ] PTR struct __msg
		 -> FromMainLow_MQ.queue(52), FromMainHigh_MQ.queue(52), ToMainHigh_MQ.queue(52), ToMainLow_MQ.queue(52), 
		 -> FromMainHigh_MQ(54), FromMainLow_MQ(54), ToMainHigh_MQ(54), ToMainLow_MQ(54), 
  send_msg        2    0[BANK0 ] unsigned int 
  send_msg        1    2[BANK0 ] unsigned char 
 Return value:  Size  Location     Type
                  1    wreg      char 
 Registers used:
		wreg, fsr1l, fsr1h, fsr2l, fsr2h, status,2, status,0, prodl, prodh, cstack
 Tracked objects:
		On entry : 
		On exit  : 
		Unchanged: 
 Data sizes:     COMRAM   BANK0   BANK1   BANK2   BANK3
      Params:         6       0       0       0       0
      Locals:         0       5       0       0       0
      Temps:          1       0       0       0       0
      Totals:         7       5       0       0       0
Total ram usage:       12 bytes
 Hardware stack levels used:    1
 Hardware stack levels required when called:    1
 This function calls:
		i2_memcpy
 This function is called by:
		_ToMainHigh_sendmsg
 This function uses a non-reentrant model


 *************** function i2_memcpy *****************
 Defined at:
		line 11 in file "C:\Program Files\Microchip\xc8\v1.30\sources\common\memcpy.c"
 Parameters:    Size  Location     Type
  d1              2   46[COMRAM] PTR void 
		 -> FromMainLow_MQ.queue(52), FromMainHigh_MQ.queue(52), ToMainHigh_MQ.queue(52), ToMainLow_MQ.queue(52), 
		 -> timer0_int_handler@val(2), FromMainHigh_MQ(54), FromMainLow_MQ(54), ToMainHigh_MQ(54), 
		 -> ToMainLow_MQ(54), main@msgbuffer(11), 
  s1              2   48[COMRAM] PTR const void 
		 -> ToMainLow_MQ.data(10), ToMainHigh_MQ.data(10), FromMainLow_MQ.data(10), FromMainHigh_MQ.data(10), 
		 -> ToMainLow_MQ.queue.data(10), ToMainHigh_MQ.queue.data(10), FromMainHigh_MQ.queue.data(10), FromMainLow_MQ.queue.data(10), 
		 -> NULL(0), timer0_int_handler@val(2), i2c_int_handler@error_buf(3), FromMainHigh_MQ(54), 
		 -> FromMainLow_MQ(54), ToMainHigh_MQ(54), ToMainLow_MQ(54), main@t1thread_data(2), 
		 -> main@ic(28), 
  n               2   50[COMRAM] unsigned int 
 Auto vars:     Size  Location     Type
  memcpy          2   54[COMRAM] PTR const unsigned char 
		 -> ToMainLow_MQ.data(10), ToMainHigh_MQ.data(10), FromMainLow_MQ.data(10), FromMainHigh_MQ.data(10), 
		 -> ToMainLow_MQ.queue.data(10), ToMainHigh_MQ.queue.data(10), FromMainHigh_MQ.queue.data(10), FromMainLow_MQ.queue.data(10), 
		 -> NULL(0), timer0_int_handler@val(2), i2c_int_handler@error_buf(3), FromMainHigh_MQ(54), 
		 -> FromMainLow_MQ(54), ToMainHigh_MQ(54), ToMainLow_MQ(54), main@t1thread_data(2), 
		 -> main@ic(28), 
  memcpy          2   52[COMRAM] PTR unsigned char 
		 -> FromMainLow_MQ.queue(52), FromMainHigh_MQ.queue(52), ToMainHigh_MQ.queue(52), ToMainLow_MQ.queue(52), 
		 -> timer0_int_handler@val(2), FromMainHigh_MQ(54), FromMainLow_MQ(54), ToMainHigh_MQ(54), 
		 -> ToMainLow_MQ(54), main@msgbuffer(11), 
 Return value:  Size  Location     Type
                  2   46[COMRAM] PTR void 
 Registers used:
		wreg, fsr1l, fsr1h, fsr2l, fsr2h, status,2, status,0
 Tracked objects:
		On entry : 
		On exit  : 
		Unchanged: 
 Data sizes:     COMRAM   BANK0   BANK1   BANK2   BANK3
      Params:         6       0       0       0       0
      Locals:         4       0       0       0       0
      Temps:          0       0       0       0       0
      Totals:        10       0       0       0       0
Total ram usage:       10 bytes
 Hardware stack levels used:    1
 This function calls:
		Nothing
 This function is called by:
		i2_send_msg
		i2_recv_msg
 This function uses a non-reentrant model


 *************** function _SleepIfOkay *****************
 Defined at:
		line 228 in file "../src/messages.c"
 Parameters:    Size  Location     Type
		None
 Auto vars:     Size  Location     Type
		None
 Return value:  Size  Location     Type
		None               void
 Registers used:
		wreg, fsr2l, fsr2h, status,2, status,0, prodl, prodh, cstack
 Tracked objects:
		On entry : 
		On exit  : 
		Unchanged: 
 Data sizes:     COMRAM   BANK0   BANK1   BANK2   BANK3
      Params:         0       0       0       0       0
      Locals:         0       0       0       0       0
      Temps:          0       0       0       0       0
      Totals:         0       0       0       0       0
Total ram usage:        0 bytes
 Hardware stack levels used:    1
 Hardware stack levels required when called:    2
 This function calls:
		_enter_sleep_mode
		i2_check_msg
		i2_in_high_int
		i2_in_low_int
 This function is called by:
		_InterruptHandlerHigh
 This function uses a non-reentrant model


 *************** function i2_in_low_int *****************
 Defined at:
		line 32 in file "../src/interrupts.c"
 Parameters:    Size  Location     Type
		None
 Auto vars:     Size  Location     Type
		None
 Return value:  Size  Location     Type
                  2   48[COMRAM] int 
 Registers used:
		wreg, status,2, status,0, cstack
 Tracked objects:
		On entry : 
		On exit  : 
		Unchanged: 
 Data sizes:     COMRAM   BANK0   BANK1   BANK2   BANK3
      Params:         2       0       0       0       0
      Locals:         0       0       0       0       0
      Temps:          0       0       0       0       0
      Totals:         2       0       0       0       0
Total ram usage:        2 bytes
 Hardware stack levels used:    1
 Hardware stack levels required when called:    1
 This function calls:
		i2_in_high_int
 This function is called by:
		_SleepIfOkay
 This function uses a non-reentrant model


 *************** function i2_in_high_int *****************
 Defined at:
		line 23 in file "../src/interrupts.c"
 Parameters:    Size  Location     Type
		None
 Auto vars:     Size  Location     Type
		None
 Return value:  Size  Location     Type
                  2   46[COMRAM] int 
 Registers used:
		wreg, status,2
 Tracked objects:
		On entry : 
		On exit  : 
		Unchanged: 
 Data sizes:     COMRAM   BANK0   BANK1   BANK2   BANK3
      Params:         2       0       0       0       0
      Locals:         0       0       0       0       0
      Temps:          0       0       0       0       0
      Totals:         2       0       0       0       0
Total ram usage:        2 bytes
 Hardware stack levels used:    1
 This function calls:
		Nothing
 This function is called by:
		_SleepIfOkay
		i2_in_low_int
 This function uses a non-reentrant model


 *************** function i2_check_msg *****************
 Defined at:
		line 222 in file "../src/messages.c"
 Parameters:    Size  Location     Type
  qptr            2   46[COMRAM] PTR struct __msg_queue
		 -> ToMainHigh_MQ(54), ToMainLow_MQ(54), 
 Auto vars:     Size  Location     Type
		None
 Return value:  Size  Location     Type
                  1    wreg      unsigned char 
 Registers used:
		wreg, fsr2l, fsr2h, status,2, status,0, prodl, prodh
 Tracked objects:
		On entry : 
		On exit  : 
		Unchanged: 
 Data sizes:     COMRAM   BANK0   BANK1   BANK2   BANK3
      Params:         2       0       0       0       0
      Locals:         0       0       0       0       0
      Temps:          1       0       0       0       0
      Totals:         3       0       0       0       0
Total ram usage:        3 bytes
 Hardware stack levels used:    1
 This function calls:
		Nothing
 This function is called by:
		_SleepIfOkay
 This function uses a non-reentrant model


 *************** function _enter_sleep_mode *****************
 Defined at:
		line 202 in file "../src/messages.c"
 Parameters:    Size  Location     Type
		None
 Auto vars:     Size  Location     Type
		None
 Return value:  Size  Location     Type
		None               void
 Registers used:
		None
 Tracked objects:
		On entry : 
		On exit  : 
		Unchanged: 
 Data sizes:     COMRAM   BANK0   BANK1   BANK2   BANK3
      Params:         0       0       0       0       0
      Locals:         0       0       0       0       0
      Temps:          0       0       0       0       0
      Totals:         0       0       0       0       0
Total ram usage:        0 bytes
 Hardware stack levels used:    1
 This function calls:
		Nothing
 This function is called by:
		_SleepIfOkay
 This function uses a non-reentrant model



MODULE INFORMATION

Module		Function		Class		Link	Load	Size
C:\Program Files\Microchip\xc8\v1.30\sources\pic18\plib\Timers\t0write.c
		_WriteTimer0   		CODE           	19BE	0000	18

C:\Program Files\Microchip\xc8\v1.30\sources\pic18\plib\Timers\t0write.c estimated size: 18

C:\Program Files\Microchip\xc8\v1.30\sources\pic18\plib\Timers\t1write.c
		_WriteTimer1   		CODE           	199A	0000	18

C:\Program Files\Microchip\xc8\v1.30\sources\pic18\plib\Timers\t1write.c estimated size: 18

C:\Program Files\Microchip\xc8\v1.30\sources\pic18\plib\Timers\t1read.c
		_ReadTimer1    		CODE           	19AC	0000	18

C:\Program Files\Microchip\xc8\v1.30\sources\pic18\plib\Timers\t1read.c estimated size: 18

../src/user_interrupts.c
		_timer0_int_han		CODE           	107C	0000	136
		_timer1_int_han		CODE           	17F0	0000	48

../src/user_interrupts.c estimated size: 184

../src/timer0_thread.c
		_timer0_lthread		CODE           	1964	0000	18

../src/timer0_thread.c estimated size: 18

shared
		i1_send_msg    		CODE           	0D8A	0000	170
		i2_send_msg    		CODE           	0BFC	0000	210
		i2_in_high_int 		CODE           	19D0	0000	12
		i2_recv_msg    		CODE           	09E8	0000	272
		__initializatio		CODE           	16E0	0000	48
		i2_in_low_int  		CODE           	1820	0000	46
		i1_memcpy      		CODE           	15E4	0000	64
		i2_memcpy      		CODE           	1664	0000	64
		i2_check_msg   		CODE           	1916	0000	36

shared estimated size: 922

../src/timer1_thread.c
		_timer1_lthread		CODE           	12FC	0000	114
		_init_timer1_lt		CODE           	1976	0000	18

../src/timer1_thread.c estimated size: 132

../src/my_i2c.c
		_start_i2c_slav		CODE           	0CCE	0000	188
		_handle_start  		CODE           	0E34	0000	152
		_readMessages  		CODE           	1624	0000	64
		_i2c_configure_		CODE           	18CA	0000	40
		_init_i2c      		CODE           	143A	0000	78
		_i2c_int_handle		CODE           	00BA	0000	1420

../src/my_i2c.c estimated size: 1942

C:\Program Files\Microchip\xc8\v1.30\sources\pic18\plib\Timers\t0open.c
		_OpenTimer0    		CODE           	184E	0000	42

C:\Program Files\Microchip\xc8\v1.30\sources\pic18\plib\Timers\t0open.c estimated size: 42

C:\Program Files\Microchip\xc8\v1.30\sources\pic18\plib\Timers\t1open.c
		_OpenTimer1    		CODE           	171A	0000	56

C:\Program Files\Microchip\xc8\v1.30\sources\pic18\plib\Timers\t1open.c estimated size: 56

../src/uart_thread.c
		_uart_lthread  		CODE           	16A4	0000	60

../src/uart_thread.c estimated size: 60

C:\Program Files\Microchip\xc8\v1.30\sources\pic18\d1ktcyx.c
		_Delay1KTCYx   		CODE           	193A	0000	22

C:\Program Files\Microchip\xc8\v1.30\sources\pic18\d1ktcyx.c estimated size: 22

../src/interrupts.c
		_enable_interru		CODE           	19DC	0000	8
		_in_low_int    		CODE           	14D6	0000	70
		_in_main       		CODE           	151C	0000	68
		_in_high_int   		CODE           	1988	0000	18
		_InterruptHandl		CODE           	0018	0000	158
		_InterruptHandl		CODE           	0008	0000	4478

../src/interrupts.c estimated size: 4800

C:\Program Files\Microchip\xc8\v1.30\sources\common\memcpy.c
		_memcpy        		CODE           	13DC	0000	94

C:\Program Files\Microchip\xc8\v1.30\sources\common\memcpy.c estimated size: 94

C:\Program Files\Microchip\xc8\v1.30\sources\pic18\plib\USART\uwrite.c
		_WriteUSART    		CODE           	1950	0000	20

C:\Program Files\Microchip\xc8\v1.30\sources\pic18\plib\USART\uwrite.c estimated size: 20

../src/my_uart.c
		_uart_send_int_		CODE           	1204	0000	126
		_init_uart_recv		CODE           	18A2	0000	40
		_uart_retrieve_		CODE           	0ECC	0000	148

../src/my_uart.c estimated size: 314

C:\Program Files\Microchip\xc8\v1.30\sources\pic18\plib\USART\uopen.c
		_OpenUSART     		CODE           	0F60	0000	146

C:\Program Files\Microchip\xc8\v1.30\sources\pic18\plib\USART\uopen.c estimated size: 146

../src/messages.c
		_ToMainHigh_sen		CODE           	1878	0000	42
		_ToMainHigh_rec		CODE           	15A2	0000	66
		_block_on_To_ms		CODE           	1186	0000	126
		_check_msg     		CODE           	1788	0000	54
		_ToMainLow_send		CODE           	18F2	0000	36
		_ToMainLow_recv		CODE           	1560	0000	66
		_FromMainHigh_s		CODE           	1752	0000	54
		_enter_sleep_mo		CODE           	19E4	0000	6
		_send_msg      		CODE           	0AF8	0000	260
		_FromMainHigh_r		CODE           	17BE	0000	50
		_init_queue    		CODE           	1282	0000	122
		_init_queues   		CODE           	136E	0000	110
		_recv_msg      		CODE           	08B2	0000	310
		_SleepIfOkay   		CODE           	1488	0000	78

../src/messages.c estimated size: 1380

C:\Program Files\Microchip\xc8\v1.30\sources\common\lwmod.c
		___lwmod       		CODE           	0FF2	0000	138

C:\Program Files\Microchip\xc8\v1.30\sources\common\lwmod.c estimated size: 138

../src/main.c
		_main          		CODE           	0646	0000	620

../src/main.c estimated size: 620

