Microchip MPLAB XC8 Compiler V1.30 ()

Linker command line:

--edf=C:\Program Files\Microchip\xc8\v1.30\dat\en_msgs.txt -cs \
  -h+dist/UseXC8/production\PIC_Framework_3.X.production.sym \
  --cmf=dist/UseXC8/production\PIC_Framework_3.X.production.cmf -z \
  -Q18F45J10 -oC:\Users\ECE4534\AppData\Local\Temp\s1og.6 \
  -Mdist/UseXC8/production/PIC_Framework_3.X.production.map -E1 -ver=XC8 \
  -ASTACK=023Eh-03ffh -pstack=STACK -ACODE=00h-07FF7h -ACONST=00h-07FF7h \
  -ASMALLCONST=0400h-04FFhx123,07F00h-07FF7h -AMEDIUMCONST=0400h-07FF7h \
  -ACOMRAM=01h-07Fh -AABS1=00h-03FFh -ABIGRAM=01h-03FFh \
  -ARAM=080h-0FFh,0100h-01FFhx3 -ABANK0=080h-0FFh -ABANK1=0100h-01FFh \
  -ABANK2=0200h-02FFh -ABANK3=0300h-03FFh -ASFR=0F80h-0FFFh \
  -preset_vec=00h,intcode=08h,intcodelo=018h,powerup,init,end_init \
  -pramtop=0400h -psmallconst=SMALLCONST -pmediumconst=MEDIUMCONST \
  -pconst=CONST -AFARRAM=00h-00h -ACONFIG=07FF8h-07FFDh -pconfig=CONFIG \
  -pjflash_buffer=07800h \
  -prdata=COMRAM,nvrram=COMRAM,nvbit=COMRAM,rbss=COMRAM,rbit=COMRAM \
  -pfarbss=FARRAM,fardata=FARRAM,nvFARRAM=FARRAM \
  -pintsave_regs=BIGRAM,bigbss=BIGRAM,bigdata=BIGRAM -pbss=RAM \
  -pidata=CODE,irdata=CODE,ibigdata=CODE,ifardata=CODE \
  C:\Users\ECE4534\AppData\Local\Temp\s1og.obj \
  dist/UseXC8/production\PIC_Framework_3.X.production.obj 

Object code version is 3.11

Machine type is 18F45J10

Call graph: (short form)




                Name                               Link     Load   Length Selector   Space Scale
C:\Users\ECE4534\AppData\Local\Temp\s1og.obj
                end_init                             B6       B6        4        C       0
                reset_vec                             0        0        4        0       0
                config                             7FF8     7FF8        6     7FF8       0
dist/UseXC8/production\PIC_Framework_3.X.production.obj
                intcodelo                            18       18       9E        C       0
                intcode                               8        8        C        4       0
                smallconst                          400      400        4      200       0
                text49                             1D2E     1D2E        6      E8D       0
                text48                             1C52     1C52       24      202       0
                text47                             1D1A     1D1A        C      E8D       0
                text46                             1B30     1B30       2E      202       0
                text45                             18B4     18B4       4E      202       0
                text44                             1A10     1A10       40      202       0
                text43                             12F0     12F0       AA      202       0
                text42                             1C2C     1C2C       26      202       0
                text41                             1228     1228       C8      202       0
                text40                              F8A      F8A       F4      202       0
                text39                             1A50     1A50       3C      202       0
                text38                              404      404      5C0      202       0
                text37                             1CFA     1CFA       12      202       0
                text36                             1BB2     1BB2       2A      202       0
                intcode_body                       1544     1544       82      202       0
                text34                             1CE8     1CE8       12      202       0
                text33                             1B88     1B88       2A      202       0
                text32                             1C8C     1C8C       14      202       0
                text31                             142C     142C       8E      202       0
                text29                             1B5E     1B5E       2A      202       0
                text28                             1A8C     1A8C       38      202       0
                text27                             139A     139A       92      202       0
                text26                             1808     1808       5E      202       0
                text25                              C42      C42      136      202       0
                text24                             19CE     19CE       42      202       0
                text23                             198C     198C       42      202       0
                text22                             1CD6     1CD6       12      202       0
                text21                             1C76     1C76       16      202       0
                text20                             1AFA     1AFA       36      202       0
                text19                             1CC4     1CC4       12      202       0
                text18                             1902     1902       46      202       0
                text17                             1948     1948       44      202       0
                text16                             15C6     15C6       7E      202       0
                text15                             1D26     1D26        8      E8D       0
                text14                             1C04     1C04       28      202       0
                text13                             179E     179E       6A      202       0
                text12                             1644     1644       7A      202       0
                text11                             1730     1730       6E      202       0
                text10                             1CB2     1CB2       12      202       0
                text9                              1BDC     1BDC       28      202       0
                text8                              1CA0     1CA0       12      202       0
                text7                               E86      E86      104      202       0
                text6                              1AC4     1AC4       36      202       0
                text5                              14BA     14BA       8A      202       0
                text4                              16BE     16BE       72      202       0
                text3                               D78      D78      10E      202       0
                text2                              107E     107E       E2      202       0
                text1                              1160     1160       C8      202       0
                text0                               9C4      9C4      27E      202       0
                cstackCOMRAM                          1        1       32        1       1
                cstackBANK0                          80       80       3C       80       1
                cstackBANK2                         200      200       3E      200       1
                bssBANK1                            100      100       D8      100       1
                bssBANK0                             BC       BC        7       80       1
                dataCOMRAM                           5C       5C        D        1       1
                bssCOMRAM                            33       33       29        1       1
                cinit                              1866     1866       4E      202       0
                nvBANK0                              C3       C3        4       80       1
                idataCOMRAM                        1D0C     1D0C        D      202       0

TOTAL           Name                               Link     Load   Length     Space
        CLASS   STACK          

        CLASS   CODE           
                end_init                             B6       B6        4         0
                intcodelo                            18       18       9E         0
                intcode                               8        8        C         0
                reset_vec                             0        0        4         0
                text49                             1D2E     1D2E        6         0
                text48                             1C52     1C52       24         0
                text47                             1D1A     1D1A        C         0
                text46                             1B30     1B30       2E         0
                text45                             18B4     18B4       4E         0
                text44                             1A10     1A10       40         0
                text43                             12F0     12F0       AA         0
                text42                             1C2C     1C2C       26         0
                text41                             1228     1228       C8         0
                text40                              F8A      F8A       F4         0
                text39                             1A50     1A50       3C         0
                text38                              404      404      5C0         0
                text37                             1CFA     1CFA       12         0
                text36                             1BB2     1BB2       2A         0
                intcode_body                       1544     1544       82         0
                text34                             1CE8     1CE8       12         0
                text33                             1B88     1B88       2A         0
                text32                             1C8C     1C8C       14         0
                text31                             142C     142C       8E         0
                text29                             1B5E     1B5E       2A         0
                text28                             1A8C     1A8C       38         0
                text27                             139A     139A       92         0
                text26                             1808     1808       5E         0
                text25                              C42      C42      136         0
                text24                             19CE     19CE       42         0
                text23                             198C     198C       42         0
                text22                             1CD6     1CD6       12         0
                text21                             1C76     1C76       16         0
                text20                             1AFA     1AFA       36         0
                text19                             1CC4     1CC4       12         0
                text18                             1902     1902       46         0
                text17                             1948     1948       44         0
                text16                             15C6     15C6       7E         0
                text15                             1D26     1D26        8         0
                text14                             1C04     1C04       28         0
                text13                             179E     179E       6A         0
                text12                             1644     1644       7A         0
                text11                             1730     1730       6E         0
                text10                             1CB2     1CB2       12         0
                text9                              1BDC     1BDC       28         0
                text8                              1CA0     1CA0       12         0
                text7                               E86      E86      104         0
                text6                              1AC4     1AC4       36         0
                text5                              14BA     14BA       8A         0
                text4                              16BE     16BE       72         0
                text3                               D78      D78      10E         0
                text2                              107E     107E       E2         0
                text1                              1160     1160       C8         0
                text0                               9C4      9C4      27E         0
                cinit                              1866     1866       4E         0
                idataCOMRAM                        1D0C     1D0C        D         0

        CLASS   CONST          

        CLASS   SMALLCONST     
                smallconst                          400      400        4         0

        CLASS   MEDIUMCONST    

        CLASS   COMRAM         
                cstackCOMRAM                          1        1       32         1
                dataCOMRAM                           5C       5C        D         1
                bssCOMRAM                            33       33       29         1

        CLASS   ABS1           

        CLASS   BIGRAM         

        CLASS   RAM            

        CLASS   BANK0          
                cstackBANK0                          80       80       3C         1
                bssBANK0                             BC       BC        7         1
                nvBANK0                              C3       C3        4         1

        CLASS   BANK1          
                bssBANK1                            100      100       D8         1

        CLASS   BANK2          
                cstackBANK2                         200      200       3E         1

        CLASS   BANK3          

        CLASS   SFR            

        CLASS   FARRAM         

        CLASS   CONFIG         
                config                             7FF8     7FF8        6         0

        CLASS   IDLOC          



SEGMENTS        Name                           Load    Length   Top    Selector   Space  Class

                reset_vec                      000000  000004  000004         0       0  CODE    
                cstackCOMRAM                   000001  000068  000069         1       1  COMRAM  
                intcode                        000008  00000C  000014         4       0  CODE    
                intcodelo                      000018  0000A2  0000BA         C       0  CODE    
                cstackBANK0                    000080  000047  0000C7        80       1  BANK0   
                bssBANK1                       000100  0000D8  0001D8       100       1  BANK1   
                cstackBANK2                    000200  00003E  00023E       200       1  BANK2   
                smallconst                     000400  000004  000404       200       0  SMALLCON
                text38                         000404  001915  001D19       202       0  CODE    
                text47                         001D1A  00001A  001D34       E8D       0  CODE    
                config                         007FF8  000006  007FFE      7FF8       0  CONFIG  


UNUSED ADDRESS RANGES

        Name                Unused          Largest block    Delta
        BANK0            000C7-000FF              39
        BANK1            001D8-001FF              28
        BANK2            0023E-002FF              C2
        BANK3            00300-003FF             100
        BIGRAM           00069-0007F              17
                         000C7-000FF              39
                         001D8-001FF              28
                         0023E-003FF             1C2
        CODE             00004-00007               4
                         00014-00017               4
                         000BA-003FF             346
                         01D19-01D19               1
                         01D34-07FF7            62C4
        COMRAM           00069-0007F              17
        CONST            00004-00007               4
                         00014-00017               4
                         000BA-003FF             346
                         01D19-01D19               1
                         01D34-07FF7            62C4
        MEDIUMCONST      01D19-01D19               1
                         01D34-07FF7            62C4
        RAM              000C7-000FF              39
                         001D8-001FF              28
                         0023E-003FF              C2
        SFR              00F80-00FFF              80
        SMALLCONST       01D19-01D19               1
                         01D34-07FF7             100
        STACK            0023E-003FF             1C2

                                  Symbol Table

?___lwmod                         cstackBANK0   00097
?_in_high_int                     cstackBANK0   00097
?_in_low_int                      cstackBANK0   00099
?_in_main                         cstackBANK0   0009B
?i2_in_high_int                   cstackCOMRAM  00017
?i2_in_low_int                    cstackCOMRAM  00019
Delay1KTCYx@unit                  cstackBANK0   00097
FromMainHigh_sendmsg@data         cstackBANK0   000AE
FromMainHigh_sendmsg@length       cstackBANK0   000B0
FromMainHigh_sendmsg@msgtype      cstackBANK0   000AD
OpenTimer0@config                 cstackBANK0   00097
OpenTimer1@config                 cstackBANK0   00097
OpenUSART@config                  cstackBANK0   0009C
OpenUSART@spbrg                   cstackBANK0   00097
ToMainHigh_recvmsg@data           cstackBANK0   000B1
ToMainHigh_recvmsg@maxlength      cstackBANK0   000B3
ToMainHigh_recvmsg@msgtype        cstackBANK0   000AF
ToMainHigh_sendmsg@data           cstackCOMRAM  0002E
ToMainHigh_sendmsg@length         cstackCOMRAM  00030
ToMainHigh_sendmsg@msgtype        cstackCOMRAM  0002D
ToMainLow_recvmsg@data            cstackBANK0   000B1
ToMainLow_recvmsg@maxlength       cstackBANK0   000B3
ToMainLow_recvmsg@msgtype         cstackBANK0   000AF
WriteTimer0@timer                 cstackCOMRAM  00019
WriteTimer0@timer0                cstackCOMRAM  00017
WriteTimer1@timer                 cstackBANK0   00099
WriteTimer1@timer1                cstackBANK0   00097
WriteUSART@data                   cstackCOMRAM  00001
_BAUDCONbits                      (abs)         00FB8
_Delay1KTCYx                      text21        01C76
_FromMainHigh_MQ                  bssBANK1      00100
_FromMainHigh_sendmsg             text6         01AC4
_FromMainLow_MQ                   bssBANK1      00136
_INTCONbits                       (abs)         00FF2
_IPR1bits                         (abs)         00F9F
_InterruptHandlerHigh             intcode       00008
_InterruptHandlerLow              intcodelo     00018
_LATA                             (abs)         00F89
_LATAbits                         (abs)         00F89
_MQ_Main_Willing_to_block         bssCOMRAM     00057
_OSCCON                           (abs)         00FD3
_OSCCONbits                       (abs)         00FD3
_OSCTUNEbits                      (abs)         00F9B
_OpenTimer0                       text29        01B5E
_OpenTimer1                       text28        01A8C
_OpenUSART                        text27        0139A
_PIE1bits                         (abs)         00F9D
_PIR1bits                         (abs)         00F9E
_PORTB                            (abs)         00F81
_RCONbits                         (abs)         00FD0
_RCSTA                            (abs)         00FAB
_RCSTAbits                        (abs)         00FAB
_SPBRG                            (abs)         00FAF
_SPBRGH                           (abs)         00FB0
_SSPADD                           (abs)         00FC8
_SSPBUF                           (abs)         00FC9
_SSPCON1                          (abs)         00FC6
_SSPCON1bits                      (abs)         00FC6
_SSPCON2                          (abs)         00FC5
_SSPCON2bits                      (abs)         00FC5
_SSPSTAT                          (abs)         00FC7
_SSPSTATbits                      (abs)         00FC7
_SleepIfOkay                      text45        018B4
_T0CON                            (abs)         00FD5
_T0CONbits                        (abs)         00FD5
_T1CON                            (abs)         00FCD
_T1CONbits                        (abs)         00FCD
_TMR0H                            (abs)         00FD7
_TMR0L                            (abs)         00FD6
_TMR1H                            (abs)         00FCF
_TMR1L                            (abs)         00FCE
_TRISA                            (abs)         00F92
_TRISCbits                        (abs)         00F94
_TXREG                            (abs)         00FAD
_TXSTA                            (abs)         00FAC
_TXSTAbits                        (abs)         00FAC
_ToMainHigh_MQ                    bssBANK1      0016C
_ToMainHigh_recvmsg               text24        019CE
_ToMainHigh_sendmsg               text42        01C2C
_ToMainLow_MQ                     bssBANK1      001A2
_ToMainLow_recvmsg                text23        0198C
_USART_Status                     bssCOMRAM     00058
_WriteTimer0                      text37        01CFA
_WriteTimer1                      text22        01CD6
_WriteUSART                       text32        01C8C
__CFG_CCP2MX$DEFAULT              (abs)         00000
__CFG_CP0$OFF                     (abs)         00000
__CFG_FCMEN$ON                    (abs)         00000
__CFG_FOSC$HSPLL                  (abs)         00000
__CFG_FOSC2$ON                    (abs)         00000
__CFG_IESO$ON                     (abs)         00000
__CFG_STVREN$OFF                  (abs)         00000
__CFG_WDTEN$OFF                   (abs)         00000
__CFG_WDTPS$32768                 (abs)         00000
__CFG_XINST$OFF                   (abs)         00000
__HRAM                            (abs)         00000
__Habs1                           abs1          00000
__Hbank0                          bank0         00000
__Hbank1                          bank1         00000
__Hbank2                          bank2         00000
__Hbank3                          bank3         00000
__Hbigbss                         bigbss        00000
__Hbigdata                        bigdata       00000
__Hbigram                         bigram        00000
__Hbss                            bss           00000
__HbssBANK0                       bssBANK0      00000
__HbssBANK1                       bssBANK1      00000
__HbssCOMRAM                      bssCOMRAM     00000
__Hcinit                          cinit         00000
__Hclrtext                        clrtext       00000
__Hcomram                         comram        00000
__Hconfig                         config        07FFE
__Hconst                          const         00000
__HcstackBANK0                    cstackBANK0   00000
__HcstackBANK2                    cstackBANK2   00000
__HcstackCOMRAM                   cstackCOMRAM  00000
__Hdata                           data          00000
__HdataCOMRAM                     dataCOMRAM    00000
__Hend_init                       end_init      000BA
__Hfarbss                         farbss        00000
__Hfardata                        fardata       00000
__Hibigdata                       ibigdata      00000
__Hidata                          idata         00000
__HidataCOMRAM                    idataCOMRAM   00000
__Hidloc                          idloc         00000
__Hifardata                       ifardata      00000
__Hinit                           init          000B6
__Hintcode                        intcode       00014
__Hintcode_body                   intcode_body  00000
__Hintcodelo                      intcodelo     000B6
__Hintentry                       intentry      00000
__Hintret                         intret        00000
__Hintsave_regs                   intsave_regs  00000
__Hirdata                         irdata        00000
__Hjflash_buffer                  jflash_buffer 07800
__Hmediumconst                    mediumconst   00000
__HnvBANK0                        nvBANK0       00000
__HnvFARRAM                       nvFARRAM      00000
__Hnvbit                          nvbit         00000
__Hnvrram                         nvrram        00000
__Hparam                          rparam        00000
__Hpowerup                        powerup       000B6
__Hram                            ram           00000
__Hramtop                         ramtop        00400
__Hrbit                           rbit          00000
__Hrbss                           rbss          00000
__Hrdata                          rdata         00000
__Hreset_vec                      reset_vec     00004
__Hrparam                         rparam        00000
__Hsfr                            sfr           00000
__Hsmallconst                     smallconst    00404
__Hstack                          stack         00000
__Hstruct                         struct        00000
__Htemp                           temp          00000
__Htext                           text          00000
__Htext0                          text0         00000
__Htext1                          text1         00000
__Htext10                         text10        00000
__Htext11                         text11        00000
__Htext12                         text12        00000
__Htext13                         text13        00000
__Htext14                         text14        00000
__Htext15                         text15        00000
__Htext16                         text16        00000
__Htext17                         text17        00000
__Htext18                         text18        00000
__Htext19                         text19        00000
__Htext2                          text2         00000
__Htext20                         text20        00000
__Htext21                         text21        00000
__Htext22                         text22        00000
__Htext23                         text23        00000
__Htext24                         text24        00000
__Htext25                         text25        00000
__Htext26                         text26        00000
__Htext27                         text27        00000
__Htext28                         text28        00000
__Htext29                         text29        00000
__Htext3                          text3         00000
__Htext31                         text31        00000
__Htext32                         text32        00000
__Htext33                         text33        00000
__Htext34                         text34        00000
__Htext36                         text36        00000
__Htext37                         text37        00000
__Htext38                         text38        00000
__Htext39                         text39        00000
__Htext4                          text4         00000
__Htext40                         text40        00000
__Htext41                         text41        00000
__Htext42                         text42        00000
__Htext43                         text43        00000
__Htext44                         text44        00000
__Htext45                         text45        00000
__Htext46                         text46        00000
__Htext47                         text47        00000
__Htext48                         text48        00000
__Htext49                         text49        00000
__Htext5                          text5         00000
__Htext6                          text6         00000
__Htext7                          text7         00000
__Htext8                          text8         00000
__Htext9                          text9         00000
__LRAM                            (abs)         00001
__Labs1                           abs1          00000
__Lbank0                          bank0         00000
__Lbank1                          bank1         00000
__Lbank2                          bank2         00000
__Lbank3                          bank3         00000
__Lbigbss                         bigbss        00000
__Lbigdata                        bigdata       00000
__Lbigram                         bigram        00000
__Lbss                            bss           00000
__LbssBANK0                       bssBANK0      00000
__LbssBANK1                       bssBANK1      00000
__LbssCOMRAM                      bssCOMRAM     00000
__Lcinit                          cinit         00000
__Lclrtext                        clrtext       00000
__Lcomram                         comram        00000
__Lconfig                         config        07FF8
__Lconst                          const         00000
__LcstackBANK0                    cstackBANK0   00000
__LcstackBANK2                    cstackBANK2   00000
__LcstackCOMRAM                   cstackCOMRAM  00000
__Ldata                           data          00000
__LdataCOMRAM                     dataCOMRAM    00000
__Lend_init                       end_init      000B6
__Lfarbss                         farbss        00000
__Lfardata                        fardata       00000
__Libigdata                       ibigdata      00000
__Lidata                          idata         00000
__LidataCOMRAM                    idataCOMRAM   00000
__Lidloc                          idloc         00000
__Lifardata                       ifardata      00000
__Linit                           init          000B6
__Lintcode                        intcode       00008
__Lintcode_body                   intcode_body  00000
__Lintcodelo                      intcodelo     00018
__Lintentry                       intentry      00000
__Lintret                         intret        00000
__Lintsave_regs                   intsave_regs  00000
__Lirdata                         irdata        00000
__Ljflash_buffer                  jflash_buffer 07800
__Lmediumconst                    mediumconst   00000
__LnvBANK0                        nvBANK0       00000
__LnvFARRAM                       nvFARRAM      00000
__Lnvbit                          nvbit         00000
__Lnvrram                         nvrram        00000
__Lparam                          rparam        00000
__Lpowerup                        powerup       000B6
__Lram                            ram           00000
__Lramtop                         ramtop        00400
__Lrbit                           rbit          00000
__Lrbss                           rbss          00000
__Lrdata                          rdata         00000
__Lreset_vec                      reset_vec     00000
__Lrparam                         rparam        00000
__Lsfr                            sfr           00000
__Lsmallconst                     smallconst    00400
__Lstack                          stack         00000
__Lstruct                         struct        00000
__Ltemp                           temp          00000
__Ltext                           text          00000
__Ltext0                          text0         00000
__Ltext1                          text1         00000
__Ltext10                         text10        00000
__Ltext11                         text11        00000
__Ltext12                         text12        00000
__Ltext13                         text13        00000
__Ltext14                         text14        00000
__Ltext15                         text15        00000
__Ltext16                         text16        00000
__Ltext17                         text17        00000
__Ltext18                         text18        00000
__Ltext19                         text19        00000
__Ltext2                          text2         00000
__Ltext20                         text20        00000
__Ltext21                         text21        00000
__Ltext22                         text22        00000
__Ltext23                         text23        00000
__Ltext24                         text24        00000
__Ltext25                         text25        00000
__Ltext26                         text26        00000
__Ltext27                         text27        00000
__Ltext28                         text28        00000
__Ltext29                         text29        00000
__Ltext3                          text3         00000
__Ltext31                         text31        00000
__Ltext32                         text32        00000
__Ltext33                         text33        00000
__Ltext34                         text34        00000
__Ltext36                         text36        00000
__Ltext37                         text37        00000
__Ltext38                         text38        00000
__Ltext39                         text39        00000
__Ltext4                          text4         00000
__Ltext40                         text40        00000
__Ltext41                         text41        00000
__Ltext42                         text42        00000
__Ltext43                         text43        00000
__Ltext44                         text44        00000
__Ltext45                         text45        00000
__Ltext46                         text46        00000
__Ltext47                         text47        00000
__Ltext48                         text48        00000
__Ltext49                         text49        00000
__Ltext5                          text5         00000
__Ltext6                          text6         00000
__Ltext7                          text7         00000
__Ltext8                          text8         00000
__Ltext9                          text9         00000
__S0                              (abs)         07FFE
__S1                              (abs)         0023E
__S2                              (abs)         00000
___extmem_base                    (abs)         20000
___inthi_sp                       stack         00000
___intlo_sp                       stack         00000
___lwmod                          text5         014BA
___lwmod@counter                  cstackBANK0   0009C
___lwmod@dividend                 cstackBANK0   00097
___lwmod@divisor                  cstackBANK0   00099
___sp                             stack         00000
__accesstop                       (abs)         00080
__activetblptr                    (abs)         00002
__end_of_Delay1KTCYx              text21        01C8C
__end_of_FromMainHigh_sendmsg     text6         01AFA
__end_of_InterruptHandlerHigh     intcode_body  015C6
__end_of_InterruptHandlerLow      intcodelo     000B6
__end_of_OpenTimer0               text29        01B88
__end_of_OpenTimer1               text28        01AC4
__end_of_OpenUSART                text27        0142C
__end_of_SleepIfOkay              text45        01902
__end_of_ToMainHigh_recvmsg       text24        01A10
__end_of_ToMainHigh_sendmsg       text42        01C52
__end_of_ToMainLow_recvmsg        text23        019CE
__end_of_WriteTimer0              text37        01D0C
__end_of_WriteTimer1              text22        01CE8
__end_of_WriteUSART               text32        01CA0
__end_of___lwmod                  text5         01544
__end_of__initialization          cinit         018AA
__end_of_block_on_To_msgqueues    text16        01644
__end_of_check_msg                text20        01B30
__end_of_circumference            smallconst    00403
__end_of_enable_interrupts        text15        01D2E
__end_of_enter_sleep_mode         text49        01D34
__end_of_handle_start             text41        012F0
__end_of_i2c_configure_slave      text14        01C2C
__end_of_i2c_int_handler          text38        009C4
__end_of_in_high_int              text19        01CD6
__end_of_in_low_int               text18        01948
__end_of_in_main                  text17        0198C
__end_of_init_i2c                 text13        01808
__end_of_init_queue               text12        016BE
__end_of_init_queues              text11        0179E
__end_of_init_timer1_lthread      text10        01CC4
__end_of_init_uart_recv           text9         01C04
__end_of_main                     text0         00C42
__end_of_memcpy                   text26        01866
__end_of_readMessages             text39        01A8C
__end_of_recv_msg                 text25        00D78
__end_of_send_msg                 text7         00F8A
__end_of_start_i2c_slave_reply    text3         00E86
__end_of_timer0_int_handler       text36        01BDC
__end_of_timer0_lthread           text8         01CB2
__end_of_timer1_int_handler       text33        01BB2
__end_of_timer1_lthread           text4         01730
__end_of_uart_lthread             text1         01228
__end_of_uart_retrieve_buffer     text2         01160
__end_of_uart_send_int_handler    text31        014BA
__end_ofi1_WriteTimer1            text34        01CFA
__end_ofi2_check_msg              text48        01C76
__end_ofi2_in_high_int            text47        01D26
__end_ofi2_in_low_int             text46        01B5E
__end_ofi2_memcpy                 text44        01A50
__end_ofi2_send_msg               text43        0139A
__end_ofi2_start_i2c_slave_reply  text40        0107E
__initialization                  cinit         01866
__mediumconst                     mediumconst   00000
__pbssBANK0                       bssBANK0      000BC
__pbssBANK1                       bssBANK1      00100
__pbssCOMRAM                      bssCOMRAM     00033
__pcinit                          cinit         01866
__pcstackBANK0                    cstackBANK0   00080
__pcstackBANK2                    cstackBANK2   00200
__pcstackCOMRAM                   cstackCOMRAM  00001
__pdataCOMRAM                     dataCOMRAM    0005C
__pidataCOMRAM                    idataCOMRAM   01D0C
__pintcode                        intcode       00008
__pintcode_body                   intcode_body  01544
__pintcodelo                      intcodelo     00018
__pnvBANK0                        nvBANK0       000C3
__psmallconst                     smallconst    00400
__ptext0                          text0         009C4
__ptext1                          text1         01160
__ptext10                         text10        01CB2
__ptext11                         text11        01730
__ptext12                         text12        01644
__ptext13                         text13        0179E
__ptext14                         text14        01C04
__ptext15                         text15        01D26
__ptext16                         text16        015C6
__ptext17                         text17        01948
__ptext18                         text18        01902
__ptext19                         text19        01CC4
__ptext2                          text2         0107E
__ptext20                         text20        01AFA
__ptext21                         text21        01C76
__ptext22                         text22        01CD6
__ptext23                         text23        0198C
__ptext24                         text24        019CE
__ptext25                         text25        00C42
__ptext26                         text26        01808
__ptext27                         text27        0139A
__ptext28                         text28        01A8C
__ptext29                         text29        01B5E
__ptext3                          text3         00D78
__ptext31                         text31        0142C
__ptext32                         text32        01C8C
__ptext33                         text33        01B88
__ptext34                         text34        01CE8
__ptext36                         text36        01BB2
__ptext37                         text37        01CFA
__ptext38                         text38        00404
__ptext39                         text39        01A50
__ptext4                          text4         016BE
__ptext40                         text40        00F8A
__ptext41                         text41        01228
__ptext42                         text42        01C2C
__ptext43                         text43        012F0
__ptext44                         text44        01A10
__ptext45                         text45        018B4
__ptext46                         text46        01B30
__ptext47                         text47        01D1A
__ptext48                         text48        01C52
__ptext49                         text49        01D2E
__ptext5                          text5         014BA
__ptext6                          text6         01AC4
__ptext7                          text7         00E86
__ptext8                          text8         01CA0
__ptext9                          text9         01BDC
__ramtop                          ramtop        00400
__size_of_Delay1KTCYx             (abs)         00000
__size_of_FromMainHigh_sendmsg    (abs)         00000
__size_of_InterruptHandlerHigh    (abs)         00000
__size_of_InterruptHandlerLow     (abs)         00000
__size_of_OpenTimer0              (abs)         00000
__size_of_OpenTimer1              (abs)         00000
__size_of_OpenUSART               (abs)         00000
__size_of_SleepIfOkay             (abs)         00000
__size_of_ToMainHigh_recvmsg      (abs)         00000
__size_of_ToMainHigh_sendmsg      (abs)         00000
__size_of_ToMainLow_recvmsg       (abs)         00000
__size_of_WriteTimer0             (abs)         00000
__size_of_WriteTimer1             (abs)         00000
__size_of_WriteUSART              (abs)         00000
__size_of___lwmod                 (abs)         00000
__size_of_block_on_To_msgqueues   (abs)         00000
__size_of_check_msg               (abs)         00000
__size_of_enable_interrupts       (abs)         00000
__size_of_enter_sleep_mode        (abs)         00000
__size_of_handle_start            (abs)         00000
__size_of_i2c_configure_slave     (abs)         00000
__size_of_i2c_int_handler         (abs)         00000
__size_of_in_high_int             (abs)         00000
__size_of_in_low_int              (abs)         00000
__size_of_in_main                 (abs)         00000
__size_of_init_i2c                (abs)         00000
__size_of_init_queue              (abs)         00000
__size_of_init_queues             (abs)         00000
__size_of_init_timer1_lthread     (abs)         00000
__size_of_init_uart_recv          (abs)         00000
__size_of_main                    (abs)         00000
__size_of_memcpy                  (abs)         00000
__size_of_readMessages            (abs)         00000
__size_of_recv_msg                (abs)         00000
__size_of_send_msg                (abs)         00000
__size_of_start_i2c_slave_reply   (abs)         00000
__size_of_timer0_int_handler      (abs)         00000
__size_of_timer0_lthread          (abs)         00000
__size_of_timer1_int_handler      (abs)         00000
__size_of_timer1_lthread          (abs)         00000
__size_of_uart_lthread            (abs)         00000
__size_of_uart_retrieve_buffer    (abs)         00000
__size_of_uart_send_int_handler   (abs)         00000
__size_ofi1_WriteTimer1           (abs)         00000
__size_ofi2_check_msg             (abs)         00000
__size_ofi2_in_high_int           (abs)         00000
__size_ofi2_in_low_int            (abs)         00000
__size_ofi2_memcpy                (abs)         00000
__size_ofi2_send_msg              (abs)         00000
__size_ofi2_start_i2c_slave_reply (abs)         00000
__smallconst                      smallconst    00400
_block_on_To_msgqueues            text16        015C6
_buff                             bssCOMRAM     00047
_bufferFlag                       bssBANK0      000BC
_check_msg                        text20        01AFA
_circumference                    smallconst    00401
_enable_interrupts                text15        01D26
_enter_sleep_mode                 text49        01D2E
_fwd_state                        dataCOMRAM    0005C
_handle_start                     text41        01228
_i2c_configure_slave              text14        01C04
_i2c_int_handler                  text38        00404
_ic_ptr                           nvBANK0       000C3
_in_high_int                      text19        01CC4
_in_low_int                       text18        01902
_in_main                          text17        01948
_init_i2c                         text13        0179E
_init_queue                       text12        01644
_init_queues                      text11        01730
_init_timer1_lthread              text10        01CB2
_init_uart_recv                   text9         01BDC
_last_reg_recvd                   bssCOMRAM     00059
_left_state                       dataCOMRAM    0005E
_length                           bssCOMRAM     0005A
_main                             text0         009C4
_maxTickOne                       dataCOMRAM    00060
_maxTickZero                      dataCOMRAM    00062
_memcpy                           text26        01808
_motorEncoderBuffer               bssBANK0      000BE
_msgbuffer                        bssCOMRAM     00033
_msgtype_moto                     dataCOMRAM    00068
_readMessages                     text39        01A50
_recv_msg                         text25        00C42
_rev_state                        dataCOMRAM    00064
_right_state                      dataCOMRAM    00066
_send_msg                         text7         00E86
_start_i2c_slave_reply            text3         00D78
_status                           bssCOMRAM     0005B
_t0thread_data                    bssCOMRAM     00051
_timer0Counter                    bssCOMRAM     00053
_timer0_int_handler               text36        01BB2
_timer0_lthread                   text8         01CA0
_timer1Counter                    bssCOMRAM     00055
_timer1_int_handler               text33        01B88
_timer1_lthread                   text4         016BE
_uart_lthread                     text1         01160
_uart_retrieve_buffer             text2         0107E
_uart_send_int_handler            text31        0142C
_uc_ptr                           nvBANK0       000C5
check_msg@qptr                    cstackBANK0   00097
end_of_initialization             cinit         018AA
handle_start@data_read            cstackCOMRAM  00017
i1WriteTimer1@timer               cstackCOMRAM  00003
i1WriteTimer1@timer1              cstackCOMRAM  00001
i1_WriteTimer1                    text34        01CE8
i2_check_msg                      text48        01C52
i2_in_high_int                    text47        01D1A
i2_in_low_int                     text46        01B30
i2_memcpy                         text44        01A10
i2_send_msg                       text43        012F0
i2_start_i2c_slave_reply          text40        00F8A
i2c_configure_slave@addr          cstackBANK0   00097
i2c_int_handler@data_read         cstackBANK0   00088
i2c_int_handler@data_written      cstackBANK0   00083
i2c_int_handler@error_buf         cstackBANK0   00080
i2c_int_handler@i2c_data          cstackBANK0   00086
i2c_int_handler@msg_ready         cstackBANK0   00087
i2c_int_handler@msg_to_send       cstackBANK0   00085
i2c_int_handler@overrun_error     cstackBANK0   00084
i2check_msg@qptr                  cstackCOMRAM  00017
i2memcpy@d                        cstackCOMRAM  0001D
i2memcpy@d1                       cstackCOMRAM  00017
i2memcpy@n                        cstackCOMRAM  0001B
i2memcpy@s                        cstackCOMRAM  0001F
i2memcpy@s1                       cstackCOMRAM  00019
i2send_msg@data                   cstackCOMRAM  00025
i2send_msg@length                 cstackCOMRAM  00023
i2send_msg@msgtype                cstackCOMRAM  00024
i2send_msg@qmsg                   cstackCOMRAM  0002B
i2send_msg@qptr                   cstackCOMRAM  00021
i2send_msg@slot                   cstackCOMRAM  0002A
i2send_msg@tlength                cstackCOMRAM  00028
i2start_i2c_slave_reply@length    cstackCOMRAM  0001B
i2start_i2c_slave_reply@msg       cstackCOMRAM  00017
init_i2c@ic                       cstackBANK0   00097
init_queue@i                      cstackBANK0   0009A
init_queue@qptr                   cstackBANK0   00097
init_timer1_lthread@tptr          cstackBANK0   00097
init_uart_recv@uc                 cstackBANK0   00097
int_func                          intcode_body  01544
intlevel0                         text          00000
intlevel1                         text          00000
intlevel2                         text          00000
intlevel3                         text          00000
main@config1                      cstackBANK2   0020B
main@config2                      cstackBANK2   0020C
main@ic                           cstackBANK2   00222
main@length                       cstackBANK2   00220
main@msgbuffer                    cstackBANK2   00200
main@msgtype                      cstackBANK2   00221
main@portconfig                   cstackBANK2   0020D
main@t0thread_data                cstackBANK2   00210
main@t1thread_data                cstackBANK2   00212
main@uc                           cstackBANK2   00214
main@uthread_data                 cstackBANK2   0020E
memcpy@d                          cstackBANK0   0009D
memcpy@d1                         cstackBANK0   00097
memcpy@n                          cstackBANK0   0009B
memcpy@s                          cstackBANK0   0009F
memcpy@s1                         cstackBANK0   00099
readMessages@buf                  cstackCOMRAM  0001D
recv_msg@data                     cstackBANK0   000A6
recv_msg@maxlength                cstackBANK0   000A3
recv_msg@msgtype                  cstackBANK0   000A4
recv_msg@qmsg                     cstackBANK0   000AD
recv_msg@qptr                     cstackBANK0   000A1
recv_msg@slot                     cstackBANK0   000AA
recv_msg@tlength                  cstackBANK0   000AB
send_msg@data                     cstackBANK0   000A5
send_msg@length                   cstackBANK0   000A3
send_msg@msgtype                  cstackBANK0   000A4
send_msg@qmsg                     cstackBANK0   000AB
send_msg@qptr                     cstackBANK0   000A1
send_msg@slot                     cstackBANK0   000AA
send_msg@tlength                  cstackBANK0   000A8
stackhi                           (abs)         003FF
stacklo                           (abs)         0023E
start                             init          000B6
start_i2c_slave_reply@length      cstackBANK0   0009B
start_i2c_slave_reply@msg         cstackBANK0   00097
start_initialization              cinit         01866
timer0_lthread@length             cstackBANK0   0009B
timer0_lthread@msgbuffer          cstackBANK0   0009D
timer0_lthread@msgtype            cstackBANK0   00099
timer0_lthread@msgval             cstackBANK0   0009F
timer0_lthread@tptr               cstackBANK0   00097
timer1_lthread@length             cstackBANK0   000B5
timer1_lthread@msgbuffer          cstackBANK0   000B7
timer1_lthread@msgtype            cstackBANK0   000B3
timer1_lthread@retval             cstackBANK0   000BA
timer1_lthread@tptr               cstackBANK0   000B1
uart_lthread@length               cstackBANK0   000A0
uart_lthread@msgbuffer            cstackBANK0   000A2
uart_lthread@msgtype              cstackBANK0   0009E
uart_lthread@uptr                 cstackBANK0   0009C
uart_retrieve_buffer@length       cstackBANK0   00097
uart_retrieve_buffer@msgbuffer    cstackBANK0   00099


FUNCTION INFORMATION:

 *************** function _main *****************
 Defined at:
		line 189 in file "../src/main.c"
 Parameters:    Size  Location     Type
		None
 Auto vars:     Size  Location     Type
  ic             28   34[BANK2 ] struct __i2c_comm
  uc             12   20[BANK2 ] struct __uart_comm
  msgbuffer      11    0[BANK2 ] unsigned char [11]
  t1thread_dat    2   18[BANK2 ] struct __timer1_thread_s
  t0thread_dat    2   16[BANK2 ] struct __timer0_thread_s
  uthread_data    2   14[BANK2 ] struct __uart_thread_str
  msgtype         1   33[BANK2 ] unsigned char 
  length          1   32[BANK2 ] char 
  portconfig      1   13[BANK2 ] unsigned char 
  config2         1   12[BANK2 ] unsigned char 
  config1         1   11[BANK2 ] unsigned char 
  i               1    0        unsigned char 
  last_reg_rec    1    0        unsigned char 
  c               1    0        unsigned char 
 Return value:  Size  Location     Type
		None               void
 Registers used:
		wreg, fsr0l, fsr0h, fsr1l, fsr1h, fsr1l, fsr1h, fsr2l, fsr2h, status,2, status,0, pclat, btemp, btemp+1, btemp+2, btemp+3, btemp+4, btemp+5, btemp+6, btemp+7, btemp+8, btemp+9, btemp+10, btemp+11, tosl, structret, tblptrl, tblptrh, tblptru, prodl, prodh, bsr, cstack
 Tracked objects:
		On entry : 
		On exit  : 
		Unchanged: 
 Data sizes:     COMRAM   BANK0   BANK1   BANK2   BANK3
      Params:         0       0       0       0       0
      Locals:         0       0       0      62       0
      Temps:          0       1       0       0       0
      Totals:         0       1       0      62       0
Total ram usage:       63 bytes
 Hardware stack levels required when called:   12
 This function calls:
		_OpenTimer0
		_OpenTimer1
		_OpenUSART
		_ToMainHigh_recvmsg
		_ToMainLow_recvmsg
		_WriteTimer1
		_block_on_To_msgqueues
		_enable_interrupts
		_i2c_configure_slave
		_init_i2c
		_init_queues
		_init_timer1_lthread
		_init_uart_recv
		_timer0_lthread
		_timer1_lthread
		_uart_lthread
 This function is called by:
		Startup code after reset
 This function uses a non-reentrant model


 *************** function _uart_lthread *****************
 Defined at:
		line 13 in file "../src/uart_thread.c"
 Parameters:    Size  Location     Type
  uptr            2   28[BANK0 ] PTR struct __uart_thread
		 -> main@uthread_data(2), 
  msgtype         2   30[BANK0 ] int 
  length          2   32[BANK0 ] int 
  msgbuffer       2   34[BANK0 ] PTR unsigned char 
		 -> main@msgbuffer(11), 
 Auto vars:     Size  Location     Type
		None
 Return value:  Size  Location     Type
                  2   28[BANK0 ] int 
 Registers used:
		wreg, fsr1l, fsr1h, fsr2l, fsr2h, status,2, status,0, prodl, prodh, cstack
 Tracked objects:
		On entry : 
		On exit  : 
		Unchanged: 
 Data sizes:     COMRAM   BANK0   BANK1   BANK2   BANK3
      Params:         0       8       0       0       0
      Locals:         0       0       0       0       0
      Temps:          0       1       0       0       0
      Totals:         0       9       0       0       0
Total ram usage:        9 bytes
 Hardware stack levels used:    1
 Hardware stack levels required when called:    9
 This function calls:
		_start_i2c_slave_reply
		_uart_retrieve_buffer
 This function is called by:
		_main
 This function uses a non-reentrant model


 *************** function _uart_retrieve_buffer *****************
 Defined at:
		line 28 in file "../src/my_uart.c"
 Parameters:    Size  Location     Type
  length          2   23[BANK0 ] int 
  msgbuffer       2   25[BANK0 ] PTR unsigned char 
		 -> main@msgbuffer(11), 
 Auto vars:     Size  Location     Type
		None
 Return value:  Size  Location     Type
		None               void
 Registers used:
		wreg, fsr1l, fsr1h, fsr2l, fsr2h, status,2, status,0
 Tracked objects:
		On entry : 
		On exit  : 
		Unchanged: 
 Data sizes:     COMRAM   BANK0   BANK1   BANK2   BANK3
      Params:         0       4       0       0       0
      Locals:         0       0       0       0       0
      Temps:          0       0       0       0       0
      Totals:         0       4       0       0       0
Total ram usage:        4 bytes
 Hardware stack levels used:    1
 Hardware stack levels required when called:    8
 This function calls:
		Nothing
 This function is called by:
		_uart_lthread
 This function uses a non-reentrant model


 *************** function _start_i2c_slave_reply *****************
 Defined at:
		line 25 in file "../src/my_i2c.c"
 Parameters:    Size  Location     Type
  length          1    wreg     unsigned char 
  msg             2   23[BANK0 ] PTR unsigned char 
		 -> motorEncoderBuffer(5), readMessages@buf(4), 
 Auto vars:     Size  Location     Type
  length          1   27[BANK0 ] unsigned char 
 Return value:  Size  Location     Type
		None               void
 Registers used:
		wreg, fsr1l, fsr1h, fsr2l, fsr2h, status,2, status,0, prodl, prodh
 Tracked objects:
		On entry : 
		On exit  : 
		Unchanged: 
 Data sizes:     COMRAM   BANK0   BANK1   BANK2   BANK3
      Params:         0       2       0       0       0
      Locals:         0       1       0       0       0
      Temps:          0       2       0       0       0
      Totals:         0       5       0       0       0
Total ram usage:        5 bytes
 Hardware stack levels used:    1
 Hardware stack levels required when called:    8
 This function calls:
		Nothing
 This function is called by:
		_uart_lthread
 This function uses a non-reentrant model


 *************** function _timer1_lthread *****************
 Defined at:
		line 14 in file "../src/timer1_thread.c"
 Parameters:    Size  Location     Type
  tptr            2   49[BANK0 ] PTR struct __timer1_thre
		 -> main@t1thread_data(2), 
  msgtype         2   51[BANK0 ] int 
  length          2   53[BANK0 ] int 
  msgbuffer       2   55[BANK0 ] PTR unsigned char 
		 -> main@msgbuffer(11), 
 Auto vars:     Size  Location     Type
  retval          1   58[BANK0 ] char 
 Return value:  Size  Location     Type
                  2   49[BANK0 ] int 
 Registers used:
		wreg, fsr1l, fsr1h, fsr2l, fsr2h, status,2, status,0, prodl, prodh, cstack
 Tracked objects:
		On entry : 
		On exit  : 
		Unchanged: 
 Data sizes:     COMRAM   BANK0   BANK1   BANK2   BANK3
      Params:         0       8       0       0       0
      Locals:         0       1       0       0       0
      Temps:          0       1       0       0       0
      Totals:         0      10       0       0       0
Total ram usage:       10 bytes
 Hardware stack levels used:    1
 Hardware stack levels required when called:   11
 This function calls:
		_FromMainHigh_sendmsg
		___lwmod
 This function is called by:
		_main
 This function uses a non-reentrant model


 *************** function ___lwmod *****************
 Defined at:
		line 8 in file "C:\Program Files\Microchip\xc8\v1.30\sources\common\lwmod.c"
 Parameters:    Size  Location     Type
  dividend        2   23[BANK0 ] unsigned int 
  divisor         2   25[BANK0 ] unsigned int 
 Auto vars:     Size  Location     Type
  counter         1   28[BANK0 ] unsigned char 
 Return value:  Size  Location     Type
                  2   23[BANK0 ] unsigned int 
 Registers used:
		wreg, status,2, status,0
 Tracked objects:
		On entry : 
		On exit  : 
		Unchanged: 
 Data sizes:     COMRAM   BANK0   BANK1   BANK2   BANK3
      Params:         0       4       0       0       0
      Locals:         0       1       0       0       0
      Temps:          0       1       0       0       0
      Totals:         0       6       0       0       0
Total ram usage:        6 bytes
 Hardware stack levels used:    1
 Hardware stack levels required when called:    8
 This function calls:
		Nothing
 This function is called by:
		_timer1_lthread
 This function uses a non-reentrant model


 *************** function _FromMainHigh_sendmsg *****************
 Defined at:
		line 174 in file "../src/messages.c"
 Parameters:    Size  Location     Type
  length          1    wreg     unsigned char 
  msgtype         1   45[BANK0 ] unsigned char 
  data            2   46[BANK0 ] PTR void 
		 -> main@t1thread_data(2), 
 Auto vars:     Size  Location     Type
  length          1   48[BANK0 ] unsigned char 
 Return value:  Size  Location     Type
                  1    wreg      char 
 Registers used:
		wreg, fsr1l, fsr1h, fsr2l, fsr2h, status,2, status,0, prodl, prodh, cstack
 Tracked objects:
		On entry : 
		On exit  : 
		Unchanged: 
 Data sizes:     COMRAM   BANK0   BANK1   BANK2   BANK3
      Params:         0       3       0       0       0
      Locals:         0       1       0       0       0
      Temps:          0       0       0       0       0
      Totals:         0       4       0       0       0
Total ram usage:        4 bytes
 Hardware stack levels used:    1
 Hardware stack levels required when called:   10
 This function calls:
		_send_msg
 This function is called by:
		_timer1_lthread
 This function uses a non-reentrant model


 *************** function _send_msg *****************
 Defined at:
		line 24 in file "../src/messages.c"
 Parameters:    Size  Location     Type
  qptr            2   33[BANK0 ] PTR struct __msg_queue
		 -> FromMainHigh_MQ(54), FromMainLow_MQ(54), ToMainHigh_MQ(54), ToMainLow_MQ(54), 
  length          1   35[BANK0 ] unsigned char 
  msgtype         1   36[BANK0 ] unsigned char 
  data            2   37[BANK0 ] PTR void 
		 -> NULL(0), i2c_int_handler@error_buf(3), main@t1thread_data(2), main@ic(28), 
 Auto vars:     Size  Location     Type
  qmsg            2   43[BANK0 ] PTR struct __msg
		 -> FromMainLow_MQ.queue(52), FromMainHigh_MQ.queue(52), ToMainHigh_MQ.queue(52), ToMainLow_MQ.queue(52), 
		 -> FromMainHigh_MQ(54), FromMainLow_MQ(54), ToMainHigh_MQ(54), ToMainLow_MQ(54), 
  tlength         2   40[BANK0 ] unsigned int 
  slot            1   42[BANK0 ] unsigned char 
 Return value:  Size  Location     Type
                  1    wreg      char 
 Registers used:
		wreg, fsr1l, fsr1h, fsr2l, fsr2h, status,2, status,0, prodl, prodh, cstack
 Tracked objects:
		On entry : 
		On exit  : 
		Unchanged: 
 Data sizes:     COMRAM   BANK0   BANK1   BANK2   BANK3
      Params:         0       6       0       0       0
      Locals:         0       5       0       0       0
      Temps:          0       1       0       0       0
      Totals:         0      12       0       0       0
Total ram usage:       12 bytes
 Hardware stack levels used:    1
 Hardware stack levels required when called:    9
 This function calls:
		_memcpy
 This function is called by:
		_FromMainHigh_sendmsg
		_ToMainLow_sendmsg
		_FromMainLow_sendmsg
 This function uses a non-reentrant model


 *************** function _timer0_lthread *****************
 Defined at:
		line 10 in file "../src/timer0_thread.c"
 Parameters:    Size  Location     Type
  tptr            2   23[BANK0 ] PTR struct __timer0_thre
		 -> main@t0thread_data(2), 
  msgtype         2   25[BANK0 ] int 
  length          2   27[BANK0 ] int 
  msgbuffer       2   29[BANK0 ] PTR unsigned char 
		 -> main@msgbuffer(11), 
 Auto vars:     Size  Location     Type
  msgval          2   31[BANK0 ] PTR unsigned int 
		 -> main@msgbuffer(11), 
 Return value:  Size  Location     Type
                  2   23[BANK0 ] int 
 Registers used:
		wreg, status,2, status,0
 Tracked objects:
		On entry : 
		On exit  : 
		Unchanged: 
 Data sizes:     COMRAM   BANK0   BANK1   BANK2   BANK3
      Params:         0       8       0       0       0
      Locals:         0       2       0       0       0
      Temps:          0       0       0       0       0
      Totals:         0      10       0       0       0
Total ram usage:       10 bytes
 Hardware stack levels used:    1
 Hardware stack levels required when called:    8
 This function calls:
		Nothing
 This function is called by:
		_main
 This function uses a non-reentrant model


 *************** function _init_uart_recv *****************
 Defined at:
		line 12 in file "../src/my_uart.c"
 Parameters:    Size  Location     Type
  uc              2   23[BANK0 ] PTR struct __uart_comm
		 -> main@uc(12), 
 Auto vars:     Size  Location     Type
		None
 Return value:  Size  Location     Type
		None               void
 Registers used:
		wreg, fsr2l, fsr2h, status,2, status,0
 Tracked objects:
		On entry : 
		On exit  : 
		Unchanged: 
 Data sizes:     COMRAM   BANK0   BANK1   BANK2   BANK3
      Params:         0       2       0       0       0
      Locals:         0       0       0       0       0
      Temps:          0       0       0       0       0
      Totals:         0       2       0       0       0
Total ram usage:        2 bytes
 Hardware stack levels used:    1
 Hardware stack levels required when called:    8
 This function calls:
		Nothing
 This function is called by:
		_main
 This function uses a non-reentrant model


 *************** function _init_timer1_lthread *****************
 Defined at:
		line 6 in file "../src/timer1_thread.c"
 Parameters:    Size  Location     Type
  tptr            2   23[BANK0 ] PTR struct __timer1_thre
		 -> main@t1thread_data(2), 
 Auto vars:     Size  Location     Type
		None
 Return value:  Size  Location     Type
		None               void
 Registers used:
		wreg, fsr2l, fsr2h
 Tracked objects:
		On entry : 
		On exit  : 
		Unchanged: 
 Data sizes:     COMRAM   BANK0   BANK1   BANK2   BANK3
      Params:         0       2       0       0       0
      Locals:         0       0       0       0       0
      Temps:          0       0       0       0       0
      Totals:         0       2       0       0       0
Total ram usage:        2 bytes
 Hardware stack levels used:    1
 Hardware stack levels required when called:    8
 This function calls:
		Nothing
 This function is called by:
		_main
 This function uses a non-reentrant model


 *************** function _init_queues *****************
 Defined at:
		line 194 in file "../src/messages.c"
 Parameters:    Size  Location     Type
		None
 Auto vars:     Size  Location     Type
		None
 Return value:  Size  Location     Type
		None               void
 Registers used:
		wreg, fsr2l, fsr2h, status,2, status,0, prodl, prodh, cstack
 Tracked objects:
		On entry : 
		On exit  : 
		Unchanged: 
 Data sizes:     COMRAM   BANK0   BANK1   BANK2   BANK3
      Params:         0       0       0       0       0
      Locals:         0       0       0       0       0
      Temps:          0       1       0       0       0
      Totals:         0       1       0       0       0
Total ram usage:        1 bytes
 Hardware stack levels used:    1
 Hardware stack levels required when called:    9
 This function calls:
		_init_queue
 This function is called by:
		_main
 This function uses a non-reentrant model


 *************** function _init_queue *****************
 Defined at:
		line 14 in file "../src/messages.c"
 Parameters:    Size  Location     Type
  qptr            2   23[BANK0 ] PTR struct __msg_queue
		 -> FromMainHigh_MQ(54), FromMainLow_MQ(54), ToMainHigh_MQ(54), ToMainLow_MQ(54), 
 Auto vars:     Size  Location     Type
  i               1   26[BANK0 ] unsigned char 
 Return value:  Size  Location     Type
		None               void
 Registers used:
		wreg, fsr2l, fsr2h, status,2, status,0, prodl, prodh
 Tracked objects:
		On entry : 
		On exit  : 
		Unchanged: 
 Data sizes:     COMRAM   BANK0   BANK1   BANK2   BANK3
      Params:         0       2       0       0       0
      Locals:         0       1       0       0       0
      Temps:          0       1       0       0       0
      Totals:         0       4       0       0       0
Total ram usage:        4 bytes
 Hardware stack levels used:    1
 Hardware stack levels required when called:    8
 This function calls:
		Nothing
 This function is called by:
		_init_queues
 This function uses a non-reentrant model


 *************** function _init_i2c *****************
 Defined at:
		line 242 in file "../src/my_i2c.c"
 Parameters:    Size  Location     Type
  ic              2   23[BANK0 ] PTR struct __i2c_comm
		 -> main@ic(28), 
 Auto vars:     Size  Location     Type
		None
 Return value:  Size  Location     Type
		None               void
 Registers used:
		wreg, fsr2l, fsr2h, status,2, status,0
 Tracked objects:
		On entry : 
		On exit  : 
		Unchanged: 
 Data sizes:     COMRAM   BANK0   BANK1   BANK2   BANK3
      Params:         0       2       0       0       0
      Locals:         0       0       0       0       0
      Temps:          0       0       0       0       0
      Totals:         0       2       0       0       0
Total ram usage:        2 bytes
 Hardware stack levels used:    1
 Hardware stack levels required when called:    8
 This function calls:
		Nothing
 This function is called by:
		_main
 This function uses a non-reentrant model


 *************** function _i2c_configure_slave *****************
 Defined at:
		line 253 in file "../src/my_i2c.c"
 Parameters:    Size  Location     Type
  addr            1    wreg     unsigned char 
 Auto vars:     Size  Location     Type
  addr            1   23[BANK0 ] unsigned char 
 Return value:  Size  Location     Type
		None               void
 Registers used:
		wreg, status,2, status,0
 Tracked objects:
		On entry : 
		On exit  : 
		Unchanged: 
 Data sizes:     COMRAM   BANK0   BANK1   BANK2   BANK3
      Params:         0       0       0       0       0
      Locals:         0       1       0       0       0
      Temps:          0       0       0       0       0
      Totals:         0       1       0       0       0
Total ram usage:        1 bytes
 Hardware stack levels used:    1
 Hardware stack levels required when called:    8
 This function calls:
		Nothing
 This function is called by:
		_main
 This function uses a non-reentrant model


 *************** function _enable_interrupts *****************
 Defined at:
		line 15 in file "../src/interrupts.c"
 Parameters:    Size  Location     Type
		None
 Auto vars:     Size  Location     Type
		None
 Return value:  Size  Location     Type
		None               void
 Registers used:
		None
 Tracked objects:
		On entry : 
		On exit  : 
		Unchanged: 
 Data sizes:     COMRAM   BANK0   BANK1   BANK2   BANK3
      Params:         0       0       0       0       0
      Locals:         0       0       0       0       0
      Temps:          0       0       0       0       0
      Totals:         0       0       0       0       0
Total ram usage:        0 bytes
 Hardware stack levels used:    1
 Hardware stack levels required when called:    8
 This function calls:
		Nothing
 This function is called by:
		_main
 This function uses a non-reentrant model


 *************** function _block_on_To_msgqueues *****************
 Defined at:
		line 258 in file "../src/messages.c"
 Parameters:    Size  Location     Type
		None
 Auto vars:     Size  Location     Type
		None
 Return value:  Size  Location     Type
		None               void
 Registers used:
		wreg, fsr2l, fsr2h, status,2, status,0, prodl, prodh, cstack
 Tracked objects:
		On entry : 
		On exit  : 
		Unchanged: 
 Data sizes:     COMRAM   BANK0   BANK1   BANK2   BANK3
      Params:         0       0       0       0       0
      Locals:         0       0       0       0       0
      Temps:          0       1       0       0       0
      Totals:         0       1       0       0       0
Total ram usage:        1 bytes
 Hardware stack levels used:    1
 Hardware stack levels required when called:   11
 This function calls:
		_Delay1KTCYx
		_check_msg
		_in_main
 This function is called by:
		_main
 This function uses a non-reentrant model


 *************** function _in_main *****************
 Defined at:
		line 43 in file "../src/interrupts.c"
 Parameters:    Size  Location     Type
		None
 Auto vars:     Size  Location     Type
		None
 Return value:  Size  Location     Type
                  2   27[BANK0 ] int 
 Registers used:
		wreg, status,2, status,0, cstack
 Tracked objects:
		On entry : 
		On exit  : 
		Unchanged: 
 Data sizes:     COMRAM   BANK0   BANK1   BANK2   BANK3
      Params:         0       2       0       0       0
      Locals:         0       0       0       0       0
      Temps:          0       0       0       0       0
      Totals:         0       2       0       0       0
Total ram usage:        2 bytes
 Hardware stack levels used:    1
 Hardware stack levels required when called:   10
 This function calls:
		_in_high_int
		_in_low_int
 This function is called by:
		_block_on_To_msgqueues
 This function uses a non-reentrant model


 *************** function _in_low_int *****************
 Defined at:
		line 32 in file "../src/interrupts.c"
 Parameters:    Size  Location     Type
		None
 Auto vars:     Size  Location     Type
		None
 Return value:  Size  Location     Type
                  2   25[BANK0 ] int 
 Registers used:
		wreg, status,2, status,0, cstack
 Tracked objects:
		On entry : 
		On exit  : 
		Unchanged: 
 Data sizes:     COMRAM   BANK0   BANK1   BANK2   BANK3
      Params:         0       2       0       0       0
      Locals:         0       0       0       0       0
      Temps:          0       0       0       0       0
      Totals:         0       2       0       0       0
Total ram usage:        2 bytes
 Hardware stack levels used:    1
 Hardware stack levels required when called:    9
 This function calls:
		_in_high_int
 This function is called by:
		_in_main
 This function uses a non-reentrant model


 *************** function _in_high_int *****************
 Defined at:
		line 23 in file "../src/interrupts.c"
 Parameters:    Size  Location     Type
		None
 Auto vars:     Size  Location     Type
		None
 Return value:  Size  Location     Type
                  2   23[BANK0 ] int 
 Registers used:
		wreg, status,2
 Tracked objects:
		On entry : 
		On exit  : 
		Unchanged: 
 Data sizes:     COMRAM   BANK0   BANK1   BANK2   BANK3
      Params:         0       2       0       0       0
      Locals:         0       0       0       0       0
      Temps:          0       0       0       0       0
      Totals:         0       2       0       0       0
Total ram usage:        2 bytes
 Hardware stack levels used:    1
 Hardware stack levels required when called:    8
 This function calls:
		Nothing
 This function is called by:
		_in_low_int
		_in_main
 This function uses a non-reentrant model


 *************** function _check_msg *****************
 Defined at:
		line 222 in file "../src/messages.c"
 Parameters:    Size  Location     Type
  qptr            2   23[BANK0 ] PTR struct __msg_queue
		 -> ToMainHigh_MQ(54), ToMainLow_MQ(54), 
 Auto vars:     Size  Location     Type
		None
 Return value:  Size  Location     Type
                  1    wreg      unsigned char 
 Registers used:
		wreg, fsr2l, fsr2h, status,2, status,0, prodl, prodh
 Tracked objects:
		On entry : 
		On exit  : 
		Unchanged: 
 Data sizes:     COMRAM   BANK0   BANK1   BANK2   BANK3
      Params:         0       2       0       0       0
      Locals:         0       0       0       0       0
      Temps:          0       1       0       0       0
      Totals:         0       3       0       0       0
Total ram usage:        3 bytes
 Hardware stack levels used:    1
 Hardware stack levels required when called:    8
 This function calls:
		Nothing
 This function is called by:
		_block_on_To_msgqueues
 This function uses a non-reentrant model


 *************** function _Delay1KTCYx *****************
 Defined at:
		line 8 in file "C:\Program Files\Microchip\xc8\v1.30\sources\pic18\d1ktcyx.c"
 Parameters:    Size  Location     Type
  unit            1    wreg     unsigned char 
 Auto vars:     Size  Location     Type
  unit            1   23[BANK0 ] unsigned char 
 Return value:  Size  Location     Type
		None               void
 Registers used:
		wreg
 Tracked objects:
		On entry : 
		On exit  : 
		Unchanged: 
 Data sizes:     COMRAM   BANK0   BANK1   BANK2   BANK3
      Params:         0       0       0       0       0
      Locals:         0       1       0       0       0
      Temps:          0       0       0       0       0
      Totals:         0       1       0       0       0
Total ram usage:        1 bytes
 Hardware stack levels used:    1
 Hardware stack levels required when called:    8
 This function calls:
		Nothing
 This function is called by:
		_block_on_To_msgqueues
 This function uses a non-reentrant model


 *************** function _WriteTimer1 *****************
 Defined at:
		line 14 in file "C:\Program Files\Microchip\xc8\v1.30\sources\pic18\plib\Timers\t1write.c"
 Parameters:    Size  Location     Type
  timer1          2   23[BANK0 ] unsigned int 
 Auto vars:     Size  Location     Type
  timer           2   25[BANK0 ] struct Timers
 Return value:  Size  Location     Type
		None               void
 Registers used:
		None
 Tracked objects:
		On entry : 
		On exit  : 
		Unchanged: 
 Data sizes:     COMRAM   BANK0   BANK1   BANK2   BANK3
      Params:         0       2       0       0       0
      Locals:         0       2       0       0       0
      Temps:          0       0       0       0       0
      Totals:         0       4       0       0       0
Total ram usage:        4 bytes
 Hardware stack levels used:    1
 Hardware stack levels required when called:    8
 This function calls:
		Nothing
 This function is called by:
		_main
 This function uses a non-reentrant model


 *************** function _ToMainLow_recvmsg *****************
 Defined at:
		line 112 in file "../src/messages.c"
 Parameters:    Size  Location     Type
  maxlength       1    wreg     unsigned char 
  msgtype         2   47[BANK0 ] PTR unsigned char 
		 -> main@msgtype(1), 
  data            2   49[BANK0 ] PTR void 
		 -> main@msgbuffer(11), 
 Auto vars:     Size  Location     Type
  maxlength       1   51[BANK0 ] unsigned char 
 Return value:  Size  Location     Type
                  1    wreg      char 
 Registers used:
		wreg, fsr1l, fsr1h, fsr2l, fsr2h, status,2, status,0, prodl, prodh, cstack
 Tracked objects:
		On entry : 
		On exit  : 
		Unchanged: 
 Data sizes:     COMRAM   BANK0   BANK1   BANK2   BANK3
      Params:         0       4       0       0       0
      Locals:         0       1       0       0       0
      Temps:          0       0       0       0       0
      Totals:         0       5       0       0       0
Total ram usage:        5 bytes
 Hardware stack levels used:    1
 Hardware stack levels required when called:   10
 This function calls:
		_recv_msg
 This function is called by:
		_main
 This function uses a non-reentrant model


 *************** function _ToMainHigh_recvmsg *****************
 Defined at:
		line 135 in file "../src/messages.c"
 Parameters:    Size  Location     Type
  maxlength       1    wreg     unsigned char 
  msgtype         2   47[BANK0 ] PTR unsigned char 
		 -> main@msgtype(1), 
  data            2   49[BANK0 ] PTR void 
		 -> main@msgbuffer(11), 
 Auto vars:     Size  Location     Type
  maxlength       1   51[BANK0 ] unsigned char 
 Return value:  Size  Location     Type
                  1    wreg      char 
 Registers used:
		wreg, fsr1l, fsr1h, fsr2l, fsr2h, status,2, status,0, prodl, prodh, cstack
 Tracked objects:
		On entry : 
		On exit  : 
		Unchanged: 
 Data sizes:     COMRAM   BANK0   BANK1   BANK2   BANK3
      Params:         0       4       0       0       0
      Locals:         0       1       0       0       0
      Temps:          0       0       0       0       0
      Totals:         0       5       0       0       0
Total ram usage:        5 bytes
 Hardware stack levels used:    1
 Hardware stack levels required when called:   10
 This function calls:
		_recv_msg
 This function is called by:
		_main
 This function uses a non-reentrant model


 *************** function _recv_msg *****************
 Defined at:
		line 63 in file "../src/messages.c"
 Parameters:    Size  Location     Type
  qptr            2   33[BANK0 ] PTR struct __msg_queue
		 -> FromMainHigh_MQ(54), FromMainLow_MQ(54), ToMainHigh_MQ(54), ToMainLow_MQ(54), 
  maxlength       1   35[BANK0 ] unsigned char 
  msgtype         2   36[BANK0 ] PTR unsigned char 
		 -> main@msgtype(1), 
  data            2   38[BANK0 ] PTR void 
		 -> main@msgbuffer(11), 
 Auto vars:     Size  Location     Type
  qmsg            2   45[BANK0 ] PTR struct __msg
		 -> FromMainLow_MQ.queue(52), FromMainHigh_MQ.queue(52), ToMainHigh_MQ.queue(52), ToMainLow_MQ.queue(52), 
		 -> FromMainHigh_MQ(54), FromMainLow_MQ(54), ToMainHigh_MQ(54), ToMainLow_MQ(54), 
  tlength         2   43[BANK0 ] unsigned int 
  slot            1   42[BANK0 ] unsigned char 
 Return value:  Size  Location     Type
                  1    wreg      char 
 Registers used:
		wreg, fsr1l, fsr1h, fsr2l, fsr2h, status,2, status,0, prodl, prodh, cstack
 Tracked objects:
		On entry : 
		On exit  : 
		Unchanged: 
 Data sizes:     COMRAM   BANK0   BANK1   BANK2   BANK3
      Params:         0       7       0       0       0
      Locals:         0       5       0       0       0
      Temps:          0       2       0       0       0
      Totals:         0      14       0       0       0
Total ram usage:       14 bytes
[...]
Total ram usage:        1 bytes
 Hardware stack levels used:    1
 Hardware stack levels required when called:    1
 This function calls:
		_WriteTimer0
 This function is called by:
		_InterruptHandlerHigh
 This function uses a non-reentrant model


 *************** function _WriteTimer0 *****************
 Defined at:
		line 16 in file "C:\Program Files\Microchip\xc8\v1.30\sources\pic18\plib\Timers\t0write.c"
 Parameters:    Size  Location     Type
  timer0          2   22[COMRAM] unsigned int 
 Auto vars:     Size  Location     Type
  timer           2   24[COMRAM] struct Timers
 Return value:  Size  Location     Type
		None               void
 Registers used:
		None
 Tracked objects:
		On entry : 
		On exit  : 
		Unchanged: 
 Data sizes:     COMRAM   BANK0   BANK1   BANK2   BANK3
      Params:         2       0       0       0       0
      Locals:         2       0       0       0       0
      Temps:          0       0       0       0       0
      Totals:         4       0       0       0       0
Total ram usage:        4 bytes
 Hardware stack levels used:    1
 This function calls:
		Nothing
 This function is called by:
		_timer0_int_handler
 This function uses a non-reentrant model


 *************** function _i2c_int_handler *****************
 Defined at:
		line 71 in file "../src/my_i2c.c"
 Parameters:    Size  Location     Type
		None
 Auto vars:     Size  Location     Type
  error_buf       3    0[BANK0 ] unsigned char [3]
  data_read       1    8[BANK0 ] unsigned char 
  msg_ready       1    7[BANK0 ] unsigned char 
  i2c_data        1    6[BANK0 ] unsigned char 
  msg_to_send     1    5[BANK0 ] unsigned char 
  overrun_erro    1    4[BANK0 ] unsigned char 
  data_written    1    3[BANK0 ] unsigned char 
 Return value:  Size  Location     Type
		None               void
 Registers used:
		wreg, fsr1l, fsr1h, fsr2l, fsr2h, status,2, status,0, prodl, prodh, cstack
 Tracked objects:
		On entry : 
		On exit  : 
		Unchanged: 
 Data sizes:     COMRAM   BANK0   BANK1   BANK2   BANK3
      Params:         0       0       0       0       0
      Locals:         0       9       0       0       0
      Temps:          2       0       0       0       0
      Totals:         2       9       0       0       0
Total ram usage:       11 bytes
 Hardware stack levels used:    1
 Hardware stack levels required when called:    3
 This function calls:
		_ToMainHigh_sendmsg
		_handle_start
		_readMessages
 This function is called by:
		_InterruptHandlerHigh
 This function uses a non-reentrant model


 *************** function _readMessages *****************
 Defined at:
		line 307 in file "../src/my_i2c.c"
 Parameters:    Size  Location     Type
		None
 Auto vars:     Size  Location     Type
  buf             4   28[COMRAM] unsigned char [4]
 Return value:  Size  Location     Type
		None               void
 Registers used:
		wreg, fsr1l, fsr1h, fsr2l, fsr2h, status,2, status,0, prodl, prodh, cstack
 Tracked objects:
		On entry : 
		On exit  : 
		Unchanged: 
 Data sizes:     COMRAM   BANK0   BANK1   BANK2   BANK3
      Params:         0       0       0       0       0
      Locals:         4       0       0       0       0
      Temps:          1       0       0       0       0
      Totals:         5       0       0       0       0
Total ram usage:        5 bytes
 Hardware stack levels used:    1
 Hardware stack levels required when called:    1
 This function calls:
		i2_start_i2c_slave_reply
 This function is called by:
		_i2c_int_handler
 This function uses a non-reentrant model


 *************** function i2_start_i2c_slave_reply *****************
 Defined at:
		line 25 in file "../src/my_i2c.c"
 Parameters:    Size  Location     Type
  length          1    wreg     unsigned char 
  msg             2   22[COMRAM] PTR unsigned char 
		 -> motorEncoderBuffer(5), readMessages@buf(4), 
 Auto vars:     Size  Location     Type
  length          1   26[COMRAM] unsigned char 
 Return value:  Size  Location     Type
		None               void
 Registers used:
		wreg, fsr1l, fsr1h, fsr2l, fsr2h, status,2, status,0, prodl, prodh
 Tracked objects:
		On entry : 
		On exit  : 
		Unchanged: 
 Data sizes:     COMRAM   BANK0   BANK1   BANK2   BANK3
      Params:         2       0       0       0       0
      Locals:         1       0       0       0       0
      Temps:          2       0       0       0       0
      Totals:         5       0       0       0       0
Total ram usage:        5 bytes
 Hardware stack levels used:    1
 This function calls:
		Nothing
 This function is called by:
		_readMessages
 This function uses a non-reentrant model


 *************** function _handle_start *****************
 Defined at:
		line 42 in file "../src/my_i2c.c"
 Parameters:    Size  Location     Type
  data_read       1    wreg     unsigned char 
 Auto vars:     Size  Location     Type
  data_read       1   22[COMRAM] unsigned char 
 Return value:  Size  Location     Type
		None               void
 Registers used:
		wreg, fsr2l, fsr2h, status,2, status,0
 Tracked objects:
		On entry : 
		On exit  : 
		Unchanged: 
 Data sizes:     COMRAM   BANK0   BANK1   BANK2   BANK3
      Params:         0       0       0       0       0
      Locals:         1       0       0       0       0
      Temps:          0       0       0       0       0
      Totals:         1       0       0       0       0
Total ram usage:        1 bytes
 Hardware stack levels used:    1
 This function calls:
		Nothing
 This function is called by:
		_i2c_int_handler
 This function uses a non-reentrant model


 *************** function _ToMainHigh_sendmsg *****************
 Defined at:
		line 126 in file "../src/messages.c"
 Parameters:    Size  Location     Type
  length          1    wreg     unsigned char 
  msgtype         1   44[COMRAM] unsigned char 
  data            2   45[COMRAM] PTR void 
		 -> NULL(0), i2c_int_handler@error_buf(3), main@ic(28), 
 Auto vars:     Size  Location     Type
  length          1   47[COMRAM] unsigned char 
 Return value:  Size  Location     Type
                  1    wreg      char 
 Registers used:
		wreg, fsr1l, fsr1h, fsr2l, fsr2h, status,2, status,0, prodl, prodh, cstack
 Tracked objects:
		On entry : 
		On exit  : 
		Unchanged: 
 Data sizes:     COMRAM   BANK0   BANK1   BANK2   BANK3
      Params:         3       0       0       0       0
      Locals:         1       0       0       0       0
      Temps:          0       0       0       0       0
      Totals:         4       0       0       0       0
Total ram usage:        4 bytes
 Hardware stack levels used:    1
 Hardware stack levels required when called:    2
 This function calls:
		i2_send_msg
 This function is called by:
		_i2c_int_handler
 This function uses a non-reentrant model


 *************** function i2_send_msg *****************
 Defined at:
		line 24 in file "../src/messages.c"
 Parameters:    Size  Location     Type
  qptr            2   32[COMRAM] PTR struct __msg_queue
		 -> FromMainHigh_MQ(54), FromMainLow_MQ(54), ToMainHigh_MQ(54), ToMainLow_MQ(54), 
  length          1   34[COMRAM] unsigned char 
  msgtype         1   35[COMRAM] unsigned char 
  data            2   36[COMRAM] PTR void 
		 -> NULL(0), i2c_int_handler@error_buf(3), main@t1thread_data(2), main@ic(28), 
 Auto vars:     Size  Location     Type
  send_msg        2   42[COMRAM] PTR struct __msg
		 -> FromMainLow_MQ.queue(52), FromMainHigh_MQ.queue(52), ToMainHigh_MQ.queue(52), ToMainLow_MQ.queue(52), 
		 -> FromMainHigh_MQ(54), FromMainLow_MQ(54), ToMainHigh_MQ(54), ToMainLow_MQ(54), 
  send_msg        2   39[COMRAM] unsigned int 
  send_msg        1   41[COMRAM] unsigned char 
 Return value:  Size  Location     Type
                  1    wreg      char 
 Registers used:
		wreg, fsr1l, fsr1h, fsr2l, fsr2h, status,2, status,0, prodl, prodh, cstack
 Tracked objects:
		On entry : 
		On exit  : 
		Unchanged: 
 Data sizes:     COMRAM   BANK0   BANK1   BANK2   BANK3
      Params:         6       0       0       0       0
      Locals:         5       0       0       0       0
      Temps:          1       0       0       0       0
      Totals:        12       0       0       0       0
Total ram usage:       12 bytes
 Hardware stack levels used:    1
 Hardware stack levels required when called:    1
 This function calls:
		i2_memcpy
 This function is called by:
		_ToMainHigh_sendmsg
 This function uses a non-reentrant model


 *************** function i2_memcpy *****************
 Defined at:
		line 11 in file "C:\Program Files\Microchip\xc8\v1.30\sources\common\memcpy.c"
 Parameters:    Size  Location     Type
  d1              2   22[COMRAM] PTR void 
		 -> FromMainLow_MQ.queue(52), FromMainHigh_MQ.queue(52), ToMainHigh_MQ.queue(52), ToMainLow_MQ.queue(52), 
		 -> FromMainHigh_MQ(54), FromMainLow_MQ(54), ToMainHigh_MQ(54), ToMainLow_MQ(54), 
		 -> main@msgbuffer(11), 
  s1              2   24[COMRAM] PTR const void 
		 -> ToMainLow_MQ.data(10), ToMainHigh_MQ.data(10), FromMainLow_MQ.data(10), FromMainHigh_MQ.data(10), 
		 -> ToMainLow_MQ.queue.data(10), ToMainHigh_MQ.queue.data(10), FromMainHigh_MQ.queue.data(10), FromMainLow_MQ.queue.data(10), 
		 -> NULL(0), i2c_int_handler@error_buf(3), FromMainHigh_MQ(54), FromMainLow_MQ(54), 
		 -> ToMainHigh_MQ(54), ToMainLow_MQ(54), main@t1thread_data(2), main@ic(28), 
  n               2   26[COMRAM] unsigned int 
 Auto vars:     Size  Location     Type
  memcpy          2   30[COMRAM] PTR const unsigned char 
		 -> ToMainLow_MQ.data(10), ToMainHigh_MQ.data(10), FromMainLow_MQ.data(10), FromMainHigh_MQ.data(10), 
		 -> ToMainLow_MQ.queue.data(10), ToMainHigh_MQ.queue.data(10), FromMainHigh_MQ.queue.data(10), FromMainLow_MQ.queue.data(10), 
		 -> NULL(0), i2c_int_handler@error_buf(3), FromMainHigh_MQ(54), FromMainLow_MQ(54), 
		 -> ToMainHigh_MQ(54), ToMainLow_MQ(54), main@t1thread_data(2), main@ic(28), 
  memcpy          2   28[COMRAM] PTR unsigned char 
		 -> FromMainLow_MQ.queue(52), FromMainHigh_MQ.queue(52), ToMainHigh_MQ.queue(52), ToMainLow_MQ.queue(52), 
		 -> FromMainHigh_MQ(54), FromMainLow_MQ(54), ToMainHigh_MQ(54), ToMainLow_MQ(54), 
		 -> main@msgbuffer(11), 
 Return value:  Size  Location     Type
                  2   22[COMRAM] PTR void 
 Registers used:
		wreg, fsr1l, fsr1h, fsr2l, fsr2h, status,2, status,0
 Tracked objects:
		On entry : 
		On exit  : 
		Unchanged: 
 Data sizes:     COMRAM   BANK0   BANK1   BANK2   BANK3
      Params:         6       0       0       0       0
      Locals:         4       0       0       0       0
      Temps:          0       0       0       0       0
      Totals:        10       0       0       0       0
Total ram usage:       10 bytes
 Hardware stack levels used:    1
 This function calls:
		Nothing
 This function is called by:
		i2_send_msg
 This function uses a non-reentrant model


 *************** function _SleepIfOkay *****************
 Defined at:
		line 228 in file "../src/messages.c"
 Parameters:    Size  Location     Type
		None
 Auto vars:     Size  Location     Type
		None
 Return value:  Size  Location     Type
		None               void
 Registers used:
		wreg, fsr2l, fsr2h, status,2, status,0, prodl, prodh, cstack
 Tracked objects:
		On entry : 
		On exit  : 
		Unchanged: 
 Data sizes:     COMRAM   BANK0   BANK1   BANK2   BANK3
      Params:         0       0       0       0       0
      Locals:         0       0       0       0       0
      Temps:          0       0       0       0       0
      Totals:         0       0       0       0       0
Total ram usage:        0 bytes
 Hardware stack levels used:    1
 Hardware stack levels required when called:    2
 This function calls:
		_enter_sleep_mode
		i2_check_msg
		i2_in_high_int
		i2_in_low_int
 This function is called by:
		_InterruptHandlerHigh
 This function uses a non-reentrant model


 *************** function i2_in_low_int *****************
 Defined at:
		line 32 in file "../src/interrupts.c"
 Parameters:    Size  Location     Type
		None
 Auto vars:     Size  Location     Type
		None
 Return value:  Size  Location     Type
                  2   24[COMRAM] int 
 Registers used:
		wreg, status,2, status,0, cstack
 Tracked objects:
		On entry : 
		On exit  : 
		Unchanged: 
 Data sizes:     COMRAM   BANK0   BANK1   BANK2   BANK3
      Params:         2       0       0       0       0
      Locals:         0       0       0       0       0
      Temps:          0       0       0       0       0
      Totals:         2       0       0       0       0
Total ram usage:        2 bytes
 Hardware stack levels used:    1
 Hardware stack levels required when called:    1
 This function calls:
		i2_in_high_int
 This function is called by:
		_SleepIfOkay
 This function uses a non-reentrant model


 *************** function i2_in_high_int *****************
 Defined at:
		line 23 in file "../src/interrupts.c"
 Parameters:    Size  Location     Type
		None
 Auto vars:     Size  Location     Type
		None
 Return value:  Size  Location     Type
                  2   22[COMRAM] int 
 Registers used:
		wreg, status,2
 Tracked objects:
		On entry : 
		On exit  : 
		Unchanged: 
 Data sizes:     COMRAM   BANK0   BANK1   BANK2   BANK3
      Params:         2       0       0       0       0
      Locals:         0       0       0       0       0
      Temps:          0       0       0       0       0
      Totals:         2       0       0       0       0
Total ram usage:        2 bytes
 Hardware stack levels used:    1
 This function calls:
		Nothing
 This function is called by:
		_SleepIfOkay
		i2_in_low_int
 This function uses a non-reentrant model


 *************** function i2_check_msg *****************
 Defined at:
		line 222 in file "../src/messages.c"
 Parameters:    Size  Location     Type
  qptr            2   22[COMRAM] PTR struct __msg_queue
		 -> ToMainHigh_MQ(54), ToMainLow_MQ(54), 
 Auto vars:     Size  Location     Type
		None
 Return value:  Size  Location     Type
                  1    wreg      unsigned char 
 Registers used:
		wreg, fsr2l, fsr2h, status,2, status,0, prodl, prodh
 Tracked objects:
		On entry : 
		On exit  : 
		Unchanged: 
 Data sizes:     COMRAM   BANK0   BANK1   BANK2   BANK3
      Params:         2       0       0       0       0
      Locals:         0       0       0       0       0
      Temps:          1       0       0       0       0
      Totals:         3       0       0       0       0
Total ram usage:        3 bytes
 Hardware stack levels used:    1
 This function calls:
		Nothing
 This function is called by:
		_SleepIfOkay
 This function uses a non-reentrant model


 *************** function _enter_sleep_mode *****************
 Defined at:
		line 202 in file "../src/messages.c"
 Parameters:    Size  Location     Type
		None
 Auto vars:     Size  Location     Type
		None
 Return value:  Size  Location     Type
		None               void
 Registers used:
		None
 Tracked objects:
		On entry : 
		On exit  : 
		Unchanged: 
 Data sizes:     COMRAM   BANK0   BANK1   BANK2   BANK3
      Params:         0       0       0       0       0
      Locals:         0       0       0       0       0
      Temps:          0       0       0       0       0
      Totals:         0       0       0       0       0
Total ram usage:        0 bytes
 Hardware stack levels used:    1
 This function calls:
		Nothing
 This function is called by:
		_SleepIfOkay
 This function uses a non-reentrant model



MODULE INFORMATION

Module		Function		Class		Link	Load	Size
C:\Program Files\Microchip\xc8\v1.30\sources\pic18\plib\Timers\t0write.c
		_WriteTimer0   		CODE           	1CFA	0000	18

C:\Program Files\Microchip\xc8\v1.30\sources\pic18\plib\Timers\t0write.c estimated size: 18

C:\Program Files\Microchip\xc8\v1.30\sources\pic18\plib\Timers\t1write.c
		_WriteTimer1   		CODE           	1CD6	0000	18

C:\Program Files\Microchip\xc8\v1.30\sources\pic18\plib\Timers\t1write.c estimated size: 18

../src/user_interrupts.c
		_timer0_int_han		CODE           	1BB2	0000	42
		_timer1_int_han		CODE           	1B88	0000	42

../src/user_interrupts.c estimated size: 84

../src/timer0_thread.c
		_timer0_lthread		CODE           	1CA0	0000	18

../src/timer0_thread.c estimated size: 18

shared
		i2_send_msg    		CODE           	12F0	0000	170
		i2_in_high_int 		CODE           	1D1A	0000	12
		__initializatio		CODE           	1866	0000	68
		i2_in_low_int  		CODE           	1B30	0000	46
		_circumference 		SMALLCONST     	0401	0000	2
		i1_WriteTimer1 		CODE           	1CE8	0000	18
		i2_start_i2c_sl		CODE           	0F8A	0000	244
		i2_memcpy      		CODE           	1A10	0000	64
		i2_check_msg   		CODE           	1C52	0000	36

shared estimated size: 660

../src/my_i2c.c
		_start_i2c_slav		CODE           	0D78	0000	270
		_handle_start  		CODE           	1228	0000	200
		_readMessages  		CODE           	1A50	0000	60
		_i2c_configure_		CODE           	1C04	0000	40
		_init_i2c      		CODE           	179E	0000	106
		_i2c_int_handle		CODE           	0404	0000	1472

../src/my_i2c.c estimated size: 2148

../src/timer1_thread.c
		_timer1_lthread		CODE           	16BE	0000	114
		_init_timer1_lt		CODE           	1CB2	0000	18

../src/timer1_thread.c estimated size: 132

C:\Program Files\Microchip\xc8\v1.30\sources\pic18\plib\Timers\t0open.c
		_OpenTimer0    		CODE           	1B5E	0000	42

C:\Program Files\Microchip\xc8\v1.30\sources\pic18\plib\Timers\t0open.c estimated size: 42

C:\Program Files\Microchip\xc8\v1.30\sources\pic18\plib\Timers\t1open.c
		_OpenTimer1    		CODE           	1A8C	0000	56

C:\Program Files\Microchip\xc8\v1.30\sources\pic18\plib\Timers\t1open.c estimated size: 56

../src/uart_thread.c
		_uart_lthread  		CODE           	1160	0000	200

../src/uart_thread.c estimated size: 200

C:\Program Files\Microchip\xc8\v1.30\sources\pic18\d1ktcyx.c
		_Delay1KTCYx   		CODE           	1C76	0000	22

C:\Program Files\Microchip\xc8\v1.30\sources\pic18\d1ktcyx.c estimated size: 22

../src/interrupts.c
		_enable_interru		CODE           	1D26	0000	8
		_in_low_int    		CODE           	1902	0000	70
		_in_main       		CODE           	1948	0000	68
		_in_high_int   		CODE           	1CC4	0000	18
		_InterruptHandl		CODE           	0018	0000	158
		_InterruptHandl		CODE           	0008	0000	5566

../src/interrupts.c estimated size: 5888

C:\Program Files\Microchip\xc8\v1.30\sources\common\memcpy.c
		_memcpy        		CODE           	1808	0000	94

C:\Program Files\Microchip\xc8\v1.30\sources\common\memcpy.c estimated size: 94

C:\Program Files\Microchip\xc8\v1.30\sources\pic18\plib\USART\uwrite.c
		_WriteUSART    		CODE           	1C8C	0000	20

C:\Program Files\Microchip\xc8\v1.30\sources\pic18\plib\USART\uwrite.c estimated size: 20

../src/my_uart.c
		_uart_send_int_		CODE           	142C	0000	142
		_init_uart_recv		CODE           	1BDC	0000	40
		_uart_retrieve_		CODE           	107E	0000	226

../src/my_uart.c estimated size: 408

C:\Program Files\Microchip\xc8\v1.30\sources\pic18\plib\USART\uopen.c
		_OpenUSART     		CODE           	139A	0000	146

C:\Program Files\Microchip\xc8\v1.30\sources\pic18\plib\USART\uopen.c estimated size: 146

../src/messages.c
		_ToMainHigh_sen		CODE           	1C2C	0000	38
		_ToMainHigh_rec		CODE           	19CE	0000	66
		_block_on_To_ms		CODE           	15C6	0000	126
		_check_msg     		CODE           	1AFA	0000	54
		_ToMainLow_recv		CODE           	198C	0000	66
		_FromMainHigh_s		CODE           	1AC4	0000	54
		_enter_sleep_mo		CODE           	1D2E	0000	6
		_send_msg      		CODE           	0E86	0000	260
		_init_queue    		CODE           	1644	0000	122
		_init_queues   		CODE           	1730	0000	110
		_recv_msg      		CODE           	0C42	0000	310
		_SleepIfOkay   		CODE           	18B4	0000	78

../src/messages.c estimated size: 1290

C:\Program Files\Microchip\xc8\v1.30\sources\common\lwmod.c
		___lwmod       		CODE           	14BA	0000	138

C:\Program Files\Microchip\xc8\v1.30\sources\common\lwmod.c estimated size: 138

../src/main.c
		_main          		CODE           	09C4	0000	638

../src/main.c estimated size: 638

